******************************************************************************
                  TI ARM Linker PC v20.2.7                     
******************************************************************************
>> Linked Tue May  6 11:54:00 2025

OUTPUT FILE NAME:   <OBD_Module.out>
ENTRY POINT SYMBOL: "_c_int00_noargs"  address: 00004d81


MEMORY CONFIGURATION

         name            origin    length      used     unused   attr    fill
----------------------  --------  ---------  --------  --------  ----  --------
  FLASH                 00000000   00040000  000076f0  00038910  R  X
  SRAM                  20000000   00008000  00000e23  000071dd  RW X


SEGMENT ALLOCATION MAP

run origin  load origin   length   init length attrs members
----------  ----------- ---------- ----------- ----- -------
00000000    00000000    000076f0   000076f0    r-x
  00000000    00000000    0000026c   0000026c    r-- .intvecs
  0000026c    0000026c    00005018   00005018    r-x .text
  00005284    00005284    000022ec   000022ec    r-- .const
  00007570    00007570    00000180   00000180    r-- .cinit
20000000    20000000    00000e29   00000000    rw-
  20000000    20000000    0000026c   00000000    rw- .vtable
  2000026c    2000026c    000007ce   00000000    rw- .data
  20000a40    20000a40    00000200   00000000    rw- .stack
  20000c40    20000c40    000001e9   00000000    rw- .bss


SECTION ALLOCATION MAP

 output                                  attributes/
section   page    origin      length       input sections
--------  ----  ----------  ----------   ----------------
.intvecs   0    00000000    0000026c     
                  00000000    0000026c     tm4c123gh6pm_startup_ccs.obj (.intvecs)

.text      0    0000026c    00005018     
                  0000026c    000015c8     lcd_functions.obj (.text)
                  00001834    000007d2     Kentec320x240x16_ssd2119_spi.obj (.text)
                  00002006    00000002     --HOLE-- [fill = 0]
                  00002008    00000508     touch.obj (.text)
                  00002510    000004d4     uart_enable.obj (.text)
                  000029e4    00000498     main.obj (.text)
                  00002e7c    00000374     grlib.lib : image.obj (.text:InternalImageDraw)
                  000031f0    000002dc               : image.obj (.text:PixelTransparentDraw)
                  000034cc    00000252               : string.obj (.text:GrFontGlyphRender)
                  0000371e    0000017e               : pushbutton.obj (.text:RectangularButtonPaint)
                  0000389c    0000016c     driverlib.lib : gpio.obj (.text:GPIOPadConfigSet)
                  00003a08    00000130                   : can.obj (.text:CANMessageSet)
                  00003b38    00000118                   : sysctl.obj (.text:SysCtlClockGet)
                  00003c50    00000116                   : can.obj (.text:CANMessageGet)
                  00003d66    00000002     --HOLE-- [fill = 0]
                  00003d68    000000f4                   : sysctl.obj (.text:SysCtlClockSet)
                  00003e5c    000000f2     grlib.lib : pushbutton.obj (.text:RectangularButtonClick)
                  00003f4e    00000002     --HOLE-- [fill = 0]
                  00003f50    000000e8               : widget.obj (.text:WidgetMessageQueueAdd)
                  00004038    000000d8     can_driver.obj (.text)
                  00004110    000000c0     grlib.lib : string.obj (.text:GrDefaultStringRenderer)
                  000041d0    000000b4               : widget.obj (.text:WidgetMessageSendPostOrder)
                  00004284    0000009c     rtsv7M4_T_le_v4SPD16_eabi.lib : memcpy_t2.asm.obj (.text)
                  00004320    00000086     grlib.lib : rectangle.obj (.text:GrRectFill)
                  000043a6    0000007a     driverlib.lib : adc.obj (.text:ADCSequenceStepConfigure)
                  00004420    0000007a     rtsv7M4_T_le_v4SPD16_eabi.lib : memset_t2.asm.obj (.text)
                  0000449a    00000002     --HOLE-- [fill = 0]
                  0000449c    0000006c     driverlib.lib : can.obj (.text:CANBitRateSet)
                  00004508    00000068     grlib.lib : context.obj (.text:GrContextInit)
                  00004570    00000068               : string.obj (.text:GrStringWidthGet)
                  000045d8    00000068     driverlib.lib : interrupt.obj (.text:IntEnable)
                  00004640    00000068     rtsv7M4_T_le_v4SPD16_eabi.lib : copy_decompress_lzss.c.obj (.text:decompress:lzss:__TI_decompress_lzss)
                  000046a8    00000066     grlib.lib : context.obj (.text:GrContextClipRegionSet)
                  0000470e    00000066               : rectangle.obj (.text:GrRectDraw)
                  00004774    00000060     driverlib.lib : timer.obj (.text:TimerConfigure)
                  000047d4    00000060     grlib.lib : widget.obj (.text:WidgetMessageQueueProcess)
                  00004834    0000005e               : widget.obj (.text:WidgetMessageSendPreOrder)
                  00004892    00000002     --HOLE-- [fill = 0]
                  00004894    0000005c     driverlib.lib : timer.obj (.text:TimerControlTrigger)
                  000048f0    0000005c                   : can.obj (.text:_CANIntNumberGet)
                  0000494c    0000005a     grlib.lib : string.obj (.text:FontWideGlyphDataGet)
                  000049a6    0000004e     driverlib.lib : adc.obj (.text:ADCSequenceConfigure)
                  000049f4    0000004c                   : gpio.obj (.text:GPIOPinConfigure)
                  00004a40    0000004c     grlib.lib : widget.obj (.text:WidgetRemove)
                  00004a8c    0000004a               : string.obj (.text:UpdateContextCharMapping)
                  00004ad6    00000046               : line.obj (.text:GrLineDrawH)
                  00004b1c    00000046               : line.obj (.text:GrLineDrawV)
                  00004b62    00000046     driverlib.lib : uart.obj (.text:UARTConfigSetExpClk)
                  00004ba8    00000044     rtsv7M4_T_le_v4SPD16_eabi.lib : autoinit.c.obj (.text:__TI_auto_init_nobinit_nopinit:__TI_auto_init_nobinit_nopinit)
                  00004bec    00000040     driverlib.lib : can.obj (.text:CANStatusGet)
                  00004c2c    0000003c     grlib.lib : string.obj (.text:FontGlyphDataGet)
                  00004c68    0000003c     driverlib.lib : ssi.obj (.text:SSIConfigSetExpClk)
                  00004ca4    0000003a                   : can.obj (.text:CANInit)
                  00004cde    00000002     --HOLE-- [fill = 0]
                  00004ce0    00000038                   : sysctl.obj (.text:SysCtlPeripheralReady)
                  00004d18    00000034                   : interrupt.obj (.text:IntRegister)
                  00004d4c    00000034                   : sysctl.obj (.text:SysCtlPeripheralEnable)
                  00004d80    00000034     rtsv7M4_T_le_v4SPD16_eabi.lib : boot_cortex_m.c.obj (.text:_c_int00_noargs:_c_int00_noargs)
                  00004db4    0000002e     grlib.lib : string.obj (.text:GrStringNextCharGet)
                  00004de2    0000002c     driverlib.lib : gpio.obj (.text:GPIODirModeSet)
                  00004e0e    0000002c     grlib.lib : string.obj (.text:GrFontBaselineGet)
                  00004e3a    0000002c               : pushbutton.obj (.text:RectangularButtonMsgProc)
                  00004e66    0000002c               : widget.obj (.text:WidgetIsInTree)
                  00004e92    0000002a     driverlib.lib : can.obj (.text:_CANDataRegRead)
                  00004ebc    00000026     grlib.lib : string.obj (.text:GrFontInfoGet)
                  00004ee2    00000024     driverlib.lib : can.obj (.text:_CANDataRegWrite)
                  00004f06    00000022                   : can.obj (.text:CANIntClear)
                  00004f28    00000022     grlib.lib : string.obj (.text:GrFontGlyphDataGet)
                  00004f4a    00000020     driverlib.lib : can.obj (.text:CANIntStatus)
                  00004f6a    00000002     --HOLE-- [fill = 0]
                  00004f6c    00000020                   : uart.obj (.text:UARTDisable)
                  00004f8c    0000001e     grlib.lib : string.obj (.text:GrFontCodepageGet)
                  00004faa    0000001e               : widget.obj (.text:WidgetAdd)
                  00004fc8    0000001e     rtsv7M4_T_le_v4SPD16_eabi.lib : strcat.c.obj (.text:strcat)
                  00004fe6    00000002     --HOLE-- [fill = 0]
                  00004fe8    0000001c     grlib.lib : widget.obj (.text:WidgetPointerMessage)
                  00005004    0000001c     systick_enable.obj (.text)
                  00005020    0000001a     driverlib.lib : gpio.obj (.text:GPIOPinTypeGPIOOutput)
                  0000503a    00000018                   : can.obj (.text:CANIntRegister)
                  00005052    00000002     --HOLE-- [fill = 0]
                  00005054    00000018                   : gpio.obj (.text:GPIOUnlockPin)
                  0000506c    00000018     rtsv7M4_T_le_v4SPD16_eabi.lib : strcmp.c.obj (.text:strcmp)
                  00005084    00000016     driverlib.lib : gpio.obj (.text:GPIOPinTypeCAN)
                  0000509a    00000016                   : gpio.obj (.text:GPIOPinTypeSSI)
                  000050b0    00000016                   : gpio.obj (.text:GPIOPinTypeUART)
                  000050c6    00000016     grlib.lib : string.obj (.text:GrStringDraw)
                  000050dc    00000014     driverlib.lib : systick.obj (.text:SysTickEnable)
                  000050f0    00000014                   : systick.obj (.text:SysTickIntEnable)
                  00005104    00000014                   : uart.obj (.text:UARTEnable)
                  00005118    00000014     grlib.lib : widget.obj (.text:WidgetMutexGet)
                  0000512c    00000014     rtsv7M4_T_le_v4SPD16_eabi.lib : strcpy.c.obj (.text:strcpy)
                  00005140    00000012     driverlib.lib : ssi.obj (.text:SSIDataGetNonBlocking)
                  00005152    00000012                   : timer.obj (.text:TimerLoadSet)
                  00005164    00000010                   : adc.obj (.text:ADCIntEnable)
                  00005174    00000010                   : interrupt.obj (.text:IntMasterEnable)
                  00005184    00000010                   : systick.obj (.text:SysTickPeriodSet)
                  00005194    00000010     rtsv7M4_T_le_v4SPD16_eabi.lib : isalnum.c.obj (.text:isalnum)
                  000051a4    0000000e     driverlib.lib : adc.obj (.text:ADCHardwareOversampleConfigure)
                  000051b2    0000000e                   : adc.obj (.text:ADCSequenceEnable)
                  000051c0    0000000e     grlib.lib : image.obj (.text:GrImageDraw)
                  000051ce    0000000e     driverlib.lib : timer.obj (.text:TimerEnable)
                  000051dc    0000000e     rtsv7M4_T_le_v4SPD16_eabi.lib : copy_decompress_none.c.obj (.text:decompress:none:__TI_decompress_none)
                  000051ea    0000000c     driverlib.lib : cpu.obj (.text:CPUcpsie)
                  000051f6    0000000c     rtsv7M4_T_le_v4SPD16_eabi.lib : copy_zero_init.c.obj (.text:decompress:ZI:__TI_zero_init)
                  00005202    0000000c     tm4c123gh6pm_startup_ccs.obj (.text)
                  0000520e    0000000a     driverlib.lib : can.obj (.text:CANDisable)
                  00005218    0000000a                   : can.obj (.text:CANEnable)
                  00005222    0000000a                   : ssi.obj (.text:SSIDataPut)
                  0000522c    0000000a                   : ssi.obj (.text:SSIEnable)
                  00005236    0000000a                   : uart.obj (.text:UARTCharPut)
                  00005240    00000008                   : can.obj (.text:CANIntEnable)
                  00005248    00000008     grlib.lib : charmap.obj (.text:GrMapISO8859_1_Unicode)
                  00005250    00000008     driverlib.lib : ssi.obj (.text:SSIBusy)
                  00005258    00000008                   : uart.obj (.text:UARTIntEnable)
                  00005260    00000006                   : gpio.obj (.text:GPIOPinWrite)
                  00005266    00000006     grlib.lib : string.obj (.text:GrContextFontSet)
                  0000526c    00000006     driverlib.lib : sysctl.obj (.text:SysCtlDelay)
                  00005272    00000006     grlib.lib : widget.obj (.text:WidgetMutexPut)
                  00005278    00000004               : widget.obj (.text:WidgetDefaultMsgProc)
                  0000527c    00000004     rtsv7M4_T_le_v4SPD16_eabi.lib : pre_init.c.obj (.text:_system_pre_init)
                  00005280    00000004                                   : exit.c.obj (.text:abort:abort)

.const     0    00005284    000022ec     
                  00005284    00000b19     grlib.lib : fontcm24b.obj (.const:.string:g_pui8Cm24bData)
                  00005d9d    00000833               : fontcm18b.obj (.const:.string:g_pui8Cm18bData)
                  000065d0    00000755               : fontcm16b.obj (.const:.string:g_pui8Cm16bData)
                  00006d25    0000019d     lcd_functions.obj (.const:.string:HomeIcon)
                  00006ec2    00000101     rtsv7M4_T_le_v4SPD16_eabi.lib : ctype.c.obj (.const:.string:_ctypes_)
                  00006fc3    00000001     --HOLE-- [fill = 0]
                  00006fc4    000000ee     lcd_functions.obj (.const:.string)
                  000070b2    00000002     --HOLE-- [fill = 0]
                  000070b4    000000c8     grlib.lib : fontcm16b.obj (.const:g_sFontCm16b)
                  0000717c    000000c8               : fontcm18b.obj (.const:g_sFontCm18b)
                  00007244    000000c8               : fontcm24b.obj (.const:g_sFontCm24b)
                  0000730c    00000090     driverlib.lib : gpio.obj (.const:g_pui32GPIOBaseAddrs)
                  0000739c    0000006c                   : sysctl.obj (.const:g_pui32Xtals)
                  00007408    00000028     Kentec320x240x16_ssd2119_spi.obj (.const:g_sKentec320x240x16_SSD2119)
                  00007430    00000020     driverlib.lib : can.obj (.const:g_ui16CANBitValues)
                  00007450    0000001c     touch.obj (.const:g_pi32TouchParameters)
                  0000746c    00000014     driverlib.lib : interrupt.obj (.const:g_pui32EnRegs)
                  00007480    00000010     grlib.lib : context.obj (.const:g_psDefaultCodePointMapTable)
                  00007490    00000008     lcd_functions.obj (.const:$P$T1$1)
                  00007498    00000008     lcd_functions.obj (.const:$P$T11$3)
                  000074a0    00000008     lcd_functions.obj (.const:$P$T12$4)
                  000074a8    00000008     lcd_functions.obj (.const:$P$T13$5)
                  000074b0    00000008     lcd_functions.obj (.const:$P$T14$6)
                  000074b8    00000008     lcd_functions.obj (.const:$P$T15$7)
                  000074c0    00000008     lcd_functions.obj (.const:$P$T16$8)
                  000074c8    00000008     lcd_functions.obj (.const:$P$T17$9)
                  000074d0    00000008     lcd_functions.obj (.const:$P$T21$10)
                  000074d8    00000008     lcd_functions.obj (.const:$P$T22$11)
                  000074e0    00000008     lcd_functions.obj (.const:$P$T23$12)
                  000074e8    00000008     lcd_functions.obj (.const:$P$T25$13)
                  000074f0    00000008     lcd_functions.obj (.const:$P$T28$14)
                  000074f8    00000008     lcd_functions.obj (.const:$P$T29$15)
                  00007500    00000008     lcd_functions.obj (.const:$P$T3$2)
                  00007508    00000008     lcd_functions.obj (.const:$P$T32$16)
                  00007510    00000008     lcd_functions.obj (.const:$P$T33$17)
                  00007518    00000008     lcd_functions.obj (.const:$P$T36$18)
                  00007520    00000008     lcd_functions.obj (.const:$P$T37$19)
                  00007528    00000008     lcd_functions.obj (.const:$P$T40$20)
                  00007530    00000008     lcd_functions.obj (.const:$P$T41$21)
                  00007538    00000008     lcd_functions.obj (.const:$P$T44$22)
                  00007540    00000008     lcd_functions.obj (.const:$P$T45$23)
                  00007548    00000008     lcd_functions.obj (.const:$P$T47$24)
                  00007550    00000008     lcd_functions.obj (.const:$P$T49$25)
                  00007558    00000008     lcd_functions.obj (.const:$P$T53$26)
                  00007560    00000008     lcd_functions.obj (.const:$P$T54$27)
                  00007568    00000008     lcd_functions.obj (.const:$P$T55$28)

.cinit     0    00007570    00000180     
                  00007570    00000148     (.cinit..data.load) [load image, compression = lzss]
                  000076b8    0000000c     (__TI_handler_table)
                  000076c4    00000004     --HOLE-- [fill = 0]
                  000076c8    00000008     (.cinit..bss.load) [load image, compression = zero_init]
                  000076d0    00000008     (.cinit..vtable.load) [load image, compression = zero_init]
                  000076d8    00000018     (__TI_cinit_table)

.init_array 
*          0    00000000    00000000     UNINITIALIZED

.vtable    0    20000000    0000026c     UNINITIALIZED
                  20000000    0000026c     driverlib.lib : interrupt.obj (.vtable)

.data      0    2000026c    000007ce     UNINITIALIZED
                  2000026c    00000050     lcd_functions.obj (.data:BackButton)
                  200002bc    00000050     lcd_functions.obj (.data:CheckDTCButton)
                  2000030c    00000050     lcd_functions.obj (.data:ClearDTCButton)
                  2000035c    00000050     lcd_functions.obj (.data:EngineRPMButton)
                  200003ac    00000050     lcd_functions.obj (.data:EngineRPMCMButton)
                  200003fc    00000050     lcd_functions.obj (.data:FuelPressureButton)
                  2000044c    00000050     lcd_functions.obj (.data:FuelPressureCMButton)
                  2000049c    00000050     lcd_functions.obj (.data:HomeButton)
                  200004ec    00000050     lcd_functions.obj (.data:HomeCheckDTCButton)
                  2000053c    00000050     lcd_functions.obj (.data:HomeClearDTCButton)
                  2000058c    00000050     lcd_functions.obj (.data:HomeEngineRPMButton)
                  200005dc    00000050     lcd_functions.obj (.data:HomeFuelPressureButton)
                  2000062c    00000050     lcd_functions.obj (.data:HomeMAFButton)
                  2000067c    00000050     lcd_functions.obj (.data:HomeThrottleButton)
                  200006cc    00000050     lcd_functions.obj (.data:HomeVehicleSpeedButton)
                  2000071c    00000050     lcd_functions.obj (.data:MAFButton)
                  2000076c    00000050     lcd_functions.obj (.data:MAFCMButton)
                  200007bc    00000050     lcd_functions.obj (.data:MoreButton)
                  2000080c    00000050     lcd_functions.obj (.data:NextButton)
                  2000085c    00000050     lcd_functions.obj (.data:PrevButton)
                  200008ac    00000050     lcd_functions.obj (.data:ThrottlePositionButton)
                  200008fc    00000050     lcd_functions.obj (.data:ThrottlePositionCMButton)
                  2000094c    00000050     lcd_functions.obj (.data:VehicleSpeedButton)
                  2000099c    00000050     lcd_functions.obj (.data:VehicleSpeedCMButton)
                  200009ec    00000020     grlib.lib : widget.obj (.data:g_sRoot)
                  20000a0c    0000000d               : widget.obj (.data)
                  20000a19    00000003     --HOLE--
                  20000a1c    0000000c     uart_enable.obj (.data)
                  20000a28    00000009     main.obj (.data)
                  20000a31    00000005     lcd_functions.obj (.data)
                  20000a36    00000004     touch.obj (.data)

.bss       0    20000c40    000001e9     UNINITIALIZED
                  20000c40    00000140     grlib.lib : widget.obj (.bss:g_psMQ)
                  20000d80    0000002c     (.common:sContext)
                  20000dac    00000020               : image.obj (.bss:g_pui8Dictionary)
                  20000dcc    00000014     (.common:rxMessage)
                  20000de0    00000014     (.common:txMessage)
                  20000df4    00000010     touch.obj (.bss:g_pi16Samples)
                  20000e04    00000008     touch.obj (.bss)
                  20000e0c    00000008     (.common:rxData)
                  20000e14    00000008     (.common:txData)
                  20000e1c    00000004     grlib.lib : context.obj (.bss)
                  20000e20    00000004     (.common:g_pi32ParmSet)
                  20000e24    00000002     (.common:g_i16TouchX)
                  20000e26    00000002     (.common:g_i16TouchY)
                  20000e28    00000001     (.common:DISPLAY_STATE)

.stack     0    20000a40    00000200     UNINITIALIZED
                  20000a40    00000004     rtsv7M4_T_le_v4SPD16_eabi.lib : boot_cortex_m.c.obj (.stack)
                  20000a44    000001fc     --HOLE--

__llvm_prf_cnts 
*          0    20000000    00000000     UNINITIALIZED

MODULE SUMMARY

       Module                             code    ro data   rw data
       ------                             ----    -------   -------
    .\
       lcd_functions.obj                  5576    875       1970   
       Kentec320x240x16_ssd2119_spi.obj   2002    40        0      
       touch.obj                          1288    28        36     
       uart_enable.obj                    1236    0         12     
       main.obj                           1176    0         45     
       tm4c123gh6pm_startup_ccs.obj       12      620       0      
       can_driver.obj                     216     0         20     
       systick_enable.obj                 28      0         0      
    +--+----------------------------------+-------+---------+---------+
       Total:                             11534   1563      2083   
                                                                   
    C:/ti/TivaWare_C_Series-2.2.0.295/driverlib/ccs/Debug/driverlib.lib
       can.obj                            1100    32        0      
       interrupt.obj                      172     20        620    
       gpio.obj                           606     144       0      
       sysctl.obj                         638     108       0      
       adc.obj                            244     0         0      
       timer.obj                          220     0         0      
       uart.obj                           140     0         0      
       ssi.obj                            106     0         0      
       systick.obj                        56      0         0      
       cpu.obj                            12      0         0      
    +--+----------------------------------+-------+---------+---------+
       Total:                             3294    304       620    
                                                                   
    C:/ti/TivaWare_C_Series-2.2.0.295/grlib/ccs/Debug/grlib.lib
       fontcm24b.obj                      0       3041      0      
       fontcm18b.obj                      0       2299      0      
       fontcm16b.obj                      0       2077      0      
       image.obj                          1630    0         32     
       string.obj                         1334    0         0      
       widget.obj                         810     0         365    
       pushbutton.obj                     668     0         0      
       rectangle.obj                      236     0         0      
       context.obj                        206     16        4      
       line.obj                           140     0         0      
       charmap.obj                        8       0         0      
    +--+----------------------------------+-------+---------+---------+
       Total:                             5032    7433      401    
                                                                   
    C:\ti\ccs1220\ccs\tools\compiler\ti-cgt-arm_20.2.7.LTS\lib\rtsv7M4_T_le_v4SPD16_eabi.lib
       ctype.c.obj                        0       257       0      
       memcpy_t2.asm.obj                  156     0         0      
       memset_t2.asm.obj                  122     0         0      
       copy_decompress_lzss.c.obj         104     0         0      
       autoinit.c.obj                     68      0         0      
       boot_cortex_m.c.obj                52      0         0      
       strcat.c.obj                       30      0         0      
       strcmp.c.obj                       24      0         0      
       strcpy.c.obj                       20      0         0      
       isalnum.c.obj                      16      0         0      
       copy_decompress_none.c.obj         14      0         0      
       copy_zero_init.c.obj               12      0         0      
       exit.c.obj                         4       0         0      
       pre_init.c.obj                     4       0         0      
    +--+----------------------------------+-------+---------+---------+
       Total:                             626     257       0      
                                                                   
       Stack:                             0       0         512    
       Linker Generated:                  0       380       0      
    +--+----------------------------------+-------+---------+---------+
       Grand Total:                       20486   9937      3616   


LINKER GENERATED COPY TABLES

__TI_cinit_table @ 000076d8 records: 3, size/record: 8, table size: 24
	.data: load addr=00007570, load size=00000148 bytes, run addr=2000026c, run size=000007ce bytes, compression=lzss
	.bss: load addr=000076c8, load size=00000008 bytes, run addr=20000c40, run size=000001e9 bytes, compression=zero_init
	.vtable: load addr=000076d0, load size=00000008 bytes, run addr=20000000, run size=0000026c bytes, compression=zero_init


LINKER GENERATED HANDLER TABLE

__TI_handler_table @ 000076b8 records: 3, size/record: 4, table size: 12
	index: 0, handler: __TI_zero_init
	index: 1, handler: __TI_decompress_lzss
	index: 2, handler: __TI_decompress_none


GLOBAL SYMBOLS: SORTED ALPHABETICALLY BY Name 

address   name                          
-------   ----                          
000051a5  ADCHardwareOversampleConfigure
00005165  ADCIntEnable                  
000049a7  ADCSequenceConfigure          
000051b3  ADCSequenceEnable             
000043a7  ADCSequenceStepConfigure      
00000e4f  AddCheckDTCButton             
00000ee9  AddClearDTCButton             
00000989  AddEngineRPMButtons           
00000b65  AddFuelPressureButtons        
00000931  AddHomeWidgets                
00000c69  AddMAFButtons                 
00000f79  AddSurroundButtons            
00000d6d  AddThrottlePosButtons         
00000a7d  AddVehicleSpeedButtons        
2000026c  BackButton                    
00005281  C$$EXIT                       
00002b1d  CAN0_Handler                  
0000449d  CANBitRateSet                 
0000520f  CANDisable                    
00005219  CANEnable                     
00004ca5  CANInit                       
00004f07  CANIntClear                   
00005241  CANIntEnable                  
0000503b  CANIntRegister                
00004f4b  CANIntStatus                  
00003c51  CANMessageGet                 
00003a09  CANMessageSet                 
00004bed  CANStatusGet                  
00004039  CAN_Config                    
00002a29  CAN_Request                   
20000a28  CMTicks                       
000051eb  CPUcpsie                      
200002bc  CheckDTCButton                
2000030c  ClearDTCButton                
00000583  ClrDTC                        
00000539  ClrData                       
20000e28  DISPLAY_STATE                 
0000077f  DisplayBackPage               
000005d1  Display_HomePage              
2000035c  EngineRPMButton               
200003ac  EngineRPMCMButton             
200003fc  FuelPressureButton            
2000044c  FuelPressureCMButton          
00004de3  GPIODirModeSet                
0000389d  GPIOPadConfigSet              
000049f5  GPIOPinConfigure              
00005085  GPIOPinTypeCAN                
00005021  GPIOPinTypeGPIOOutput         
0000509b  GPIOPinTypeSSI                
000050b1  GPIOPinTypeUART               
00005261  GPIOPinWrite                  
00005055  GPIOUnlockPin                 
000046a9  GrContextClipRegionSet        
00005267  GrContextFontSet              
00004509  GrContextInit                 
00004111  GrDefaultStringRenderer       
00004e0f  GrFontBaselineGet             
00004f8d  GrFontCodepageGet             
00004f29  GrFontGlyphDataGet            
000034cd  GrFontGlyphRender             
00004ebd  GrFontInfoGet                 
000051c1  GrImageDraw                   
00004ad7  GrLineDrawH                   
00004b1d  GrLineDrawV                   
00005249  GrMapISO8859_1_Unicode        
0000470f  GrRectDraw                    
00004321  GrRectFill                    
000050c7  GrStringDraw                  
00004db5  GrStringNextCharGet           
00004571  GrStringWidthGet              
2000049c  HomeButton                    
200004ec  HomeCheckDTCButton            
00001663  HomeCheckDTCButtonHandler     
2000053c  HomeClearDTCButton            
00001681  HomeClearDTCButtonHandler     
2000058c  HomeEngineRPMButton           
00001699  HomeEngineRPMButtonHandler    
200005dc  HomeFuelPressureButton        
000016d5  HomeFuelPressureButtonHandler 
000015c5  HomeHandler                   
00006d25  HomeIcon                      
2000062c  HomeMAFButton                 
000016f3  HomeMAFButtonHandler          
2000067c  HomeThrottleButton            
00001719  HomeThrottleButtonHandler     
200006cc  HomeVehicleSpeedButton        
000016b7  HomeVehicleSpeedButtonHandler 
000045d9  IntEnable                     
00005175  IntMasterEnable               
00004d19  IntRegister                   
000019b1  Kentec320x240x16_SSD2119Init  
0000026d  LCD_Init                      
000004ab  LCD_WriteClearDTCs            
00000415  LCD_WriteDTCs                 
00000291  LCD_WriteData                 
0000038f  LCD_WriteNoDTC                
2000071c  MAFButton                     
2000076c  MAFCMButton                   
200007bc  MoreButton                    
2000080c  NextButton                    
00002bcd  OBD_Parser                    
2000085c  PrevButton                    
00002d65  ProcessDTC                    
00004e3b  RectangularButtonMsgProc      
000007c5  RemoveBackPage                
00000e89  RemoveCheckDTCButton          
00000f11  RemoveClearDTCButton          
000009e9  RemoveEngineRPMButtons        
00000bc5  RemoveFuelPressureButtons     
000005ed  RemoveHomePage                
00000cc5  RemoveMAFButtons              
00000fbd  RemoveSurroundButtons         
00000dc5  RemoveThrottlePosButtons      
00000acd  RemoveVehicleSpeedButtons     
00005203  ResetISR                      
00005251  SSIBusy                       
00004c69  SSIConfigSetExpClk            
00005141  SSIDataGetNonBlocking         
00005223  SSIDataPut                    
0000522d  SSIEnable                     
0000087d  SetBackground                 
000008bd  SetTitle                      
00003b39  SysCtlClockGet                
00003d69  SysCtlClockSet                
0000526d  SysCtlDelay                   
00004d4d  SysCtlPeripheralEnable        
00004ce1  SysCtlPeripheralReady         
000050dd  SysTickEnable                 
000050f1  SysTickIntEnable              
00005185  SysTickPeriodSet              
00002ac7  SysTick_Handler               
00005005  SysTick_Init                  
0000500f  Systick_Interrupt_Enable      
200008ac  ThrottlePositionButton        
200008fc  ThrottlePositionCMButton      
00004775  TimerConfigure                
00004895  TimerControlTrigger           
000051cf  TimerEnable                   
00005153  TimerLoadSet                  
0000249d  TouchScreenCallbackSet        
000023b9  TouchScreenInit               
00002255  TouchScreenIntHandler         
0000254b  UART0_Int_Enable              
00002511  UART0_init                    
00005237  UARTCharPut                   
00002913  UARTCharSend                  
00004b63  UARTConfigSetExpClk           
00004f6d  UARTDisable                   
00005105  UARTEnable                    
00005259  UARTIntEnable                 
000028f5  UARTSend                      
0000292d  UARTSendHex                   
2000094c  VehicleSpeedButton            
2000099c  VehicleSpeedCMButton          
00004fab  WidgetAdd                     
00005279  WidgetDefaultMsgProc          
00003f51  WidgetMessageQueueAdd         
000047d5  WidgetMessageQueueProcess     
000041d1  WidgetMessageSendPostOrder    
00004835  WidgetMessageSendPreOrder     
00005119  WidgetMutexGet                
00005273  WidgetMutexPut                
00004fe9  WidgetPointerMessage          
00004a41  WidgetRemove                  
20000c40  __STACK_END                   
00000200  __STACK_SIZE                  
20000c40  __STACK_TOP                   
000076d8  __TI_CINIT_Base               
000076f0  __TI_CINIT_Limit              
000076b8  __TI_Handler_Table_Base       
000076c4  __TI_Handler_Table_Limit      
00004ba9  __TI_auto_init_nobinit_nopinit
00004641  __TI_decompress_lzss          
000051dd  __TI_decompress_none          
ffffffff  __TI_pprof_out_hndl           
ffffffff  __TI_prof_data_size           
ffffffff  __TI_prof_data_start          
00000000  __TI_static_base__            
000051f7  __TI_zero_init                
00004421  __aeabi_memclr                
00004421  __aeabi_memclr4               
00004421  __aeabi_memclr8               
00004285  __aeabi_memcpy                
00004285  __aeabi_memcpy4               
00004285  __aeabi_memcpy8               
00004423  __aeabi_memset                
00004423  __aeabi_memset4               
00004423  __aeabi_memset8               
ffffffff  __binit__                     
ffffffff  __c_args__                    
UNDEFED   __mpu_init                    
20000a40  __stack                       
20000000  __start___llvm_prf_cnts       
20000000  __stop___llvm_prf_cnts        
00004d81  _c_int00_noargs               
00006ec2  _ctypes_                      
UNDEFED   _system_post_cinit            
0000527d  _system_pre_init              
00005281  abort                         
00001655  backButtonHandler             
ffffffff  binit                         
000013bd  checkDTCHandler               
000013d5  clearDTCHandler               
20000a31  engineRPMCMActive             
000025bd  extract_blinkrate_info        
20000a33  fuelPressureCMActive          
20000a36  g_i16TouchMin                 
20000e24  g_i16TouchX                   
20000e26  g_i16TouchY                   
20000000  g_pfnRAMVectors               
00000000  g_pfnVectors                  
20000e20  g_pi32ParmSet                 
00007450  g_pi32TouchParameters         
00007480  g_psDefaultCodePointMapTable  
000070b4  g_sFontCm16b                  
0000717c  g_sFontCm18b                  
00007244  g_sFontCm24b                  
00007408  g_sKentec320x240x16_SSD2119   
200009ec  g_sRoot                       
000010e5  getCMOBDDataMode1             
00001099  getOBDDataMode1               
20000a30  gotOBD                        
00005195  isalnum                       
00001745  itoa                          
20000a34  mafCMActive                   
000029e5  main                          
00004285  memcpy                        
00004429  memset                        
00001737  moreButtonHandler             
000014e1  nextButtonHandler             
00002863  perform_action                
000013f5  prevButtonHandler             
20000a2c  prevCMTicks                   
0000255d  removeNonAlphanumeric         
20000e0c  rxData                        
20000dcc  rxMessage                     
20000d80  sContext                      
00004fc9  strcat                        
0000506d  strcmp                        
0000512d  strcpy                        
20000a35  throttleCMActive              
20000e14  txData                        
20000de0  txMessage                     
000026b9  upd_buffer                    
20000a32  vehicleSpeedCMActive          


GLOBAL SYMBOLS: SORTED BY Symbol Address 

address   name                          
-------   ----                          
00000000  __TI_static_base__            
00000000  g_pfnVectors                  
00000200  __STACK_SIZE                  
0000026d  LCD_Init                      
00000291  LCD_WriteData                 
0000038f  LCD_WriteNoDTC                
00000415  LCD_WriteDTCs                 
000004ab  LCD_WriteClearDTCs            
00000539  ClrData                       
00000583  ClrDTC                        
000005d1  Display_HomePage              
000005ed  RemoveHomePage                
0000077f  DisplayBackPage               
000007c5  RemoveBackPage                
0000087d  SetBackground                 
000008bd  SetTitle                      
00000931  AddHomeWidgets                
00000989  AddEngineRPMButtons           
000009e9  RemoveEngineRPMButtons        
00000a7d  AddVehicleSpeedButtons        
00000acd  RemoveVehicleSpeedButtons     
00000b65  AddFuelPressureButtons        
00000bc5  RemoveFuelPressureButtons     
00000c69  AddMAFButtons                 
00000cc5  RemoveMAFButtons              
00000d6d  AddThrottlePosButtons         
00000dc5  RemoveThrottlePosButtons      
00000e4f  AddCheckDTCButton             
00000e89  RemoveCheckDTCButton          
00000ee9  AddClearDTCButton             
00000f11  RemoveClearDTCButton          
00000f79  AddSurroundButtons            
00000fbd  RemoveSurroundButtons         
00001099  getOBDDataMode1               
000010e5  getCMOBDDataMode1             
000013bd  checkDTCHandler               
000013d5  clearDTCHandler               
000013f5  prevButtonHandler             
000014e1  nextButtonHandler             
000015c5  HomeHandler                   
00001655  backButtonHandler             
00001663  HomeCheckDTCButtonHandler     
00001681  HomeClearDTCButtonHandler     
00001699  HomeEngineRPMButtonHandler    
000016b7  HomeVehicleSpeedButtonHandler 
000016d5  HomeFuelPressureButtonHandler 
000016f3  HomeMAFButtonHandler          
00001719  HomeThrottleButtonHandler     
00001737  moreButtonHandler             
00001745  itoa                          
000019b1  Kentec320x240x16_SSD2119Init  
00002255  TouchScreenIntHandler         
000023b9  TouchScreenInit               
0000249d  TouchScreenCallbackSet        
00002511  UART0_init                    
0000254b  UART0_Int_Enable              
0000255d  removeNonAlphanumeric         
000025bd  extract_blinkrate_info        
000026b9  upd_buffer                    
00002863  perform_action                
000028f5  UARTSend                      
00002913  UARTCharSend                  
0000292d  UARTSendHex                   
000029e5  main                          
00002a29  CAN_Request                   
00002ac7  SysTick_Handler               
00002b1d  CAN0_Handler                  
00002bcd  OBD_Parser                    
00002d65  ProcessDTC                    
000034cd  GrFontGlyphRender             
0000389d  GPIOPadConfigSet              
00003a09  CANMessageSet                 
00003b39  SysCtlClockGet                
00003c51  CANMessageGet                 
00003d69  SysCtlClockSet                
00003f51  WidgetMessageQueueAdd         
00004039  CAN_Config                    
00004111  GrDefaultStringRenderer       
000041d1  WidgetMessageSendPostOrder    
00004285  __aeabi_memcpy                
00004285  __aeabi_memcpy4               
00004285  __aeabi_memcpy8               
00004285  memcpy                        
00004321  GrRectFill                    
000043a7  ADCSequenceStepConfigure      
00004421  __aeabi_memclr                
00004421  __aeabi_memclr4               
00004421  __aeabi_memclr8               
00004423  __aeabi_memset                
00004423  __aeabi_memset4               
00004423  __aeabi_memset8               
00004429  memset                        
0000449d  CANBitRateSet                 
00004509  GrContextInit                 
00004571  GrStringWidthGet              
000045d9  IntEnable                     
00004641  __TI_decompress_lzss          
000046a9  GrContextClipRegionSet        
0000470f  GrRectDraw                    
00004775  TimerConfigure                
000047d5  WidgetMessageQueueProcess     
00004835  WidgetMessageSendPreOrder     
00004895  TimerControlTrigger           
000049a7  ADCSequenceConfigure          
000049f5  GPIOPinConfigure              
00004a41  WidgetRemove                  
00004ad7  GrLineDrawH                   
00004b1d  GrLineDrawV                   
00004b63  UARTConfigSetExpClk           
00004ba9  __TI_auto_init_nobinit_nopinit
00004bed  CANStatusGet                  
00004c69  SSIConfigSetExpClk            
00004ca5  CANInit                       
00004ce1  SysCtlPeripheralReady         
00004d19  IntRegister                   
00004d4d  SysCtlPeripheralEnable        
00004d81  _c_int00_noargs               
00004db5  GrStringNextCharGet           
00004de3  GPIODirModeSet                
00004e0f  GrFontBaselineGet             
00004e3b  RectangularButtonMsgProc      
00004ebd  GrFontInfoGet                 
00004f07  CANIntClear                   
00004f29  GrFontGlyphDataGet            
00004f4b  CANIntStatus                  
00004f6d  UARTDisable                   
00004f8d  GrFontCodepageGet             
00004fab  WidgetAdd                     
00004fc9  strcat                        
00004fe9  WidgetPointerMessage          
00005005  SysTick_Init                  
0000500f  Systick_Interrupt_Enable      
00005021  GPIOPinTypeGPIOOutput         
0000503b  CANIntRegister                
00005055  GPIOUnlockPin                 
0000506d  strcmp                        
00005085  GPIOPinTypeCAN                
0000509b  GPIOPinTypeSSI                
000050b1  GPIOPinTypeUART               
000050c7  GrStringDraw                  
000050dd  SysTickEnable                 
000050f1  SysTickIntEnable              
00005105  UARTEnable                    
00005119  WidgetMutexGet                
0000512d  strcpy                        
00005141  SSIDataGetNonBlocking         
00005153  TimerLoadSet                  
00005165  ADCIntEnable                  
00005175  IntMasterEnable               
00005185  SysTickPeriodSet              
00005195  isalnum                       
000051a5  ADCHardwareOversampleConfigure
000051b3  ADCSequenceEnable             
000051c1  GrImageDraw                   
000051cf  TimerEnable                   
000051dd  __TI_decompress_none          
000051eb  CPUcpsie                      
000051f7  __TI_zero_init                
00005203  ResetISR                      
0000520f  CANDisable                    
00005219  CANEnable                     
00005223  SSIDataPut                    
0000522d  SSIEnable                     
00005237  UARTCharPut                   
00005241  CANIntEnable                  
00005249  GrMapISO8859_1_Unicode        
00005251  SSIBusy                       
00005259  UARTIntEnable                 
00005261  GPIOPinWrite                  
00005267  GrContextFontSet              
0000526d  SysCtlDelay                   
00005273  WidgetMutexPut                
00005279  WidgetDefaultMsgProc          
0000527d  _system_pre_init              
00005281  C$$EXIT                       
00005281  abort                         
00006d25  HomeIcon                      
00006ec2  _ctypes_                      
000070b4  g_sFontCm16b                  
0000717c  g_sFontCm18b                  
00007244  g_sFontCm24b                  
00007408  g_sKentec320x240x16_SSD2119   
00007450  g_pi32TouchParameters         
00007480  g_psDefaultCodePointMapTable  
000076b8  __TI_Handler_Table_Base       
000076c4  __TI_Handler_Table_Limit      
000076d8  __TI_CINIT_Base               
000076f0  __TI_CINIT_Limit              
20000000  __start___llvm_prf_cnts       
20000000  __stop___llvm_prf_cnts        
20000000  g_pfnRAMVectors               
2000026c  BackButton                    
200002bc  CheckDTCButton                
2000030c  ClearDTCButton                
2000035c  EngineRPMButton               
200003ac  EngineRPMCMButton             
200003fc  FuelPressureButton            
2000044c  FuelPressureCMButton          
2000049c  HomeButton                    
200004ec  HomeCheckDTCButton            
2000053c  HomeClearDTCButton            
2000058c  HomeEngineRPMButton           
200005dc  HomeFuelPressureButton        
2000062c  HomeMAFButton                 
2000067c  HomeThrottleButton            
200006cc  HomeVehicleSpeedButton        
2000071c  MAFButton                     
2000076c  MAFCMButton                   
200007bc  MoreButton                    
2000080c  NextButton                    
2000085c  PrevButton                    
200008ac  ThrottlePositionButton        
200008fc  ThrottlePositionCMButton      
2000094c  VehicleSpeedButton            
2000099c  VehicleSpeedCMButton          
200009ec  g_sRoot                       
20000a28  CMTicks                       
20000a2c  prevCMTicks                   
20000a30  gotOBD                        
20000a31  engineRPMCMActive             
20000a32  vehicleSpeedCMActive          
20000a33  fuelPressureCMActive          
20000a34  mafCMActive                   
20000a35  throttleCMActive              
20000a36  g_i16TouchMin                 
20000a40  __stack                       
20000c40  __STACK_END                   
20000c40  __STACK_TOP                   
20000d80  sContext                      
20000dcc  rxMessage                     
20000de0  txMessage                     
20000e0c  rxData                        
20000e14  txData                        
20000e20  g_pi32ParmSet                 
20000e24  g_i16TouchX                   
20000e26  g_i16TouchY                   
20000e28  DISPLAY_STATE                 
ffffffff  __TI_pprof_out_hndl           
ffffffff  __TI_prof_data_size           
ffffffff  __TI_prof_data_start          
ffffffff  __binit__                     
ffffffff  __c_args__                    
ffffffff  binit                         
UNDEFED   __mpu_init                    
UNDEFED   _system_post_cinit            

[245 symbols]
