<?xml version="1.0" encoding="ISO-8859-1" ?>
<link_info>
   <banner>TI ARM Linker PC v20.2.7.LTS</banner>
   <copyright>Copyright (c) 1996-2018 Texas Instruments Incorporated</copyright>
   <link_time>0x68009bd1</link_time>
   <link_errors>0x0</link_errors>
   <output_file>Lab_6_CAN.out</output_file>
   <entry_point>
      <name>_c_int00_noargs</name>
      <address>0x35b5</address>
   </entry_point>
   <input_file_list>
      <input_file id="fl-2">
         <path>.\</path>
         <kind>object</kind>
         <file>GPIO.obj</file>
         <name>GPIO.obj</name>
      </input_file>
      <input_file id="fl-3">
         <path>.\</path>
         <kind>object</kind>
         <file>UART.obj</file>
         <name>UART.obj</name>
      </input_file>
      <input_file id="fl-4">
         <path>.\</path>
         <kind>object</kind>
         <file>main.obj</file>
         <name>main.obj</name>
      </input_file>
      <input_file id="fl-5">
         <path>.\</path>
         <kind>object</kind>
         <file>tm4c123gh6pm_startup_ccs.obj</file>
         <name>tm4c123gh6pm_startup_ccs.obj</name>
      </input_file>
      <input_file id="fl-a">
         <kind>object</kind>
         <file>&lt;internal&gt;</file>
         <name>&lt;internal&gt;</name>
      </input_file>
      <input_file id="fl-c0">
         <path>C:\ti\ccs1240\ccs\tools\compiler\ti-cgt-arm_20.2.7.LTS\lib\</path>
         <kind>archive</kind>
         <file>rtsv7M4_T_le_v4SPD16_eabi.lib</file>
         <name>vsnprintf.c.obj</name>
      </input_file>
      <input_file id="fl-c1">
         <path>C:\ti\ccs1240\ccs\tools\compiler\ti-cgt-arm_20.2.7.LTS\lib\</path>
         <kind>archive</kind>
         <file>rtsv7M4_T_le_v4SPD16_eabi.lib</file>
         <name>memcpy_t2.asm.obj</name>
      </input_file>
      <input_file id="fl-c2">
         <path>C:\ti\ccs1240\ccs\tools\compiler\ti-cgt-arm_20.2.7.LTS\lib\</path>
         <kind>archive</kind>
         <file>rtsv7M4_T_le_v4SPD16_eabi.lib</file>
         <name>memset_t2.asm.obj</name>
      </input_file>
      <input_file id="fl-c3">
         <path>C:\ti\ccs1240\ccs\tools\compiler\ti-cgt-arm_20.2.7.LTS\lib\</path>
         <kind>archive</kind>
         <file>rtsv7M4_T_le_v4SPD16_eabi.lib</file>
         <name>copy_zero_init.c.obj</name>
      </input_file>
      <input_file id="fl-c4">
         <path>C:\ti\ccs1240\ccs\tools\compiler\ti-cgt-arm_20.2.7.LTS\lib\</path>
         <kind>archive</kind>
         <file>rtsv7M4_T_le_v4SPD16_eabi.lib</file>
         <name>copy_decompress_none.c.obj</name>
      </input_file>
      <input_file id="fl-c5">
         <path>C:\ti\ccs1240\ccs\tools\compiler\ti-cgt-arm_20.2.7.LTS\lib\</path>
         <kind>archive</kind>
         <file>rtsv7M4_T_le_v4SPD16_eabi.lib</file>
         <name>copy_decompress_lzss.c.obj</name>
      </input_file>
      <input_file id="fl-c6">
         <path>C:\ti\ccs1240\ccs\tools\compiler\ti-cgt-arm_20.2.7.LTS\lib\</path>
         <kind>archive</kind>
         <file>rtsv7M4_T_le_v4SPD16_eabi.lib</file>
         <name>atoi.c.obj</name>
      </input_file>
      <input_file id="fl-c7">
         <path>C:\ti\ccs1240\ccs\tools\compiler\ti-cgt-arm_20.2.7.LTS\lib\</path>
         <kind>archive</kind>
         <file>rtsv7M4_T_le_v4SPD16_eabi.lib</file>
         <name>ctype.c.obj</name>
      </input_file>
      <input_file id="fl-c8">
         <path>C:\ti\ccs1240\ccs\tools\compiler\ti-cgt-arm_20.2.7.LTS\lib\</path>
         <kind>archive</kind>
         <file>rtsv7M4_T_le_v4SPD16_eabi.lib</file>
         <name>strcmp.c.obj</name>
      </input_file>
      <input_file id="fl-c9">
         <path>C:\ti\ccs1240\ccs\tools\compiler\ti-cgt-arm_20.2.7.LTS\lib\</path>
         <kind>archive</kind>
         <file>rtsv7M4_T_le_v4SPD16_eabi.lib</file>
         <name>strncmp.c.obj</name>
      </input_file>
      <input_file id="fl-ca">
         <path>C:\ti\ccs1240\ccs\tools\compiler\ti-cgt-arm_20.2.7.LTS\lib\</path>
         <kind>archive</kind>
         <file>rtsv7M4_T_le_v4SPD16_eabi.lib</file>
         <name>strtok.c.obj</name>
      </input_file>
      <input_file id="fl-cb">
         <path>C:\ti\ccs1240\ccs\tools\compiler\ti-cgt-arm_20.2.7.LTS\lib\</path>
         <kind>archive</kind>
         <file>rtsv7M4_T_le_v4SPD16_eabi.lib</file>
         <name>tolower.c.obj</name>
      </input_file>
      <input_file id="fl-cc">
         <path>C:\ti\ccs1240\ccs\tools\compiler\ti-cgt-arm_20.2.7.LTS\lib\</path>
         <kind>archive</kind>
         <file>rtsv7M4_T_le_v4SPD16_eabi.lib</file>
         <name>boot_cortex_m.c.obj</name>
      </input_file>
      <input_file id="fl-cd">
         <path>C:\ti\ccs1240\ccs\tools\compiler\ti-cgt-arm_20.2.7.LTS\lib\</path>
         <kind>archive</kind>
         <file>rtsv7M4_T_le_v4SPD16_eabi.lib</file>
         <name>_printfi.c.obj</name>
      </input_file>
      <input_file id="fl-ce">
         <path>C:\ti\ccs1240\ccs\tools\compiler\ti-cgt-arm_20.2.7.LTS\lib\</path>
         <kind>archive</kind>
         <file>rtsv7M4_T_le_v4SPD16_eabi.lib</file>
         <name>fd_add_t2.asm.obj</name>
      </input_file>
      <input_file id="fl-cf">
         <path>C:\ti\ccs1240\ccs\tools\compiler\ti-cgt-arm_20.2.7.LTS\lib\</path>
         <kind>archive</kind>
         <file>rtsv7M4_T_le_v4SPD16_eabi.lib</file>
         <name>fd_cmp_t2.asm.obj</name>
      </input_file>
      <input_file id="fl-d0">
         <path>C:\ti\ccs1240\ccs\tools\compiler\ti-cgt-arm_20.2.7.LTS\lib\</path>
         <kind>archive</kind>
         <file>rtsv7M4_T_le_v4SPD16_eabi.lib</file>
         <name>fd_div_t2.asm.obj</name>
      </input_file>
      <input_file id="fl-d1">
         <path>C:\ti\ccs1240\ccs\tools\compiler\ti-cgt-arm_20.2.7.LTS\lib\</path>
         <kind>archive</kind>
         <file>rtsv7M4_T_le_v4SPD16_eabi.lib</file>
         <name>fd_mul_t2.asm.obj</name>
      </input_file>
      <input_file id="fl-d2">
         <path>C:\ti\ccs1240\ccs\tools\compiler\ti-cgt-arm_20.2.7.LTS\lib\</path>
         <kind>archive</kind>
         <file>rtsv7M4_T_le_v4SPD16_eabi.lib</file>
         <name>fd_toi_t2.asm.obj</name>
      </input_file>
      <input_file id="fl-d3">
         <path>C:\ti\ccs1240\ccs\tools\compiler\ti-cgt-arm_20.2.7.LTS\lib\</path>
         <kind>archive</kind>
         <file>rtsv7M4_T_le_v4SPD16_eabi.lib</file>
         <name>i_tofd_t2.asm.obj</name>
      </input_file>
      <input_file id="fl-d4">
         <path>C:\ti\ccs1240\ccs\tools\compiler\ti-cgt-arm_20.2.7.LTS\lib\</path>
         <kind>archive</kind>
         <file>rtsv7M4_T_le_v4SPD16_eabi.lib</file>
         <name>ull_div_t2.asm.obj</name>
      </input_file>
      <input_file id="fl-d5">
         <path>C:\ti\ccs1240\ccs\tools\compiler\ti-cgt-arm_20.2.7.LTS\lib\</path>
         <kind>archive</kind>
         <file>rtsv7M4_T_le_v4SPD16_eabi.lib</file>
         <name>autoinit.c.obj</name>
      </input_file>
      <input_file id="fl-d6">
         <path>C:\ti\ccs1240\ccs\tools\compiler\ti-cgt-arm_20.2.7.LTS\lib\</path>
         <kind>archive</kind>
         <file>rtsv7M4_T_le_v4SPD16_eabi.lib</file>
         <name>pre_init.c.obj</name>
      </input_file>
      <input_file id="fl-d7">
         <path>C:\ti\ccs1240\ccs\tools\compiler\ti-cgt-arm_20.2.7.LTS\lib\</path>
         <kind>archive</kind>
         <file>rtsv7M4_T_le_v4SPD16_eabi.lib</file>
         <name>cpy_tbl.c.obj</name>
      </input_file>
      <input_file id="fl-d8">
         <path>C:\ti\ccs1240\ccs\tools\compiler\ti-cgt-arm_20.2.7.LTS\lib\</path>
         <kind>archive</kind>
         <file>rtsv7M4_T_le_v4SPD16_eabi.lib</file>
         <name>exit.c.obj</name>
      </input_file>
      <input_file id="fl-d9">
         <path>C:\ti\ccs1240\ccs\tools\compiler\ti-cgt-arm_20.2.7.LTS\lib\</path>
         <kind>archive</kind>
         <file>rtsv7M4_T_le_v4SPD16_eabi.lib</file>
         <name>_lock.c.obj</name>
      </input_file>
      <input_file id="fl-da">
         <path>C:\ti\ccs1240\ccs\tools\compiler\ti-cgt-arm_20.2.7.LTS\lib\</path>
         <kind>archive</kind>
         <file>rtsv7M4_T_le_v4SPD16_eabi.lib</file>
         <name>_ltoa.c.obj</name>
      </input_file>
      <input_file id="fl-db">
         <path>C:\ti\ccs1240\ccs\tools\compiler\ti-cgt-arm_20.2.7.LTS\lib\</path>
         <kind>archive</kind>
         <file>rtsv7M4_T_le_v4SPD16_eabi.lib</file>
         <name>args_main.c.obj</name>
      </input_file>
      <input_file id="fl-dc">
         <path>C:\ti\ccs1240\ccs\tools\compiler\ti-cgt-arm_20.2.7.LTS\lib\</path>
         <kind>archive</kind>
         <file>rtsv7M4_T_le_v4SPD16_eabi.lib</file>
         <name>memccpy.c.obj</name>
      </input_file>
      <input_file id="fl-dd">
         <path>C:\ti\ccs1240\ccs\tools\compiler\ti-cgt-arm_20.2.7.LTS\lib\</path>
         <kind>archive</kind>
         <file>rtsv7M4_T_le_v4SPD16_eabi.lib</file>
         <name>strchr.c.obj</name>
      </input_file>
      <input_file id="fl-de">
         <path>C:\ti\ccs1240\ccs\tools\compiler\ti-cgt-arm_20.2.7.LTS\lib\</path>
         <kind>archive</kind>
         <file>rtsv7M4_T_le_v4SPD16_eabi.lib</file>
         <name>strcspn.c.obj</name>
      </input_file>
      <input_file id="fl-df">
         <path>C:\ti\ccs1240\ccs\tools\compiler\ti-cgt-arm_20.2.7.LTS\lib\</path>
         <kind>archive</kind>
         <file>rtsv7M4_T_le_v4SPD16_eabi.lib</file>
         <name>strlen.c.obj</name>
      </input_file>
      <input_file id="fl-e0">
         <path>C:\ti\ccs1240\ccs\tools\compiler\ti-cgt-arm_20.2.7.LTS\lib\</path>
         <kind>archive</kind>
         <file>rtsv7M4_T_le_v4SPD16_eabi.lib</file>
         <name>strspn.c.obj</name>
      </input_file>
      <input_file id="fl-e1">
         <path>C:\ti\ccs1240\ccs\tools\compiler\ti-cgt-arm_20.2.7.LTS\lib\</path>
         <kind>archive</kind>
         <file>rtsv7M4_T_le_v4SPD16_eabi.lib</file>
         <name>errno.c.obj</name>
      </input_file>
      <input_file id="fl-e2">
         <path>C:\ti\ccs1240\ccs\tools\compiler\ti-cgt-arm_20.2.7.LTS\lib\</path>
         <kind>archive</kind>
         <file>rtsv7M4_T_le_v4SPD16_eabi.lib</file>
         <name>wcslen.c.obj</name>
      </input_file>
      <input_file id="fl-e3">
         <path>C:\ti\ccs1240\ccs\tools\compiler\ti-cgt-arm_20.2.7.LTS\lib\</path>
         <kind>archive</kind>
         <file>rtsv7M4_T_le_v4SPD16_eabi.lib</file>
         <name>s_frexp.c.obj</name>
      </input_file>
      <input_file id="fl-e4">
         <path>C:\ti\ccs1240\ccs\tools\compiler\ti-cgt-arm_20.2.7.LTS\lib\</path>
         <kind>archive</kind>
         <file>rtsv7M4_T_le_v4SPD16_eabi.lib</file>
         <name>s_scalbn.c.obj</name>
      </input_file>
      <input_file id="fl-e5">
         <path>C:\ti\ccs1240\ccs\tools\compiler\ti-cgt-arm_20.2.7.LTS\lib\</path>
         <kind>archive</kind>
         <file>rtsv7M4_T_le_v4SPD16_eabi.lib</file>
         <name>div0.asm.obj</name>
      </input_file>
      <input_file id="fl-e6">
         <path>C:\ti\ccs1240\ccs\tools\compiler\ti-cgt-arm_20.2.7.LTS\lib\</path>
         <kind>archive</kind>
         <file>rtsv7M4_T_le_v4SPD16_eabi.lib</file>
         <name>s_copysign.c.obj</name>
      </input_file>
      <input_file id="fl-e7">
         <path>C:\ti\tivaware_c_series_2_1_4_178\driverlib\ccs\Debug\</path>
         <kind>archive</kind>
         <file>driverlib.lib</file>
         <name>can.obj</name>
      </input_file>
      <input_file id="fl-e8">
         <path>C:\ti\tivaware_c_series_2_1_4_178\driverlib\ccs\Debug\</path>
         <kind>archive</kind>
         <file>driverlib.lib</file>
         <name>gpio.obj</name>
      </input_file>
      <input_file id="fl-e9">
         <path>C:\ti\tivaware_c_series_2_1_4_178\driverlib\ccs\Debug\</path>
         <kind>archive</kind>
         <file>driverlib.lib</file>
         <name>interrupt.obj</name>
      </input_file>
      <input_file id="fl-ea">
         <path>C:\ti\tivaware_c_series_2_1_4_178\driverlib\ccs\Debug\</path>
         <kind>archive</kind>
         <file>driverlib.lib</file>
         <name>sysctl.obj</name>
      </input_file>
      <input_file id="fl-eb">
         <path>C:\ti\tivaware_c_series_2_1_4_178\driverlib\ccs\Debug\</path>
         <kind>archive</kind>
         <file>driverlib.lib</file>
         <name>uart.obj</name>
      </input_file>
      <input_file id="fl-ec">
         <path>C:\ti\tivaware_c_series_2_1_4_178\driverlib\ccs\Debug\</path>
         <kind>archive</kind>
         <file>driverlib.lib</file>
         <name>cpu.obj</name>
      </input_file>
   </input_file_list>
   <object_component_list>
      <object_component id="oc-12">
         <name>.intvecs</name>
         <load_address>0x0</load_address>
         <run_address>0x0</run_address>
         <size>0x26c</size>
         <input_file_ref idref="fl-5"/>
      </object_component>
      <object_component id="oc-2d">
         <name>.text</name>
         <load_address>0x26c</load_address>
         <run_address>0x26c</run_address>
         <size>0xe08</size>
         <input_file_ref idref="fl-4"/>
      </object_component>
      <object_component id="oc-177">
         <name>.text:__TI_printfi</name>
         <load_address>0x1074</load_address>
         <run_address>0x1074</run_address>
         <size>0xa4e</size>
         <input_file_ref idref="fl-cd"/>
      </object_component>
      <object_component id="oc-3d0">
         <name>.text</name>
         <load_address>0x1ac2</load_address>
         <run_address>0x1ac2</run_address>
         <size>0x2</size>
         <input_file_ref idref="fl-e5"/>
      </object_component>
      <object_component id="oc-2a7">
         <name>.text:_pconv_a</name>
         <load_address>0x1ac4</load_address>
         <run_address>0x1ac4</run_address>
         <size>0x270</size>
         <input_file_ref idref="fl-cd"/>
      </object_component>
      <object_component id="oc-295">
         <name>.text:_pconv_g</name>
         <load_address>0x1d34</load_address>
         <run_address>0x1d34</run_address>
         <size>0x1d0</size>
         <input_file_ref idref="fl-cd"/>
      </object_component>
      <object_component id="oc-354">
         <name>.text</name>
         <load_address>0x1f04</load_address>
         <run_address>0x1f04</run_address>
         <size>0x1b6</size>
         <input_file_ref idref="fl-ce"/>
      </object_component>
      <object_component id="oc-2a1">
         <name>.text:_pconv_e</name>
         <load_address>0x20bc</load_address>
         <run_address>0x20bc</run_address>
         <size>0x13c</size>
         <input_file_ref idref="fl-cd"/>
      </object_component>
      <object_component id="oc-122">
         <name>.text:CANMessageSet</name>
         <load_address>0x21f8</load_address>
         <run_address>0x21f8</run_address>
         <size>0x136</size>
         <input_file_ref idref="fl-e7"/>
      </object_component>
      <object_component id="oc-33a">
         <name>.text</name>
         <load_address>0x232e</load_address>
         <run_address>0x232e</run_address>
         <size>0x136</size>
         <input_file_ref idref="fl-d0"/>
      </object_component>
      <object_component id="oc-1d7">
         <name>.text:GPIOPadConfigSet</name>
         <load_address>0x2464</load_address>
         <run_address>0x2464</run_address>
         <size>0x132</size>
         <input_file_ref idref="fl-e8"/>
      </object_component>
      <object_component id="oc-366">
         <name>.text:fcvt</name>
         <load_address>0x2598</load_address>
         <run_address>0x2598</run_address>
         <size>0x124</size>
         <input_file_ref idref="fl-cd"/>
      </object_component>
      <object_component id="oc-c2">
         <name>.text:SysCtlClockGet</name>
         <load_address>0x26bc</load_address>
         <run_address>0x26bc</run_address>
         <size>0x110</size>
         <input_file_ref idref="fl-ea"/>
      </object_component>
      <object_component id="oc-37a">
         <name>.text:scalbn</name>
         <load_address>0x27cc</load_address>
         <run_address>0x27cc</run_address>
         <size>0x110</size>
         <input_file_ref idref="fl-e4"/>
      </object_component>
      <object_component id="oc-e6">
         <name>.text:CANMessageGet</name>
         <load_address>0x28dc</load_address>
         <run_address>0x28dc</run_address>
         <size>0x10e</size>
         <input_file_ref idref="fl-e7"/>
      </object_component>
      <object_component id="oc-335">
         <name>.text</name>
         <load_address>0x29ea</load_address>
         <run_address>0x29ea</run_address>
         <size>0xfc</size>
         <input_file_ref idref="fl-d1"/>
      </object_component>
      <object_component id="oc-12a">
         <name>.text:SysCtlClockSet</name>
         <load_address>0x2ae8</load_address>
         <run_address>0x2ae8</run_address>
         <size>0xf4</size>
         <input_file_ref idref="fl-ea"/>
      </object_component>
      <object_component id="oc-28a">
         <name>.text:_ltostr</name>
         <load_address>0x2bdc</load_address>
         <run_address>0x2bdc</run_address>
         <size>0xb1</size>
         <input_file_ref idref="fl-cd"/>
      </object_component>
      <object_component id="oc-41">
         <name>.text</name>
         <load_address>0x2c8e</load_address>
         <run_address>0x2c8e</run_address>
         <size>0x9c</size>
         <input_file_ref idref="fl-c1"/>
      </object_component>
      <object_component id="oc-32e">
         <name>.text</name>
         <load_address>0x2d2a</load_address>
         <run_address>0x2d2a</run_address>
         <size>0x96</size>
         <input_file_ref idref="fl-d4"/>
      </object_component>
      <object_component id="oc-290">
         <name>.text:__aeabi_cdcmple</name>
         <load_address>0x2dc0</load_address>
         <run_address>0x2dc0</run_address>
         <size>0x86</size>
         <input_file_ref idref="fl-cf"/>
      </object_component>
      <object_component id="oc-33f">
         <name>.text:__aeabi_cdrcmple</name>
         <load_address>0x2e46</load_address>
         <run_address>0x2e46</run_address>
         <size>0x86</size>
         <input_file_ref idref="fl-cf"/>
      </object_component>
      <object_component id="oc-95">
         <name>.text</name>
         <load_address>0x2ecc</load_address>
         <run_address>0x2ecc</run_address>
         <size>0x7a</size>
         <input_file_ref idref="fl-c2"/>
      </object_component>
      <object_component id="oc-35f">
         <name>.text:_mcpy</name>
         <load_address>0x2f46</load_address>
         <run_address>0x2f46</run_address>
         <size>0x6e</size>
         <input_file_ref idref="fl-cd"/>
      </object_component>
      <object_component id="oc-fe">
         <name>.text:CANBitRateSet</name>
         <load_address>0x2fb4</load_address>
         <run_address>0x2fb4</run_address>
         <size>0x6c</size>
         <input_file_ref idref="fl-e7"/>
      </object_component>
      <object_component id="oc-116">
         <name>.text:IntEnable</name>
         <load_address>0x3020</load_address>
         <run_address>0x3020</run_address>
         <size>0x68</size>
         <input_file_ref idref="fl-e9"/>
      </object_component>
      <object_component id="oc-15">
         <name>.text:decompress:lzss:__TI_decompress_lzss</name>
         <load_address>0x3088</load_address>
         <run_address>0x3088</run_address>
         <size>0x68</size>
         <input_file_ref idref="fl-c5"/>
      </object_component>
      <object_component id="oc-374">
         <name>.text:frexp</name>
         <load_address>0x30f0</load_address>
         <run_address>0x30f0</run_address>
         <size>0x64</size>
         <input_file_ref idref="fl-e3"/>
      </object_component>
      <object_component id="oc-214">
         <name>.text:_CANIntNumberGet</name>
         <load_address>0x3154</load_address>
         <run_address>0x3154</run_address>
         <size>0x5c</size>
         <input_file_ref idref="fl-e7"/>
      </object_component>
      <object_component id="oc-29b">
         <name>.text:_pconv_f</name>
         <load_address>0x31b0</load_address>
         <run_address>0x31b0</run_address>
         <size>0x56</size>
         <input_file_ref idref="fl-cd"/>
      </object_component>
      <object_component id="oc-349">
         <name>.text:__TI_ltoa</name>
         <load_address>0x3206</load_address>
         <run_address>0x3206</run_address>
         <size>0x54</size>
         <input_file_ref idref="fl-da"/>
      </object_component>
      <object_component id="oc-359">
         <name>.text:_ecpy</name>
         <load_address>0x325a</load_address>
         <run_address>0x325a</run_address>
         <size>0x52</size>
         <input_file_ref idref="fl-cd"/>
      </object_component>
      <object_component id="oc-8f">
         <name>.text:atoi</name>
         <load_address>0x32ac</load_address>
         <run_address>0x32ac</run_address>
         <size>0x4c</size>
         <input_file_ref idref="fl-c6"/>
      </object_component>
      <object_component id="oc-b6">
         <name>.text:GPIOPinConfigure</name>
         <load_address>0x32f8</load_address>
         <run_address>0x32f8</run_address>
         <size>0x48</size>
         <input_file_ref idref="fl-e8"/>
      </object_component>
      <object_component id="oc-344">
         <name>.text</name>
         <load_address>0x3340</load_address>
         <run_address>0x3340</run_address>
         <size>0x48</size>
         <input_file_ref idref="fl-d2"/>
      </object_component>
      <object_component id="oc-c8">
         <name>.text:UARTConfigSetExpClk</name>
         <load_address>0x3388</load_address>
         <run_address>0x3388</run_address>
         <size>0x46</size>
         <input_file_ref idref="fl-eb"/>
      </object_component>
      <object_component id="oc-252">
         <name>.text:__TI_auto_init_nobinit_nopinit:__TI_auto_init_nobinit_nopinit</name>
         <load_address>0x33d0</load_address>
         <run_address>0x33d0</run_address>
         <size>0x44</size>
         <input_file_ref idref="fl-d5"/>
      </object_component>
      <object_component id="oc-1f0">
         <name>.text:_UARTIntNumberGet</name>
         <load_address>0x3414</load_address>
         <run_address>0x3414</run_address>
         <size>0x40</size>
         <input_file_ref idref="fl-eb"/>
      </object_component>
      <object_component id="oc-83">
         <name>.text:strtok</name>
         <load_address>0x3454</load_address>
         <run_address>0x3454</run_address>
         <size>0x40</size>
         <input_file_ref idref="fl-ca"/>
      </object_component>
      <object_component id="oc-77">
         <name>.text:vsnprintf</name>
         <load_address>0x3494</load_address>
         <run_address>0x3494</run_address>
         <size>0x40</size>
         <input_file_ref idref="fl-c0"/>
      </object_component>
      <object_component id="oc-36c">
         <name>.text:_fcpy</name>
         <load_address>0x34d4</load_address>
         <run_address>0x34d4</run_address>
         <size>0x3e</size>
         <input_file_ref idref="fl-cd"/>
      </object_component>
      <object_component id="oc-f8">
         <name>.text:CANInit</name>
         <load_address>0x3512</load_address>
         <run_address>0x3512</run_address>
         <size>0x3a</size>
         <input_file_ref idref="fl-e7"/>
      </object_component>
      <object_component id="oc-1f6">
         <name>.text:IntRegister</name>
         <load_address>0x354c</load_address>
         <run_address>0x354c</run_address>
         <size>0x34</size>
         <input_file_ref idref="fl-e9"/>
      </object_component>
      <object_component id="oc-b0">
         <name>.text:SysCtlPeripheralEnable</name>
         <load_address>0x3580</load_address>
         <run_address>0x3580</run_address>
         <size>0x34</size>
         <input_file_ref idref="fl-ea"/>
      </object_component>
      <object_component id="oc-5f">
         <name>.text:_c_int00_noargs:_c_int00_noargs</name>
         <load_address>0x35b4</load_address>
         <run_address>0x35b4</run_address>
         <size>0x34</size>
         <input_file_ref idref="fl-cc"/>
      </object_component>
      <object_component id="oc-17d">
         <name>.text:_outs</name>
         <load_address>0x35e8</load_address>
         <run_address>0x35e8</run_address>
         <size>0x30</size>
         <input_file_ref idref="fl-c0"/>
      </object_component>
      <object_component id="oc-34f">
         <name>.text</name>
         <load_address>0x3618</load_address>
         <run_address>0x3618</run_address>
         <size>0x2e</size>
         <input_file_ref idref="fl-d3"/>
      </object_component>
      <object_component id="oc-1d1">
         <name>.text:GPIODirModeSet</name>
         <load_address>0x3646</load_address>
         <run_address>0x3646</run_address>
         <size>0x2a</size>
         <input_file_ref idref="fl-e8"/>
      </object_component>
      <object_component id="oc-205">
         <name>.text:_CANDataRegRead</name>
         <load_address>0x3670</load_address>
         <run_address>0x3670</run_address>
         <size>0x2a</size>
         <input_file_ref idref="fl-e7"/>
      </object_component>
      <object_component id="oc-19c">
         <name>.text:strspn</name>
         <load_address>0x369a</load_address>
         <run_address>0x369a</run_address>
         <size>0x2a</size>
         <input_file_ref idref="fl-e0"/>
      </object_component>
      <object_component id="oc-228">
         <name>.text:_CANDataRegWrite</name>
         <load_address>0x36c4</load_address>
         <run_address>0x36c4</run_address>
         <size>0x24</size>
         <input_file_ref idref="fl-e7"/>
      </object_component>
      <object_component id="oc-1a2">
         <name>.text:strcspn</name>
         <load_address>0x36e8</load_address>
         <run_address>0x36e8</run_address>
         <size>0x24</size>
         <input_file_ref idref="fl-de"/>
      </object_component>
      <object_component id="oc-ec">
         <name>.text:CANIntClear</name>
         <load_address>0x370c</load_address>
         <run_address>0x370c</run_address>
         <size>0x22</size>
         <input_file_ref idref="fl-e7"/>
      </object_component>
      <object_component id="oc-e0">
         <name>.text:CANIntStatus</name>
         <load_address>0x372e</load_address>
         <run_address>0x372e</run_address>
         <size>0x20</size>
         <input_file_ref idref="fl-e7"/>
      </object_component>
      <object_component id="oc-1e2">
         <name>.text:UARTDisable</name>
         <load_address>0x3750</load_address>
         <run_address>0x3750</run_address>
         <size>0x20</size>
         <input_file_ref idref="fl-eb"/>
      </object_component>
      <object_component id="oc-4d">
         <name>.text:decompress:ZI:__TI_zero_init_nomemset:__TI_zero_init_nomemset</name>
         <load_address>0x3770</load_address>
         <run_address>0x3770</run_address>
         <size>0x1c</size>
         <input_file_ref idref="fl-c3"/>
      </object_component>
      <object_component id="oc-2ad">
         <name>.text:memccpy</name>
         <load_address>0x378c</load_address>
         <run_address>0x378c</run_address>
         <size>0x1c</size>
         <input_file_ref idref="fl-dc"/>
      </object_component>
      <object_component id="oc-3e9">
         <name>.text:copysign</name>
         <load_address>0x37a8</load_address>
         <run_address>0x37a8</run_address>
         <size>0x1a</size>
         <input_file_ref idref="fl-e6"/>
      </object_component>
      <object_component id="oc-10a">
         <name>.text:CANIntRegister</name>
         <load_address>0x37c2</load_address>
         <run_address>0x37c2</run_address>
         <size>0x18</size>
         <input_file_ref idref="fl-e7"/>
      </object_component>
      <object_component id="oc-d4">
         <name>.text:UARTIntRegister</name>
         <load_address>0x37da</load_address>
         <run_address>0x37da</run_address>
         <size>0x18</size>
         <input_file_ref idref="fl-eb"/>
      </object_component>
      <object_component id="oc-183">
         <name>.text:_outc</name>
         <load_address>0x37f2</load_address>
         <run_address>0x37f2</run_address>
         <size>0x18</size>
         <input_file_ref idref="fl-c0"/>
      </object_component>
      <object_component id="oc-89">
         <name>.text:strcmp</name>
         <load_address>0x380a</load_address>
         <run_address>0x380a</run_address>
         <size>0x18</size>
         <input_file_ref idref="fl-c8"/>
      </object_component>
      <object_component id="oc-380">
         <name>.text:strchr</name>
         <load_address>0x3822</load_address>
         <run_address>0x3822</run_address>
         <size>0x16</size>
         <input_file_ref idref="fl-dd"/>
      </object_component>
      <object_component id="oc-1e8">
         <name>.text:UARTEnable</name>
         <load_address>0x3838</load_address>
         <run_address>0x3838</run_address>
         <size>0x14</size>
         <input_file_ref idref="fl-eb"/>
      </object_component>
      <object_component id="oc-284">
         <name>.text:strlen</name>
         <load_address>0x384c</load_address>
         <run_address>0x384c</run_address>
         <size>0x14</size>
         <input_file_ref idref="fl-df"/>
      </object_component>
      <object_component id="oc-f2">
         <name>.text:GPIOPinTypeCAN</name>
         <load_address>0x3860</load_address>
         <run_address>0x3860</run_address>
         <size>0x12</size>
         <input_file_ref idref="fl-e8"/>
      </object_component>
      <object_component id="oc-bc">
         <name>.text:GPIOPinTypeUART</name>
         <load_address>0x3872</load_address>
         <run_address>0x3872</run_address>
         <size>0x12</size>
         <input_file_ref idref="fl-e8"/>
      </object_component>
      <object_component id="oc-2b3">
         <name>.text:wcslen</name>
         <load_address>0x3884</load_address>
         <run_address>0x3884</run_address>
         <size>0x12</size>
         <input_file_ref idref="fl-e2"/>
      </object_component>
      <object_component id="oc-11c">
         <name>.text:IntMasterEnable</name>
         <load_address>0x3896</load_address>
         <run_address>0x3896</run_address>
         <size>0x10</size>
         <input_file_ref idref="fl-e9"/>
      </object_component>
      <object_component id="oc-a9">
         <name>.text:tolower</name>
         <load_address>0x38a8</load_address>
         <run_address>0x38a8</run_address>
         <size>0x10</size>
         <input_file_ref idref="fl-cb"/>
      </object_component>
      <object_component id="oc-a3">
         <name>.text:UARTCharGetNonBlocking</name>
         <load_address>0x38b8</load_address>
         <run_address>0x38b8</run_address>
         <size>0xe</size>
         <input_file_ref idref="fl-eb"/>
      </object_component>
      <object_component id="oc-1b">
         <name>.text:decompress:none:__TI_decompress_none</name>
         <load_address>0x38c6</load_address>
         <run_address>0x38c6</run_address>
         <size>0xe</size>
         <input_file_ref idref="fl-c4"/>
      </object_component>
      <object_component id="oc-221">
         <name>.text:CPUcpsie</name>
         <load_address>0x38d4</load_address>
         <run_address>0x38d4</run_address>
         <size>0xc</size>
         <input_file_ref idref="fl-ec"/>
      </object_component>
      <object_component id="oc-27">
         <name>.text</name>
         <load_address>0x38e0</load_address>
         <run_address>0x38e0</run_address>
         <size>0xc</size>
         <input_file_ref idref="fl-5"/>
      </object_component>
      <object_component id="oc-104">
         <name>.text:CANEnable</name>
         <load_address>0x38ec</load_address>
         <run_address>0x38ec</run_address>
         <size>0xa</size>
         <input_file_ref idref="fl-e7"/>
      </object_component>
      <object_component id="oc-7d">
         <name>.text:UARTCharPut</name>
         <load_address>0x38f6</load_address>
         <run_address>0x38f6</run_address>
         <size>0xa</size>
         <input_file_ref idref="fl-eb"/>
      </object_component>
      <object_component id="oc-da">
         <name>.text:UARTFIFODisable</name>
         <load_address>0x3900</load_address>
         <run_address>0x3900</run_address>
         <size>0xa</size>
         <input_file_ref idref="fl-eb"/>
      </object_component>
      <object_component id="oc-110">
         <name>.text:CANIntEnable</name>
         <load_address>0x390a</load_address>
         <run_address>0x390a</run_address>
         <size>0x8</size>
         <input_file_ref idref="fl-e7"/>
      </object_component>
      <object_component id="oc-ce">
         <name>.text:UARTIntEnable</name>
         <load_address>0x3912</load_address>
         <run_address>0x3912</run_address>
         <size>0x8</size>
         <input_file_ref idref="fl-eb"/>
      </object_component>
      <object_component id="oc-2b9">
         <name>.text:__aeabi_errno_addr</name>
         <load_address>0x391c</load_address>
         <run_address>0x391c</run_address>
         <size>0x8</size>
         <input_file_ref idref="fl-e1"/>
      </object_component>
      <object_component id="oc-22f">
         <name>.text:SysCtlDelay</name>
         <load_address>0x3924</load_address>
         <run_address>0x3924</run_address>
         <size>0x6</size>
         <input_file_ref idref="fl-ea"/>
      </object_component>
      <object_component id="oc-9d">
         <name>.text:UARTIntClear</name>
         <load_address>0x392a</load_address>
         <run_address>0x392a</run_address>
         <size>0x4</size>
         <input_file_ref idref="fl-eb"/>
      </object_component>
      <object_component id="oc-163">
         <name>.text:_system_pre_init</name>
         <load_address>0x392e</load_address>
         <run_address>0x392e</run_address>
         <size>0x4</size>
         <input_file_ref idref="fl-d6"/>
      </object_component>
      <object_component id="oc-246">
         <name>.text:abort:abort</name>
         <load_address>0x3932</load_address>
         <run_address>0x3932</run_address>
         <size>0x4</size>
         <input_file_ref idref="fl-d8"/>
      </object_component>
      <object_component id="oc-1af">
         <name>.const:.string:_ctypes_</name>
         <load_address>0x3938</load_address>
         <run_address>0x3938</run_address>
         <size>0x101</size>
         <input_file_ref idref="fl-c7"/>
      </object_component>
      <object_component id="oc-1cc">
         <name>.const:g_pui32GPIOBaseAddrs</name>
         <load_address>0x3a3c</load_address>
         <run_address>0x3a3c</run_address>
         <size>0x90</size>
         <input_file_ref idref="fl-e8"/>
      </object_component>
      <object_component id="oc-21c">
         <name>.const</name>
         <load_address>0x3acc</load_address>
         <run_address>0x3acc</run_address>
         <size>0x70</size>
         <input_file_ref idref="fl-e9"/>
      </object_component>
      <object_component id="oc-1de">
         <name>.const:g_pui32Xtals</name>
         <load_address>0x3b3c</load_address>
         <run_address>0x3b3c</run_address>
         <size>0x6c</size>
         <input_file_ref idref="fl-ea"/>
      </object_component>
      <object_component id="oc-2f3">
         <name>.const:g_ppui32UARTIntMap</name>
         <load_address>0x3ba8</load_address>
         <run_address>0x3ba8</run_address>
         <size>0x40</size>
         <input_file_ref idref="fl-eb"/>
      </object_component>
      <object_component id="oc-2f6">
         <name>.const:g_ppui32UARTIntMapSnowflake</name>
         <load_address>0x3be8</load_address>
         <run_address>0x3be8</run_address>
         <size>0x40</size>
         <input_file_ref idref="fl-eb"/>
      </object_component>
      <object_component id="oc-20f">
         <name>.const</name>
         <load_address>0x3c28</load_address>
         <run_address>0x3c28</run_address>
         <size>0x20</size>
         <input_file_ref idref="fl-e7"/>
      </object_component>
      <object_component id="oc-44f">
         <name>.cinit..data.load</name>
         <load_address>0x3c48</load_address>
         <run_address>0x3c48</run_address>
         <size>0x11</size>
      </object_component>
      <object_component id="oc-44c">
         <name>__TI_handler_table</name>
         <load_address>0x3c5c</load_address>
         <run_address>0x3c5c</run_address>
         <size>0xc</size>
      </object_component>
      <object_component id="oc-450">
         <name>.cinit..bss.load</name>
         <load_address>0x3c68</load_address>
         <run_address>0x3c68</run_address>
         <size>0x8</size>
      </object_component>
      <object_component id="oc-44e">
         <name>.cinit..vtable.load</name>
         <load_address>0x3c70</load_address>
         <run_address>0x3c70</run_address>
         <size>0x8</size>
      </object_component>
      <object_component id="oc-44d">
         <name>__TI_cinit_table</name>
         <load_address>0x3c78</load_address>
         <run_address>0x3c78</run_address>
         <size>0x18</size>
      </object_component>
      <object_component id="oc-2fa">
         <name>.vtable</name>
         <uninitialized>true</uninitialized>
         <run_address>0x20000000</run_address>
         <size>0x26c</size>
         <input_file_ref idref="fl-e9"/>
      </object_component>
      <object_component id="oc-74">
         <name>.data</name>
         <load_address>0x20000590</load_address>
         <run_address>0x20000590</run_address>
         <size>0x4d</size>
         <input_file_ref idref="fl-4"/>
      </object_component>
      <object_component id="oc-1a8">
         <name>.data</name>
         <load_address>0x200005e4</load_address>
         <run_address>0x200005e4</run_address>
         <size>0x4</size>
         <input_file_ref idref="fl-ca"/>
      </object_component>
      <object_component id="oc-390">
         <name>.data</name>
         <load_address>0x200005e0</load_address>
         <run_address>0x200005e0</run_address>
         <size>0x4</size>
         <input_file_ref idref="fl-e1"/>
      </object_component>
      <object_component id="oc-134">
         <name>.bss</name>
         <uninitialized>true</uninitialized>
         <run_address>0x2000058c</run_address>
         <size>0x1</size>
         <input_file_ref idref="fl-4"/>
      </object_component>
      <object_component id="oc-af">
         <name>.common:rx_buffer</name>
         <uninitialized>true</uninitialized>
         <run_address>0x20000470</run_address>
         <size>0x64</size>
      </object_component>
      <object_component id="oc-135">
         <name>.common:txMessage</name>
         <uninitialized>true</uninitialized>
         <run_address>0x20000578</run_address>
         <size>0x14</size>
      </object_component>
      <object_component id="oc-128">
         <name>.common:rxMessage</name>
         <uninitialized>true</uninitialized>
         <run_address>0x20000514</run_address>
         <size>0x14</size>
      </object_component>
      <object_component id="oc-130">
         <name>.common:rxMessage1</name>
         <uninitialized>true</uninitialized>
         <run_address>0x20000528</run_address>
         <size>0x14</size>
      </object_component>
      <object_component id="oc-131">
         <name>.common:rxMessage2</name>
         <uninitialized>true</uninitialized>
         <run_address>0x2000053c</run_address>
         <size>0x14</size>
      </object_component>
      <object_component id="oc-132">
         <name>.common:rxMessage3</name>
         <uninitialized>true</uninitialized>
         <run_address>0x20000550</run_address>
         <size>0x14</size>
      </object_component>
      <object_component id="oc-133">
         <name>.common:rxMessage4</name>
         <uninitialized>true</uninitialized>
         <run_address>0x20000564</run_address>
         <size>0x14</size>
      </object_component>
      <object_component id="oc-129">
         <name>.common:rxData</name>
         <uninitialized>true</uninitialized>
         <run_address>0x2000058d</run_address>
         <size>0x1</size>
      </object_component>
      <object_component id="oc-9a">
         <name>.common:uartBuf</name>
         <uninitialized>true</uninitialized>
         <run_address>0x200004d4</run_address>
         <size>0x40</size>
      </object_component>
      <object_component id="oc-24">
         <name>.stack</name>
         <uninitialized>true</uninitialized>
         <run_address>0x20000270</run_address>
         <size>0x4</size>
         <input_file_ref idref="fl-cc"/>
      </object_component>
      <object_component id="oc-452">
         <name>.stack</name>
         <uninitialized>true</uninitialized>
         <run_address>0x20000270</run_address>
         <size>0x0</size>
      </object_component>
      <object_component id="oc-236">
         <name>.debug_info</name>
         <load_address>0x0</load_address>
         <run_address>0x0</run_address>
         <size>0x339</size>
         <input_file_ref idref="fl-2"/>
      </object_component>
      <object_component id="oc-148">
         <name>.debug_info</name>
         <load_address>0x339</load_address>
         <run_address>0x339</run_address>
         <size>0x26b</size>
         <input_file_ref idref="fl-2"/>
      </object_component>
      <object_component id="oc-13c">
         <name>.debug_info</name>
         <load_address>0x5a4</load_address>
         <run_address>0x5a4</run_address>
         <size>0x8b</size>
         <input_file_ref idref="fl-2"/>
      </object_component>
      <object_component id="oc-231">
         <name>.debug_info</name>
         <load_address>0x62f</load_address>
         <run_address>0x62f</run_address>
         <size>0x2a4</size>
         <input_file_ref idref="fl-2"/>
      </object_component>
      <object_component id="oc-137">
         <name>.debug_info</name>
         <load_address>0x8d3</load_address>
         <run_address>0x8d3</run_address>
         <size>0xbb</size>
         <input_file_ref idref="fl-2"/>
      </object_component>
      <object_component id="oc-1bc">
         <name>.debug_info</name>
         <load_address>0x98e</load_address>
         <run_address>0x98e</run_address>
         <size>0x35</size>
         <input_file_ref idref="fl-2"/>
      </object_component>
      <object_component id="oc-3c">
         <name>.debug_info</name>
         <load_address>0x9c3</load_address>
         <run_address>0x9c3</run_address>
         <size>0x84</size>
         <input_file_ref idref="fl-3"/>
      </object_component>
      <object_component id="oc-9b">
         <name>.debug_info</name>
         <load_address>0xa47</load_address>
         <run_address>0xa47</run_address>
         <size>0xa2d</size>
         <input_file_ref idref="fl-4"/>
      </object_component>
      <object_component id="oc-75">
         <name>.debug_info</name>
         <load_address>0x1474</load_address>
         <run_address>0x1474</run_address>
         <size>0x3c6</size>
         <input_file_ref idref="fl-4"/>
      </object_component>
      <object_component id="oc-2e">
         <name>.debug_info</name>
         <load_address>0x183a</load_address>
         <run_address>0x183a</run_address>
         <size>0x1124</size>
         <input_file_ref idref="fl-4"/>
      </object_component>
      <object_component id="oc-1b7">
         <name>.debug_info</name>
         <load_address>0x295e</load_address>
         <run_address>0x295e</run_address>
         <size>0x1b3</size>
         <input_file_ref idref="fl-4"/>
      </object_component>
      <object_component id="oc-1c1">
         <name>.debug_info</name>
         <load_address>0x2b11</load_address>
         <run_address>0x2b11</run_address>
         <size>0xcc</size>
         <input_file_ref idref="fl-4"/>
      </object_component>
      <object_component id="oc-141">
         <name>.debug_info</name>
         <load_address>0x2bdd</load_address>
         <run_address>0x2bdd</run_address>
         <size>0x2c</size>
         <input_file_ref idref="fl-4"/>
      </object_component>
      <object_component id="oc-35">
         <name>.debug_info</name>
         <load_address>0x2c09</load_address>
         <run_address>0x2c09</run_address>
         <size>0x36c</size>
         <input_file_ref idref="fl-5"/>
      </object_component>
      <object_component id="oc-13">
         <name>.debug_info</name>
         <load_address>0x2f75</load_address>
         <run_address>0x2f75</run_address>
         <size>0x117</size>
         <input_file_ref idref="fl-5"/>
      </object_component>
      <object_component id="oc-29">
         <name>.debug_info</name>
         <load_address>0x308c</load_address>
         <run_address>0x308c</run_address>
         <size>0x293</size>
         <input_file_ref idref="fl-5"/>
      </object_component>
      <object_component id="oc-18a">
         <name>.debug_info</name>
         <load_address>0x331f</load_address>
         <run_address>0x331f</run_address>
         <size>0x340</size>
         <input_file_ref idref="fl-c0"/>
      </object_component>
      <object_component id="oc-7a">
         <name>.debug_info</name>
         <load_address>0x365f</load_address>
         <run_address>0x365f</run_address>
         <size>0x208</size>
         <input_file_ref idref="fl-c0"/>
      </object_component>
      <object_component id="oc-181">
         <name>.debug_info</name>
         <load_address>0x3867</load_address>
         <run_address>0x3867</run_address>
         <size>0x1c6</size>
         <input_file_ref idref="fl-c0"/>
      </object_component>
      <object_component id="oc-184">
         <name>.debug_info</name>
         <load_address>0x3a2d</load_address>
         <run_address>0x3a2d</run_address>
         <size>0x179</size>
         <input_file_ref idref="fl-c0"/>
      </object_component>
      <object_component id="oc-18b">
         <name>.debug_info</name>
         <load_address>0x3ba6</load_address>
         <run_address>0x3ba6</run_address>
         <size>0x2c</size>
         <input_file_ref idref="fl-c0"/>
      </object_component>
      <object_component id="oc-190">
         <name>.debug_info</name>
         <load_address>0x3bd2</load_address>
         <run_address>0x3bd2</run_address>
         <size>0x69</size>
         <input_file_ref idref="fl-c0"/>
      </object_component>
      <object_component id="oc-44">
         <name>.debug_info</name>
         <load_address>0x3c3b</load_address>
         <run_address>0x3c3b</run_address>
         <size>0x119</size>
         <input_file_ref idref="fl-c1"/>
      </object_component>
      <object_component id="oc-97">
         <name>.debug_info</name>
         <load_address>0x3d54</load_address>
         <run_address>0x3d54</run_address>
         <size>0x147</size>
         <input_file_ref idref="fl-c2"/>
      </object_component>
      <object_component id="oc-161">
         <name>.debug_info</name>
         <load_address>0x3e9b</load_address>
         <run_address>0x3e9b</run_address>
         <size>0x2d4</size>
         <input_file_ref idref="fl-c3"/>
      </object_component>
      <object_component id="oc-4e">
         <name>.debug_info</name>
         <load_address>0x416f</load_address>
         <run_address>0x416f</run_address>
         <size>0x1d2</size>
         <input_file_ref idref="fl-c3"/>
      </object_component>
      <object_component id="oc-15c">
         <name>.debug_info</name>
         <load_address>0x4341</load_address>
         <run_address>0x4341</run_address>
         <size>0x46</size>
         <input_file_ref idref="fl-c3"/>
      </object_component>
      <object_component id="oc-23e">
         <name>.debug_info</name>
         <load_address>0x4387</load_address>
         <run_address>0x4387</run_address>
         <size>0x2c</size>
         <input_file_ref idref="fl-c3"/>
      </object_component>
      <object_component id="oc-4c">
         <name>.debug_info</name>
         <load_address>0x43b3</load_address>
         <run_address>0x43b3</run_address>
         <size>0x2a8</size>
         <input_file_ref idref="fl-c4"/>
      </object_component>
      <object_component id="oc-1c">
         <name>.debug_info</name>
         <load_address>0x465b</load_address>
         <run_address>0x465b</run_address>
         <size>0x1ea</size>
         <input_file_ref idref="fl-c4"/>
      </object_component>
      <object_component id="oc-47">
         <name>.debug_info</name>
         <load_address>0x4845</load_address>
         <run_address>0x4845</run_address>
         <size>0x46</size>
         <input_file_ref idref="fl-c4"/>
      </object_component>
      <object_component id="oc-154">
         <name>.debug_info</name>
         <load_address>0x488b</load_address>
         <run_address>0x488b</run_address>
         <size>0x2c</size>
         <input_file_ref idref="fl-c4"/>
      </object_component>
      <object_component id="oc-152">
         <name>.debug_info</name>
         <load_address>0x48b7</load_address>
         <run_address>0x48b7</run_address>
         <size>0x29e</size>
         <input_file_ref idref="fl-c5"/>
      </object_component>
      <object_component id="oc-18">
         <name>.debug_info</name>
         <load_address>0x4b55</load_address>
         <run_address>0x4b55</run_address>
         <size>0x250</size>
         <input_file_ref idref="fl-c5"/>
      </object_component>
      <object_component id="oc-37">
         <name>.debug_info</name>
         <load_address>0x4da5</load_address>
         <run_address>0x4da5</run_address>
         <size>0x60</size>
         <input_file_ref idref="fl-c5"/>
      </object_component>
      <object_component id="oc-237">
         <name>.debug_info</name>
         <load_address>0x4e05</load_address>
         <run_address>0x4e05</run_address>
         <size>0x46</size>
         <input_file_ref idref="fl-c5"/>
      </object_component>
      <object_component id="oc-14d">
         <name>.debug_info</name>
         <load_address>0x4e4b</load_address>
         <run_address>0x4e4b</run_address>
         <size>0x39</size>
         <input_file_ref idref="fl-c5"/>
      </object_component>
      <object_component id="oc-1b3">
         <name>.debug_info</name>
         <load_address>0x4e84</load_address>
         <run_address>0x4e84</run_address>
         <size>0x2b9</size>
         <input_file_ref idref="fl-c6"/>
      </object_component>
      <object_component id="oc-92">
         <name>.debug_info</name>
         <load_address>0x513d</load_address>
         <run_address>0x513d</run_address>
         <size>0x17c</size>
         <input_file_ref idref="fl-c6"/>
      </object_component>
      <object_component id="oc-2dd">
         <name>.debug_info</name>
         <load_address>0x52b9</load_address>
         <run_address>0x52b9</run_address>
         <size>0xf9</size>
         <input_file_ref idref="fl-c7"/>
      </object_component>
      <object_component id="oc-1b0">
         <name>.debug_info</name>
         <load_address>0x53b2</load_address>
         <run_address>0x53b2</run_address>
         <size>0x105</size>
         <input_file_ref idref="fl-c7"/>
      </object_component>
      <object_component id="oc-1ae">
         <name>.debug_info</name>
         <load_address>0x54b7</load_address>
         <run_address>0x54b7</run_address>
         <size>0x28a</size>
         <input_file_ref idref="fl-c8"/>
      </object_component>
      <object_component id="oc-8b">
         <name>.debug_info</name>
         <load_address>0x5741</load_address>
         <run_address>0x5741</run_address>
         <size>0x273</size>
         <input_file_ref idref="fl-c8"/>
      </object_component>
      <object_component id="oc-1ac">
         <name>.debug_info</name>
         <load_address>0x59b4</load_address>
         <run_address>0x59b4</run_address>
         <size>0x2fe</size>
         <input_file_ref idref="fl-ca"/>
      </object_component>
      <object_component id="oc-1a9">
         <name>.debug_info</name>
         <load_address>0x5cb2</load_address>
         <run_address>0x5cb2</run_address>
         <size>0x105</size>
         <input_file_ref idref="fl-ca"/>
      </object_component>
      <object_component id="oc-84">
         <name>.debug_info</name>
         <load_address>0x5db7</load_address>
         <run_address>0x5db7</run_address>
         <size>0x1ab</size>
         <input_file_ref idref="fl-ca"/>
      </object_component>
      <object_component id="oc-1c9">
         <name>.debug_info</name>
         <load_address>0x5f62</load_address>
         <run_address>0x5f62</run_address>
         <size>0x2b6</size>
         <input_file_ref idref="fl-cb"/>
      </object_component>
      <object_component id="oc-ac">
         <name>.debug_info</name>
         <load_address>0x6218</load_address>
         <run_address>0x6218</run_address>
         <size>0x154</size>
         <input_file_ref idref="fl-cb"/>
      </object_component>
      <object_component id="oc-25">
         <name>.debug_info</name>
         <load_address>0x636c</load_address>
         <run_address>0x636c</run_address>
         <size>0x10b</size>
         <input_file_ref idref="fl-cc"/>
      </object_component>
      <object_component id="oc-61">
         <name>.debug_info</name>
         <load_address>0x6477</load_address>
         <run_address>0x6477</run_address>
         <size>0x1a9</size>
         <input_file_ref idref="fl-cc"/>
      </object_component>
      <object_component id="oc-2c0">
         <name>.debug_info</name>
         <load_address>0x6620</load_address>
         <run_address>0x6620</run_address>
         <size>0x590</size>
         <input_file_ref idref="fl-cd"/>
      </object_component>
      <object_component id="oc-28c">
         <name>.debug_info</name>
         <load_address>0x6bb0</load_address>
         <run_address>0x6bb0</run_address>
         <size>0x21e</size>
         <input_file_ref idref="fl-cd"/>
      </object_component>
      <object_component id="oc-35b">
         <name>.debug_info</name>
         <load_address>0x6dce</load_address>
         <run_address>0x6dce</run_address>
         <size>0x1b3</size>
         <input_file_ref idref="fl-cd"/>
      </object_component>
      <object_component id="oc-360">
         <name>.debug_info</name>
         <load_address>0x6f81</load_address>
         <run_address>0x6f81</run_address>
         <size>0x21b</size>
         <input_file_ref idref="fl-cd"/>
      </object_component>
      <object_component id="oc-297">
         <name>.debug_info</name>
         <load_address>0x719c</load_address>
         <run_address>0x719c</run_address>
         <size>0x3c0</size>
         <input_file_ref idref="fl-cd"/>
      </object_component>
      <object_component id="oc-368">
         <name>.debug_info</name>
         <load_address>0x755c</load_address>
         <run_address>0x755c</run_address>
         <size>0x30a</size>
         <input_file_ref idref="fl-cd"/>
      </object_component>
      <object_component id="oc-36d">
         <name>.debug_info</name>
         <load_address>0x7866</load_address>
         <run_address>0x7866</run_address>
         <size>0x215</size>
         <input_file_ref idref="fl-cd"/>
      </object_component>
      <object_component id="oc-29d">
         <name>.debug_info</name>
         <load_address>0x7a7b</load_address>
         <run_address>0x7a7b</run_address>
         <size>0x215</size>
         <input_file_ref idref="fl-cd"/>
      </object_component>
      <object_component id="oc-2a3">
         <name>.debug_info</name>
         <load_address>0x7c90</load_address>
         <run_address>0x7c90</run_address>
         <size>0x304</size>
         <input_file_ref idref="fl-cd"/>
      </object_component>
      <object_component id="oc-2a9">
         <name>.debug_info</name>
         <load_address>0x7f94</load_address>
         <run_address>0x7f94</run_address>
         <size>0x4b5</size>
         <input_file_ref idref="fl-cd"/>
      </object_component>
      <object_component id="oc-178">
         <name>.debug_info</name>
         <load_address>0x8449</load_address>
         <run_address>0x8449</run_address>
         <size>0x5f4</size>
         <input_file_ref idref="fl-cd"/>
      </object_component>
      <object_component id="oc-2c1">
         <name>.debug_info</name>
         <load_address>0x8a3d</load_address>
         <run_address>0x8a3d</run_address>
         <size>0x86</size>
         <input_file_ref idref="fl-cd"/>
      </object_component>
      <object_component id="oc-397">
         <name>.debug_info</name>
         <load_address>0x8ac3</load_address>
         <run_address>0x8ac3</run_address>
         <size>0x39</size>
         <input_file_ref idref="fl-cd"/>
      </object_component>
      <object_component id="oc-400">
         <name>.debug_info</name>
         <load_address>0x8afc</load_address>
         <run_address>0x8afc</run_address>
         <size>0xb6</size>
         <input_file_ref idref="fl-cd"/>
      </object_component>
      <object_component id="oc-39c">
         <name>.debug_info</name>
         <load_address>0x8bb2</load_address>
         <run_address>0x8bb2</run_address>
         <size>0x46</size>
         <input_file_ref idref="fl-cd"/>
      </object_component>
      <object_component id="oc-2c6">
         <name>.debug_info</name>
         <load_address>0x8bf8</load_address>
         <run_address>0x8bf8</run_address>
         <size>0x46</size>
         <input_file_ref idref="fl-cd"/>
      </object_component>
      <object_component id="oc-357">
         <name>.debug_info</name>
         <load_address>0x8c3e</load_address>
         <run_address>0x8c3e</run_address>
         <size>0x14c</size>
         <input_file_ref idref="fl-ce"/>
      </object_component>
      <object_component id="oc-291">
         <name>.debug_info</name>
         <load_address>0x8d8a</load_address>
         <run_address>0x8d8a</run_address>
         <size>0x128</size>
         <input_file_ref idref="fl-cf"/>
      </object_component>
      <object_component id="oc-340">
         <name>.debug_info</name>
         <load_address>0x8eb2</load_address>
         <run_address>0x8eb2</run_address>
         <size>0x12a</size>
         <input_file_ref idref="fl-cf"/>
      </object_component>
      <object_component id="oc-33c">
         <name>.debug_info</name>
         <load_address>0x8fdc</load_address>
         <run_address>0x8fdc</run_address>
         <size>0x13a</size>
         <input_file_ref idref="fl-d0"/>
      </object_component>
      <object_component id="oc-336">
         <name>.debug_info</name>
         <load_address>0x9116</load_address>
         <run_address>0x9116</run_address>
         <size>0x13a</size>
         <input_file_ref idref="fl-d1"/>
      </object_component>
      <object_component id="oc-345">
         <name>.debug_info</name>
         <load_address>0x9250</load_address>
         <run_address>0x9250</run_address>
         <size>0x12e</size>
         <input_file_ref idref="fl-d2"/>
      </object_component>
      <object_component id="oc-351">
         <name>.debug_info</name>
         <load_address>0x937e</load_address>
         <run_address>0x937e</run_address>
         <size>0x12c</size>
         <input_file_ref idref="fl-d3"/>
      </object_component>
      <object_component id="oc-32f">
         <name>.debug_info</name>
         <load_address>0x94aa</load_address>
         <run_address>0x94aa</run_address>
         <size>0x134</size>
         <input_file_ref idref="fl-d4"/>
      </object_component>
      <object_component id="oc-317">
         <name>.debug_info</name>
         <load_address>0x95de</load_address>
         <run_address>0x95de</run_address>
         <size>0x4b3</size>
         <input_file_ref idref="fl-d5"/>
      </object_component>
      <object_component id="oc-256">
         <name>.debug_info</name>
         <load_address>0x9a91</load_address>
         <run_address>0x9a91</run_address>
         <size>0x1a6</size>
         <input_file_ref idref="fl-d5"/>
      </object_component>
      <object_component id="oc-3bd">
         <name>.debug_info</name>
         <load_address>0x9c37</load_address>
         <run_address>0x9c37</run_address>
         <size>0x39</size>
         <input_file_ref idref="fl-d5"/>
      </object_component>
      <object_component id="oc-408">
         <name>.debug_info</name>
         <load_address>0x9c70</load_address>
         <run_address>0x9c70</run_address>
         <size>0x39</size>
         <input_file_ref idref="fl-d5"/>
      </object_component>
      <object_component id="oc-3c2">
         <name>.debug_info</name>
         <load_address>0x9ca9</load_address>
         <run_address>0x9ca9</run_address>
         <size>0x39</size>
         <input_file_ref idref="fl-d5"/>
      </object_component>
      <object_component id="oc-3c7">
         <name>.debug_info</name>
         <load_address>0x9ce2</load_address>
         <run_address>0x9ce2</run_address>
         <size>0xcd</size>
         <input_file_ref idref="fl-d5"/>
      </object_component>
      <object_component id="oc-167">
         <name>.debug_info</name>
         <load_address>0x9daf</load_address>
         <run_address>0x9daf</run_address>
         <size>0x153</size>
         <input_file_ref idref="fl-d6"/>
      </object_component>
      <object_component id="oc-249">
         <name>.debug_info</name>
         <load_address>0x9f02</load_address>
         <run_address>0x9f02</run_address>
         <size>0x122</size>
         <input_file_ref idref="fl-d8"/>
      </object_component>
      <object_component id="oc-3db">
         <name>.debug_info</name>
         <load_address>0xa024</load_address>
         <run_address>0xa024</run_address>
         <size>0x29c</size>
         <input_file_ref idref="fl-da"/>
      </object_component>
      <object_component id="oc-34d">
         <name>.debug_info</name>
         <load_address>0xa2c0</load_address>
         <run_address>0xa2c0</run_address>
         <size>0x1da</size>
         <input_file_ref idref="fl-da"/>
      </object_component>
      <object_component id="oc-388">
         <name>.debug_info</name>
         <load_address>0xa49a</load_address>
         <run_address>0xa49a</run_address>
         <size>0x2a7</size>
         <input_file_ref idref="fl-dc"/>
      </object_component>
      <object_component id="oc-2b0">
         <name>.debug_info</name>
         <load_address>0xa741</load_address>
         <run_address>0xa741</run_address>
         <size>0x1b8</size>
         <input_file_ref idref="fl-dc"/>
      </object_component>
      <object_component id="oc-3f2">
         <name>.debug_info</name>
         <load_address>0xa8f9</load_address>
         <run_address>0xa8f9</run_address>
         <size>0x29a</size>
         <input_file_ref idref="fl-dd"/>
      </object_component>
      <object_component id="oc-383">
         <name>.debug_info</name>
         <load_address>0xab93</load_address>
         <run_address>0xab93</run_address>
         <size>0x262</size>
         <input_file_ref idref="fl-dd"/>
      </object_component>
      <object_component id="oc-2d4">
         <name>.debug_info</name>
         <load_address>0xadf5</load_address>
         <run_address>0xadf5</run_address>
         <size>0x290</size>
         <input_file_ref idref="fl-de"/>
      </object_component>
      <object_component id="oc-1a5">
         <name>.debug_info</name>
         <load_address>0xb085</load_address>
         <run_address>0xb085</run_address>
         <size>0x198</size>
         <input_file_ref idref="fl-de"/>
      </object_component>
      <object_component id="oc-32d">
         <name>.debug_info</name>
         <load_address>0xb21d</load_address>
         <run_address>0xb21d</run_address>
         <size>0x28f</size>
         <input_file_ref idref="fl-df"/>
      </object_component>
      <object_component id="oc-286">
         <name>.debug_info</name>
         <load_address>0xb4ac</load_address>
         <run_address>0xb4ac</run_address>
         <size>0x245</size>
         <input_file_ref idref="fl-df"/>
      </object_component>
      <object_component id="oc-2d2">
         <name>.debug_info</name>
         <load_address>0xb6f1</load_address>
         <run_address>0xb6f1</run_address>
         <size>0x295</size>
         <input_file_ref idref="fl-e0"/>
      </object_component>
      <object_component id="oc-19e">
         <name>.debug_info</name>
         <load_address>0xb986</load_address>
         <run_address>0xb986</run_address>
         <size>0x1c3</size>
         <input_file_ref idref="fl-e0"/>
      </object_component>
      <object_component id="oc-394">
         <name>.debug_info</name>
         <load_address>0xbb49</load_address>
         <run_address>0xbb49</run_address>
         <size>0x289</size>
         <input_file_ref idref="fl-e1"/>
      </object_component>
      <object_component id="oc-391">
         <name>.debug_info</name>
         <load_address>0xbdd2</load_address>
         <run_address>0xbdd2</run_address>
         <size>0x10e</size>
         <input_file_ref idref="fl-e1"/>
      </object_component>
      <object_component id="oc-2ba">
         <name>.debug_info</name>
         <load_address>0xbee0</load_address>
         <run_address>0xbee0</run_address>
         <size>0x14e</size>
         <input_file_ref idref="fl-e1"/>
      </object_component>
      <object_component id="oc-38f">
         <name>.debug_info</name>
         <load_address>0xc02e</load_address>
         <run_address>0xc02e</run_address>
         <size>0x28f</size>
         <input_file_ref idref="fl-e2"/>
      </object_component>
      <object_component id="oc-2b4">
         <name>.debug_info</name>
         <load_address>0xc2bd</load_address>
         <run_address>0xc2bd</run_address>
         <size>0x15a</size>
         <input_file_ref idref="fl-e2"/>
      </object_component>
      <object_component id="oc-3f5">
         <name>.debug_info</name>
         <load_address>0xc417</load_address>
         <run_address>0xc417</run_address>
         <size>0x46</size>
         <input_file_ref idref="fl-e2"/>
      </object_component>
      <object_component id="oc-38a">
         <name>.debug_info</name>
         <load_address>0xc45d</load_address>
         <run_address>0xc45d</run_address>
         <size>0x39</size>
         <input_file_ref idref="fl-e2"/>
      </object_component>
      <object_component id="oc-3e3">
         <name>.debug_info</name>
         <load_address>0xc496</load_address>
         <run_address>0xc496</run_address>
         <size>0x295</size>
         <input_file_ref idref="fl-e3"/>
      </object_component>
      <object_component id="oc-376">
         <name>.debug_info</name>
         <load_address>0xc72b</load_address>
         <run_address>0xc72b</run_address>
         <size>0x195</size>
         <input_file_ref idref="fl-e3"/>
      </object_component>
      <object_component id="oc-419">
         <name>.debug_info</name>
         <load_address>0xc8c0</load_address>
         <run_address>0xc8c0</run_address>
         <size>0x39</size>
         <input_file_ref idref="fl-e3"/>
      </object_component>
      <object_component id="oc-3e4">
         <name>.debug_info</name>
         <load_address>0xc8f9</load_address>
         <run_address>0xc8f9</run_address>
         <size>0x2c</size>
         <input_file_ref idref="fl-e3"/>
      </object_component>
      <object_component id="oc-3f0">
         <name>.debug_info</name>
         <load_address>0xc925</load_address>
         <run_address>0xc925</run_address>
         <size>0x2f8</size>
         <input_file_ref idref="fl-e4"/>
      </object_component>
      <object_component id="oc-37b">
         <name>.debug_info</name>
         <load_address>0xcc1d</load_address>
         <run_address>0xcc1d</run_address>
         <size>0x225</size>
         <input_file_ref idref="fl-e4"/>
      </object_component>
      <object_component id="oc-3d1">
         <name>.debug_info</name>
         <load_address>0xce42</load_address>
         <run_address>0xce42</run_address>
         <size>0x115</size>
         <input_file_ref idref="fl-e5"/>
      </object_component>
      <object_component id="oc-3eb">
         <name>.debug_info</name>
         <load_address>0xcf57</load_address>
         <run_address>0xcf57</run_address>
         <size>0x161</size>
         <input_file_ref idref="fl-e6"/>
      </object_component>
      <object_component id="oc-204">
         <name>.debug_info</name>
         <load_address>0xd0b8</load_address>
         <run_address>0xd0b8</run_address>
         <size>0x227</size>
         <input_file_ref idref="fl-e7"/>
      </object_component>
      <object_component id="oc-210">
         <name>.debug_info</name>
         <load_address>0xd2df</load_address>
         <run_address>0xd2df</run_address>
         <size>0x156</size>
         <input_file_ref idref="fl-e7"/>
      </object_component>
      <object_component id="oc-229">
         <name>.debug_info</name>
         <load_address>0xd435</load_address>
         <run_address>0xd435</run_address>
         <size>0x2dd</size>
         <input_file_ref idref="fl-e7"/>
      </object_component>
      <object_component id="oc-123">
         <name>.debug_info</name>
         <load_address>0xd712</load_address>
         <run_address>0xd712</run_address>
         <size>0x413</size>
         <input_file_ref idref="fl-e7"/>
      </object_component>
      <object_component id="oc-206">
         <name>.debug_info</name>
         <load_address>0xdb25</load_address>
         <run_address>0xdb25</run_address>
         <size>0x2de</size>
         <input_file_ref idref="fl-e7"/>
      </object_component>
      <object_component id="oc-e7">
         <name>.debug_info</name>
         <load_address>0xde03</load_address>
         <run_address>0xde03</run_address>
         <size>0x3e8</size>
         <input_file_ref idref="fl-e7"/>
      </object_component>
      <object_component id="oc-215">
         <name>.debug_info</name>
         <load_address>0xe1eb</load_address>
         <run_address>0xe1eb</run_address>
         <size>0x265</size>
         <input_file_ref idref="fl-e7"/>
      </object_component>
      <object_component id="oc-e1">
         <name>.debug_info</name>
         <load_address>0xe450</load_address>
         <run_address>0xe450</run_address>
         <size>0x28c</size>
         <input_file_ref idref="fl-e7"/>
      </object_component>
      <object_component id="oc-10b">
         <name>.debug_info</name>
         <load_address>0xe6dc</load_address>
         <run_address>0xe6dc</run_address>
         <size>0x2c7</size>
         <input_file_ref idref="fl-e7"/>
      </object_component>
      <object_component id="oc-111">
         <name>.debug_info</name>
         <load_address>0xe9a3</load_address>
         <run_address>0xe9a3</run_address>
         <size>0x28a</size>
         <input_file_ref idref="fl-e7"/>
      </object_component>
      <object_component id="oc-ed">
         <name>.debug_info</name>
         <load_address>0xec2d</load_address>
         <run_address>0xec2d</run_address>
         <size>0x286</size>
         <input_file_ref idref="fl-e7"/>
      </object_component>
      <object_component id="oc-f9">
         <name>.debug_info</name>
         <load_address>0xeeb3</load_address>
         <run_address>0xeeb3</run_address>
         <size>0x26c</size>
         <input_file_ref idref="fl-e7"/>
      </object_component>
      <object_component id="oc-105">
         <name>.debug_info</name>
         <load_address>0xf11f</load_address>
         <run_address>0xf11f</run_address>
         <size>0x242</size>
         <input_file_ref idref="fl-e7"/>
      </object_component>
      <object_component id="oc-ff">
         <name>.debug_info</name>
         <load_address>0xf361</load_address>
         <run_address>0xf361</run_address>
         <size>0x360</size>
         <input_file_ref idref="fl-e7"/>
      </object_component>
      <object_component id="oc-1ff">
         <name>.debug_info</name>
         <load_address>0xf6c1</load_address>
         <run_address>0xf6c1</run_address>
         <size>0x1b3</size>
         <input_file_ref idref="fl-e7"/>
      </object_component>
      <object_component id="oc-196">
         <name>.debug_info</name>
         <load_address>0xf874</load_address>
         <run_address>0xf874</run_address>
         <size>0x18b</size>
         <input_file_ref idref="fl-e7"/>
      </object_component>
      <object_component id="oc-1d0">
         <name>.debug_info</name>
         <load_address>0xf9ff</load_address>
         <run_address>0xf9ff</run_address>
         <size>0x240</size>
         <input_file_ref idref="fl-e8"/>
      </object_component>
      <object_component id="oc-1cd">
         <name>.debug_info</name>
         <load_address>0xfc3f</load_address>
         <run_address>0xfc3f</run_address>
         <size>0x15b</size>
         <input_file_ref idref="fl-e8"/>
      </object_component>
      <object_component id="oc-1d2">
         <name>.debug_info</name>
         <load_address>0xfd9a</load_address>
         <run_address>0xfd9a</run_address>
         <size>0x2b3</size>
         <input_file_ref idref="fl-e8"/>
      </object_component>
      <object_component id="oc-1d8">
         <name>.debug_info</name>
         <load_address>0x1004d</load_address>
         <run_address>0x1004d</run_address>
         <size>0x316</size>
         <input_file_ref idref="fl-e8"/>
      </object_component>
      <object_component id="oc-bd">
         <name>.debug_info</name>
         <load_address>0x10363</load_address>
         <run_address>0x10363</run_address>
         <size>0x27b</size>
         <input_file_ref idref="fl-e8"/>
      </object_component>
      <object_component id="oc-f3">
         <name>.debug_info</name>
         <load_address>0x105de</load_address>
         <run_address>0x105de</run_address>
         <size>0x279</size>
         <input_file_ref idref="fl-e8"/>
      </object_component>
      <object_component id="oc-b7">
         <name>.debug_info</name>
         <load_address>0x10857</load_address>
         <run_address>0x10857</run_address>
         <size>0x280</size>
         <input_file_ref idref="fl-e8"/>
      </object_component>
      <object_component id="oc-220">
         <name>.debug_info</name>
         <load_address>0x10ad7</load_address>
         <run_address>0x10ad7</run_address>
         <size>0x20e</size>
         <input_file_ref idref="fl-e9"/>
      </object_component>
      <object_component id="oc-21d">
         <name>.debug_info</name>
         <load_address>0x10ce5</load_address>
         <run_address>0x10ce5</run_address>
         <size>0x210</size>
         <input_file_ref idref="fl-e9"/>
      </object_component>
      <object_component id="oc-2fb">
         <name>.debug_info</name>
         <load_address>0x10ef5</load_address>
         <run_address>0x10ef5</run_address>
         <size>0x157</size>
         <input_file_ref idref="fl-e9"/>
      </object_component>
      <object_component id="oc-1f7">
         <name>.debug_info</name>
         <load_address>0x1104c</load_address>
         <run_address>0x1104c</run_address>
         <size>0x2c1</size>
         <input_file_ref idref="fl-e9"/>
      </object_component>
      <object_component id="oc-11d">
         <name>.debug_info</name>
         <load_address>0x1130d</load_address>
         <run_address>0x1130d</run_address>
         <size>0x23e</size>
         <input_file_ref idref="fl-e9"/>
      </object_component>
      <object_component id="oc-117">
         <name>.debug_info</name>
         <load_address>0x1154b</load_address>
         <run_address>0x1154b</run_address>
         <size>0x268</size>
         <input_file_ref idref="fl-e9"/>
      </object_component>
      <object_component id="oc-1cb">
         <name>.debug_info</name>
         <load_address>0x117b3</load_address>
         <run_address>0x117b3</run_address>
         <size>0x298</size>
         <input_file_ref idref="fl-ea"/>
      </object_component>
      <object_component id="oc-1df">
         <name>.debug_info</name>
         <load_address>0x11a4b</load_address>
         <run_address>0x11a4b</run_address>
         <size>0x14d</size>
         <input_file_ref idref="fl-ea"/>
      </object_component>
      <object_component id="oc-b1">
         <name>.debug_info</name>
         <load_address>0x11b98</load_address>
         <run_address>0x11b98</run_address>
         <size>0x27d</size>
         <input_file_ref idref="fl-ea"/>
      </object_component>
      <object_component id="oc-12c">
         <name>.debug_info</name>
         <load_address>0x11e15</load_address>
         <run_address>0x11e15</run_address>
         <size>0x2db</size>
         <input_file_ref idref="fl-ea"/>
      </object_component>
      <object_component id="oc-c4">
         <name>.debug_info</name>
         <load_address>0x120f0</load_address>
         <run_address>0x120f0</run_address>
         <size>0x2b5</size>
         <input_file_ref idref="fl-ea"/>
      </object_component>
      <object_component id="oc-2e4">
         <name>.debug_info</name>
         <load_address>0x123a5</load_address>
         <run_address>0x123a5</run_address>
         <size>0x5f</size>
         <input_file_ref idref="fl-ea"/>
      </object_component>
      <object_component id="oc-19b">
         <name>.debug_info</name>
         <load_address>0x12404</load_address>
         <run_address>0x12404</run_address>
         <size>0x227</size>
         <input_file_ref idref="fl-eb"/>
      </object_component>
      <object_component id="oc-2f4">
         <name>.debug_info</name>
         <load_address>0x1262b</load_address>
         <run_address>0x1262b</run_address>
         <size>0x157</size>
         <input_file_ref idref="fl-eb"/>
      </object_component>
[...]
      </symbol>
      <symbol id="sm-192">
         <name>prevS</name>
         <value>0x200005a8</value>
         <object_component_ref idref="oc-74"/>
      </symbol>
      <symbol id="sm-193">
         <name>adcDispTicks</name>
         <value>0x200005c4</value>
         <object_component_ref idref="oc-74"/>
      </symbol>
      <symbol id="sm-194">
         <name>prevAdcDispTicks</name>
         <value>0x200005c8</value>
         <object_component_ref idref="oc-74"/>
      </symbol>
      <symbol id="sm-195">
         <name>UART_Printf</name>
         <value>0x639</value>
         <object_component_ref idref="oc-2d"/>
      </symbol>
      <symbol id="sm-196">
         <name>UART_WriteString</name>
         <value>0xf23</value>
         <object_component_ref idref="oc-2d"/>
      </symbol>
      <symbol id="sm-197">
         <name>PortF_Config</name>
         <value>0x693</value>
         <object_component_ref idref="oc-2d"/>
      </symbol>
      <symbol id="sm-198">
         <name>prevAdcResult</name>
         <value>0x200005c0</value>
         <object_component_ref idref="oc-74"/>
      </symbol>
      <symbol id="sm-199">
         <name>state</name>
         <value>0x200005d4</value>
         <object_component_ref idref="oc-74"/>
      </symbol>
      <symbol id="sm-19a">
         <name>CAN_Timer_Start</name>
         <value>0xe01</value>
         <object_component_ref idref="oc-2d"/>
      </symbol>
      <symbol id="sm-19b">
         <name>CAN_Config</name>
         <value>0xcb1</value>
         <object_component_ref idref="oc-2d"/>
      </symbol>
      <symbol id="sm-19c">
         <name>string_received</name>
         <value>0x200005cc</value>
         <object_component_ref idref="oc-74"/>
      </symbol>
      <symbol id="sm-19d">
         <name>UART_Timer_Control</name>
         <value>0x7f9</value>
         <object_component_ref idref="oc-2d"/>
      </symbol>
      <symbol id="sm-19e">
         <name>displayRefresh</name>
         <value>0x2000059c</value>
         <object_component_ref idref="oc-74"/>
      </symbol>
      <symbol id="sm-19f">
         <name>main</name>
         <value>0xf6d</value>
         <object_component_ref idref="oc-2d"/>
      </symbol>
      <symbol id="sm-1a0">
         <name>g_bTXReady</name>
         <value>0x200005d9</value>
         <object_component_ref idref="oc-74"/>
      </symbol>
      <symbol id="sm-1a1">
         <name>UART_Config</name>
         <value>0xae5</value>
         <object_component_ref idref="oc-2d"/>
      </symbol>
      <symbol id="sm-1a2">
         <name>prevLedBlinkTicks</name>
         <value>0x20000594</value>
         <object_component_ref idref="oc-74"/>
      </symbol>
      <symbol id="sm-1a3">
         <name>UART0_Handler</name>
         <value>0x929</value>
         <object_component_ref idref="oc-2d"/>
      </symbol>
      <symbol id="sm-1a4">
         <name>adcResult</name>
         <value>0x200005bc</value>
         <object_component_ref idref="oc-74"/>
      </symbol>
      <symbol id="sm-1a5">
         <name>prevMin</name>
         <value>0x200005ac</value>
         <object_component_ref idref="oc-74"/>
      </symbol>
      <symbol id="sm-1a6">
         <name>CAN_RX_Control</name>
         <value>0xe95</value>
         <object_component_ref idref="oc-2d"/>
      </symbol>
      <symbol id="sm-1a7">
         <name>CAN_Timer_Stop</name>
         <value>0xe31</value>
         <object_component_ref idref="oc-2d"/>
      </symbol>
      <symbol id="sm-1a8">
         <name>SysTick_Config</name>
         <value>0x26d</value>
         <object_component_ref idref="oc-2d"/>
      </symbol>
      <symbol id="sm-1a9">
         <name>minCount</name>
         <value>0x200005b0</value>
         <object_component_ref idref="oc-74"/>
      </symbol>
      <symbol id="sm-1aa">
         <name>CAN_Timer_Pause</name>
         <value>0xe5b</value>
         <object_component_ref idref="oc-2d"/>
      </symbol>
      <symbol id="sm-1ab">
         <name>timerSet</name>
         <value>0x200005a4</value>
         <object_component_ref idref="oc-74"/>
      </symbol>
      <symbol id="sm-1ac">
         <name>rx_idx</name>
         <value>0x200005d0</value>
         <object_component_ref idref="oc-74"/>
      </symbol>
      <symbol id="sm-1ad">
         <name>disp_state</name>
         <value>0x200005b8</value>
         <object_component_ref idref="oc-74"/>
      </symbol>
      <symbol id="sm-1ae">
         <name>g_bRXFlag</name>
         <value>0x200005d8</value>
         <object_component_ref idref="oc-74"/>
      </symbol>
      <symbol id="sm-1af">
         <name>Display_Config</name>
         <value>0x447</value>
         <object_component_ref idref="oc-2d"/>
      </symbol>
      <symbol id="sm-1b0">
         <name>refreshTicks</name>
         <value>0x20000598</value>
         <object_component_ref idref="oc-74"/>
      </symbol>
      <symbol id="sm-1cc">
         <name>ResetISR</name>
         <value>0x38e1</value>
         <object_component_ref idref="oc-27"/>
      </symbol>
      <symbol id="sm-1cd">
         <name>g_pfnVectors</name>
         <value>0x0</value>
         <object_component_ref idref="oc-12"/>
      </symbol>
      <symbol id="sm-1fc">
         <name>vsnprintf</name>
         <value>0x3495</value>
         <object_component_ref idref="oc-77"/>
      </symbol>
      <symbol id="sm-217">
         <name>memcpy</name>
         <value>0x2c8f</value>
         <object_component_ref idref="oc-41"/>
      </symbol>
      <symbol id="sm-218">
         <name>__aeabi_memcpy</name>
         <value>0x2c8f</value>
         <object_component_ref idref="oc-41"/>
      </symbol>
      <symbol id="sm-219">
         <name>__aeabi_memcpy8</name>
         <value>0x2c8f</value>
         <object_component_ref idref="oc-41"/>
      </symbol>
      <symbol id="sm-21a">
         <name>__aeabi_memcpy4</name>
         <value>0x2c8f</value>
         <object_component_ref idref="oc-41"/>
      </symbol>
      <symbol id="sm-229">
         <name>__aeabi_memset</name>
         <value>0x2ecf</value>
         <object_component_ref idref="oc-95"/>
      </symbol>
      <symbol id="sm-22a">
         <name>memset</name>
         <value>0x2ed5</value>
         <object_component_ref idref="oc-95"/>
      </symbol>
      <symbol id="sm-22b">
         <name>__aeabi_memset8</name>
         <value>0x2ecf</value>
         <object_component_ref idref="oc-95"/>
      </symbol>
      <symbol id="sm-22c">
         <name>__aeabi_memset4</name>
         <value>0x2ecf</value>
         <object_component_ref idref="oc-95"/>
      </symbol>
      <symbol id="sm-22d">
         <name>__aeabi_memclr8</name>
         <value>0x2ecd</value>
         <object_component_ref idref="oc-95"/>
      </symbol>
      <symbol id="sm-22e">
         <name>__aeabi_memclr4</name>
         <value>0x2ecd</value>
         <object_component_ref idref="oc-95"/>
      </symbol>
      <symbol id="sm-22f">
         <name>__aeabi_memclr</name>
         <value>0x2ecd</value>
         <object_component_ref idref="oc-95"/>
      </symbol>
      <symbol id="sm-248">
         <name>__TI_zero_init_nomemset</name>
         <value>0x3771</value>
         <object_component_ref idref="oc-4d"/>
      </symbol>
      <symbol id="sm-25f">
         <name>__TI_decompress_none</name>
         <value>0x38c7</value>
         <object_component_ref idref="oc-1b"/>
      </symbol>
      <symbol id="sm-282">
         <name>__TI_decompress_lzss</name>
         <value>0x3089</value>
         <object_component_ref idref="oc-15"/>
      </symbol>
      <symbol id="sm-298">
         <name>atoi</name>
         <value>0x32ad</value>
         <object_component_ref idref="oc-8f"/>
      </symbol>
      <symbol id="sm-2a3">
         <name>_ctypes_</name>
         <value>0x3938</value>
         <object_component_ref idref="oc-1af"/>
      </symbol>
      <symbol id="sm-2b2">
         <name>strcmp</name>
         <value>0x380b</value>
         <object_component_ref idref="oc-89"/>
      </symbol>
      <symbol id="sm-2cb">
         <name>strtok</name>
         <value>0x3455</value>
         <object_component_ref idref="oc-83"/>
      </symbol>
      <symbol id="sm-2da">
         <name>tolower</name>
         <value>0x38a9</value>
         <object_component_ref idref="oc-a9"/>
      </symbol>
      <symbol id="sm-2ed">
         <name>__stack</name>
         <value>0x20000270</value>
         <object_component_ref idref="oc-24"/>
      </symbol>
      <symbol id="sm-2ee">
         <name>_c_int00_noargs</name>
         <value>0x35b5</value>
         <object_component_ref idref="oc-5f"/>
      </symbol>
      <symbol id="sm-453">
         <name>__TI_printfi</name>
         <value>0x1075</value>
         <object_component_ref idref="oc-177"/>
      </symbol>
      <symbol id="sm-46a">
         <name>__aeabi_dsub</name>
         <value>0x1f05</value>
         <object_component_ref idref="oc-354"/>
      </symbol>
      <symbol id="sm-46b">
         <name>__aeabi_dadd</name>
         <value>0x1f0f</value>
         <object_component_ref idref="oc-354"/>
      </symbol>
      <symbol id="sm-48d">
         <name>__aeabi_cdcmpeq</name>
         <value>0x2dc1</value>
         <object_component_ref idref="oc-290"/>
      </symbol>
      <symbol id="sm-48e">
         <name>__aeabi_cdcmple</name>
         <value>0x2dc1</value>
         <object_component_ref idref="oc-290"/>
      </symbol>
      <symbol id="sm-48f">
         <name>__aeabi_cdrcmple</name>
         <value>0x2e47</value>
         <object_component_ref idref="oc-33f"/>
      </symbol>
      <symbol id="sm-4a3">
         <name>__aeabi_ddiv</name>
         <value>0x232f</value>
         <object_component_ref idref="oc-33a"/>
      </symbol>
      <symbol id="sm-4ae">
         <name>__aeabi_dmul</name>
         <value>0x29eb</value>
         <object_component_ref idref="oc-335"/>
      </symbol>
      <symbol id="sm-4b8">
         <name>__aeabi_d2iz</name>
         <value>0x3341</value>
         <object_component_ref idref="oc-344"/>
      </symbol>
      <symbol id="sm-4c2">
         <name>__aeabi_i2d</name>
         <value>0x3619</value>
         <object_component_ref idref="oc-34f"/>
      </symbol>
      <symbol id="sm-4cf">
         <name>__aeabi_uldivmod</name>
         <value>0x2d2b</value>
         <object_component_ref idref="oc-32e"/>
      </symbol>
      <symbol id="sm-4f7">
         <name>__TI_auto_init_nobinit_nopinit</name>
         <value>0x33d1</value>
         <object_component_ref idref="oc-252"/>
      </symbol>
      <symbol id="sm-501">
         <name>_system_pre_init</name>
         <value>0x392f</value>
         <object_component_ref idref="oc-163"/>
      </symbol>
      <symbol id="sm-50d">
         <name>C$$EXIT</name>
         <value>0x3933</value>
         <object_component_ref idref="oc-246"/>
      </symbol>
      <symbol id="sm-50e">
         <name>abort</name>
         <value>0x3933</value>
         <object_component_ref idref="oc-246"/>
      </symbol>
      <symbol id="sm-51e">
         <name>__TI_ltoa</name>
         <value>0x3207</value>
         <object_component_ref idref="oc-349"/>
      </symbol>
      <symbol id="sm-52f">
         <name>memccpy</name>
         <value>0x378d</value>
         <object_component_ref idref="oc-2ad"/>
      </symbol>
      <symbol id="sm-53f">
         <name>strchr</name>
         <value>0x3823</value>
         <object_component_ref idref="oc-380"/>
      </symbol>
      <symbol id="sm-550">
         <name>strcspn</name>
         <value>0x36e9</value>
         <object_component_ref idref="oc-1a2"/>
      </symbol>
      <symbol id="sm-55e">
         <name>strlen</name>
         <value>0x384d</value>
         <object_component_ref idref="oc-284"/>
      </symbol>
      <symbol id="sm-570">
         <name>strspn</name>
         <value>0x369b</value>
         <object_component_ref idref="oc-19c"/>
      </symbol>
      <symbol id="sm-586">
         <name>__aeabi_errno_addr</name>
         <value>0x391d</value>
         <object_component_ref idref="oc-2b9"/>
      </symbol>
      <symbol id="sm-587">
         <name>errno</name>
         <value>0x200005e0</value>
         <object_component_ref idref="oc-390"/>
      </symbol>
      <symbol id="sm-5a0">
         <name>wcslen</name>
         <value>0x3885</value>
         <object_component_ref idref="oc-2b3"/>
      </symbol>
      <symbol id="sm-5c0">
         <name>frexpl</name>
         <value>0x30f1</value>
         <object_component_ref idref="oc-374"/>
      </symbol>
      <symbol id="sm-5c1">
         <name>frexp</name>
         <value>0x30f1</value>
         <object_component_ref idref="oc-374"/>
      </symbol>
      <symbol id="sm-5de">
         <name>scalbn</name>
         <value>0x27cd</value>
         <object_component_ref idref="oc-37a"/>
      </symbol>
      <symbol id="sm-5df">
         <name>scalbnl</name>
         <value>0x27cd</value>
         <object_component_ref idref="oc-37a"/>
      </symbol>
      <symbol id="sm-5e0">
         <name>ldexpl</name>
         <value>0x27cd</value>
         <object_component_ref idref="oc-37a"/>
      </symbol>
      <symbol id="sm-5e1">
         <name>ldexp</name>
         <value>0x27cd</value>
         <object_component_ref idref="oc-37a"/>
      </symbol>
      <symbol id="sm-5eb">
         <name>__aeabi_idiv0</name>
         <value>0x1ac3</value>
         <object_component_ref idref="oc-3d0"/>
      </symbol>
      <symbol id="sm-5ec">
         <name>__aeabi_ldiv0</name>
         <value>0x1ac3</value>
         <object_component_ref idref="oc-3d0"/>
      </symbol>
      <symbol id="sm-5f6">
         <name>copysign</name>
         <value>0x37a9</value>
         <object_component_ref idref="oc-3e9"/>
      </symbol>
      <symbol id="sm-5f7">
         <name>copysignl</name>
         <value>0x37a9</value>
         <object_component_ref idref="oc-3e9"/>
      </symbol>
      <symbol id="sm-6ad">
         <name>CANIntRegister</name>
         <value>0x37c3</value>
         <object_component_ref idref="oc-10a"/>
      </symbol>
      <symbol id="sm-6ae">
         <name>CANMessageGet</name>
         <value>0x28dd</value>
         <object_component_ref idref="oc-e6"/>
      </symbol>
      <symbol id="sm-6af">
         <name>CANBitRateSet</name>
         <value>0x2fb5</value>
         <object_component_ref idref="oc-fe"/>
      </symbol>
      <symbol id="sm-6b0">
         <name>CANEnable</name>
         <value>0x38ed</value>
         <object_component_ref idref="oc-104"/>
      </symbol>
      <symbol id="sm-6b1">
         <name>CANMessageSet</name>
         <value>0x21f9</value>
         <object_component_ref idref="oc-122"/>
      </symbol>
      <symbol id="sm-6b2">
         <name>CANIntClear</name>
         <value>0x370d</value>
         <object_component_ref idref="oc-ec"/>
      </symbol>
      <symbol id="sm-6b3">
         <name>CANIntStatus</name>
         <value>0x372f</value>
         <object_component_ref idref="oc-e0"/>
      </symbol>
      <symbol id="sm-6b4">
         <name>CANInit</name>
         <value>0x3513</value>
         <object_component_ref idref="oc-f8"/>
      </symbol>
      <symbol id="sm-6b5">
         <name>CANIntEnable</name>
         <value>0x390b</value>
         <object_component_ref idref="oc-110"/>
      </symbol>
      <symbol id="sm-6ef">
         <name>GPIOPinConfigure</name>
         <value>0x32f9</value>
         <object_component_ref idref="oc-b6"/>
      </symbol>
      <symbol id="sm-6f0">
         <name>GPIOPinTypeUART</name>
         <value>0x3873</value>
         <object_component_ref idref="oc-bc"/>
      </symbol>
      <symbol id="sm-6f1">
         <name>GPIODirModeSet</name>
         <value>0x3647</value>
         <object_component_ref idref="oc-1d1"/>
      </symbol>
      <symbol id="sm-6f2">
         <name>GPIOPadConfigSet</name>
         <value>0x2465</value>
         <object_component_ref idref="oc-1d7"/>
      </symbol>
      <symbol id="sm-6f3">
         <name>GPIOPinTypeCAN</name>
         <value>0x3861</value>
         <object_component_ref idref="oc-f2"/>
      </symbol>
      <symbol id="sm-735">
         <name>IntEnable</name>
         <value>0x3021</value>
         <object_component_ref idref="oc-116"/>
      </symbol>
      <symbol id="sm-736">
         <name>IntRegister</name>
         <value>0x354d</value>
         <object_component_ref idref="oc-1f6"/>
      </symbol>
      <symbol id="sm-737">
         <name>g_pfnRAMVectors</name>
         <value>0x20000000</value>
         <object_component_ref idref="oc-2fa"/>
      </symbol>
      <symbol id="sm-738">
         <name>IntMasterEnable</name>
         <value>0x3897</value>
         <object_component_ref idref="oc-11c"/>
      </symbol>
      <symbol id="sm-78a">
         <name>SysCtlClockSet</name>
         <value>0x2ae9</value>
         <object_component_ref idref="oc-12a"/>
      </symbol>
      <symbol id="sm-78b">
         <name>SysCtlDelay</name>
         <value>0x3925</value>
         <object_component_ref idref="oc-22f"/>
      </symbol>
      <symbol id="sm-78c">
         <name>SysCtlPeripheralEnable</name>
         <value>0x3581</value>
         <object_component_ref idref="oc-b0"/>
      </symbol>
      <symbol id="sm-78d">
         <name>SysCtlClockGet</name>
         <value>0x26bd</value>
         <object_component_ref idref="oc-c2"/>
      </symbol>
      <symbol id="sm-7fe">
         <name>UARTFIFODisable</name>
         <value>0x3901</value>
         <object_component_ref idref="oc-da"/>
      </symbol>
      <symbol id="sm-7ff">
         <name>UARTConfigSetExpClk</name>
         <value>0x3389</value>
         <object_component_ref idref="oc-c8"/>
      </symbol>
      <symbol id="sm-800">
         <name>UARTDisable</name>
         <value>0x3751</value>
         <object_component_ref idref="oc-1e2"/>
      </symbol>
      <symbol id="sm-801">
         <name>UARTIntEnable</name>
         <value>0x3913</value>
         <object_component_ref idref="oc-ce"/>
      </symbol>
      <symbol id="sm-802">
         <name>UARTCharGetNonBlocking</name>
         <value>0x38b9</value>
         <object_component_ref idref="oc-a3"/>
      </symbol>
      <symbol id="sm-803">
         <name>UARTCharPut</name>
         <value>0x38f7</value>
         <object_component_ref idref="oc-7d"/>
      </symbol>
      <symbol id="sm-804">
         <name>UARTEnable</name>
         <value>0x3839</value>
         <object_component_ref idref="oc-1e8"/>
      </symbol>
      <symbol id="sm-805">
         <name>UARTIntClear</name>
         <value>0x392b</value>
         <object_component_ref idref="oc-9d"/>
      </symbol>
      <symbol id="sm-806">
         <name>UARTIntRegister</name>
         <value>0x37db</value>
         <object_component_ref idref="oc-d4"/>
      </symbol>
      <symbol id="sm-810">
         <name>CPUcpsie</name>
         <value>0x38d5</value>
         <object_component_ref idref="oc-221"/>
      </symbol>
      <symbol id="sm-811">
         <name>__TI_static_base__</name>
         <value>0x0</value>
      </symbol>
      <symbol id="sm-814">
         <name>__mpu_init</name>
         <value>0x0</value>
      </symbol>
      <symbol id="sm-815">
         <name>_system_post_cinit</name>
         <value>0x0</value>
      </symbol>
   </symbol_table>
   <title>Link successful</title>
</link_info>
