******************************************************************************
                  TI ARM Linker PC v20.2.7                     
******************************************************************************
>> Linked Tue Apr  8 11:25:16 2025

OUTPUT FILE NAME:   <Lab_6_rtc2.out>
ENTRY POINT SYMBOL: "_c_int00_noargs"  address: 00000a79


MEMORY CONFIGURATION

         name            origin    length      used     unused   attr    fill
----------------------  --------  ---------  --------  --------  ----  --------
  FLASH                 00000000   00040000  00000b1a  0003f4e6  R  X
  SRAM                  20000000   00008000  00000221  00007ddf  RW X


SEGMENT ALLOCATION MAP

run origin  load origin   length   init length attrs members
----------  ----------- ---------- ----------- ----- -------
00000000    00000000    00000b20   00000b20    r-x
  00000000    00000000    0000026c   0000026c    r-- .intvecs
  0000026c    0000026c    0000087e   0000087e    r-x .text
  00000af0    00000af0    00000030   00000030    r-- .cinit
20000000    20000000    00000221   00000000    rw-
  20000000    20000000    00000200   00000000    rw- .stack
  20000200    20000200    00000020   00000000    rw- .bss
  20000220    20000220    00000001   00000000    rw- .data


SECTION ALLOCATION MAP

 output                                  attributes/
section   page    origin      length       input sections
--------  ----  ----------  ----------   ----------------
.intvecs   0    00000000    0000026c     
                  00000000    0000026c     tm4c123gh6pm_startup_ccs.obj (.intvecs)

.text      0    0000026c    0000087e     
                  0000026c    000006c4     main.obj (.text)
                  00000930    0000009c     rtsv7M4_T_le_v4SPD16_eabi.lib : memcpy_t2.asm.obj (.text)
                  000009cc    00000068                                   : copy_decompress_lzss.c.obj (.text:decompress:lzss:__TI_decompress_lzss)
                  00000a34    00000044                                   : autoinit.c.obj (.text:__TI_auto_init_nobinit_nopinit:__TI_auto_init_nobinit_nopinit)
                  00000a78    00000034                                   : boot_cortex_m.c.obj (.text:_c_int00_noargs:_c_int00_noargs)
                  00000aac    0000001c                                   : copy_zero_init.c.obj (.text:decompress:ZI:__TI_zero_init_nomemset:__TI_zero_init_nomemset)
                  00000ac8    0000000e                                   : copy_decompress_none.c.obj (.text:decompress:none:__TI_decompress_none)
                  00000ad6    0000000c     tm4c123gh6pm_startup_ccs.obj (.text)
                  00000ae2    00000004     rtsv7M4_T_le_v4SPD16_eabi.lib : pre_init.c.obj (.text:_system_pre_init)
                  00000ae6    00000004                                   : exit.c.obj (.text:abort:abort)

.cinit     0    00000af0    00000030     
                  00000af0    0000000c     (__TI_handler_table)
                  00000afc    00000004     --HOLE-- [fill = 0]
                  00000b00    00000008     (.cinit..bss.load) [load image, compression = zero_init]
                  00000b08    00000005     (.cinit..data.load) [load image, compression = lzss]
                  00000b0d    00000003     --HOLE-- [fill = 0]
                  00000b10    00000010     (__TI_cinit_table)

.init_array 
*          0    00000000    00000000     UNINITIALIZED

.bss       0    20000200    00000020     UNINITIALIZED
                  20000200    00000010     (.common:dateStr)
                  20000210    00000010     (.common:timeStr)

.data      0    20000220    00000001     UNINITIALIZED
                  20000220    00000001     main.obj (.data)

.stack     0    20000000    00000200     UNINITIALIZED
                  20000000    00000004     rtsv7M4_T_le_v4SPD16_eabi.lib : boot_cortex_m.c.obj (.stack)
                  20000004    000001fc     --HOLE--

__llvm_prf_cnts 
*          0    20000000    00000000     UNINITIALIZED

MODULE SUMMARY

       Module                         code   ro data   rw data
       ------                         ----   -------   -------
    .\
       main.obj                       1732   0         33     
       tm4c123gh6pm_startup_ccs.obj   12     620       0      
    +--+------------------------------+------+---------+---------+
       Total:                         1744   620       33     
                                                              
    C:\ti\ccs1240\ccs\tools\compiler\ti-cgt-arm_20.2.7.LTS\lib\rtsv7M4_T_le_v4SPD16_eabi.lib
       memcpy_t2.asm.obj              156    0         0      
       copy_decompress_lzss.c.obj     104    0         0      
       autoinit.c.obj                 68     0         0      
       boot_cortex_m.c.obj            52     0         0      
       copy_zero_init.c.obj           28     0         0      
       copy_decompress_none.c.obj     14     0         0      
       exit.c.obj                     4      0         0      
       pre_init.c.obj                 4      0         0      
    +--+------------------------------+------+---------+---------+
       Total:                         430    0         0      
                                                              
       Stack:                         0      0         512    
       Linker Generated:              0      41        0      
    +--+------------------------------+------+---------+---------+
       Grand Total:                   2174   661       545    


LINKER GENERATED COPY TABLES

__TI_cinit_table @ 00000b10 records: 2, size/record: 8, table size: 16
	.bss: load addr=00000b00, load size=00000008 bytes, run addr=20000200, run size=00000020 bytes, compression=zero_init
	.data: load addr=00000b08, load size=00000005 bytes, run addr=20000220, run size=00000001 bytes, compression=lzss


LINKER GENERATED HANDLER TABLE

__TI_handler_table @ 00000af0 records: 3, size/record: 4, table size: 12
	index: 0, handler: __TI_decompress_lzss
	index: 1, handler: __TI_decompress_none
	index: 2, handler: __TI_zero_init


GLOBAL SYMBOLS: SORTED ALPHABETICALLY BY Name 

address   name                          
-------   ----                          
00000543  BCD_to_Decimal                
00000ae7  C$$EXIT                       
00000567  Decimal_to_BCD                
0000035f  I2C3_ByteWrite                
000002f9  I2C3_Init                     
000003b9  I2C3_Read                     
00000671  RTC_GetDateTime               
000005d5  RTC_Init                      
00000ad7  ResetISR                      
00000297  SysTick_Init                  
000002b3  SysTick_Wait                  
000002d3  SysTick_Wait10ms              
000004ad  UART0_Init                    
0000050b  UART0_SendChar                
00000527  UART0_SendString              
0000075d  Update_Display                
20000200  __STACK_END                   
00000200  __STACK_SIZE                  
20000200  __STACK_TOP                   
00000b10  __TI_CINIT_Base               
00000b20  __TI_CINIT_Limit              
00000af0  __TI_Handler_Table_Base       
00000afc  __TI_Handler_Table_Limit      
00000a35  __TI_auto_init_nobinit_nopinit
000009cd  __TI_decompress_lzss          
00000ac9  __TI_decompress_none          
ffffffff  __TI_pprof_out_hndl           
ffffffff  __TI_prof_data_size           
ffffffff  __TI_prof_data_start          
00000000  __TI_static_base__            
00000aad  __TI_zero_init_nomemset       
00000931  __aeabi_memcpy                
00000931  __aeabi_memcpy4               
00000931  __aeabi_memcpy8               
ffffffff  __binit__                     
ffffffff  __c_args__                    
UNDEFED   __mpu_init                    
20000000  __stack                       
20000000  __start___llvm_prf_cnts       
20000000  __stop___llvm_prf_cnts        
00000a79  _c_int00_noargs               
UNDEFED   _system_post_cinit            
00000ae3  _system_pre_init              
00000ae7  abort                         
ffffffff  binit                         
20000200  dateStr                       
00000000  g_pfnVectors                  
0000026d  main                          
00000931  memcpy                        
20000210  timeStr                       


GLOBAL SYMBOLS: SORTED BY Symbol Address 

address   name                          
-------   ----                          
00000000  __TI_static_base__            
00000000  g_pfnVectors                  
00000200  __STACK_SIZE                  
0000026d  main                          
00000297  SysTick_Init                  
000002b3  SysTick_Wait                  
000002d3  SysTick_Wait10ms              
000002f9  I2C3_Init                     
0000035f  I2C3_ByteWrite                
000003b9  I2C3_Read                     
000004ad  UART0_Init                    
0000050b  UART0_SendChar                
00000527  UART0_SendString              
00000543  BCD_to_Decimal                
00000567  Decimal_to_BCD                
000005d5  RTC_Init                      
00000671  RTC_GetDateTime               
0000075d  Update_Display                
00000931  __aeabi_memcpy                
00000931  __aeabi_memcpy4               
00000931  __aeabi_memcpy8               
00000931  memcpy                        
000009cd  __TI_decompress_lzss          
00000a35  __TI_auto_init_nobinit_nopinit
00000a79  _c_int00_noargs               
00000aad  __TI_zero_init_nomemset       
00000ac9  __TI_decompress_none          
00000ad7  ResetISR                      
00000ae3  _system_pre_init              
00000ae7  C$$EXIT                       
00000ae7  abort                         
00000af0  __TI_Handler_Table_Base       
00000afc  __TI_Handler_Table_Limit      
00000b10  __TI_CINIT_Base               
00000b20  __TI_CINIT_Limit              
20000000  __stack                       
20000000  __start___llvm_prf_cnts       
20000000  __stop___llvm_prf_cnts        
20000200  __STACK_END                   
20000200  __STACK_TOP                   
20000200  dateStr                       
20000210  timeStr                       
ffffffff  __TI_pprof_out_hndl           
ffffffff  __TI_prof_data_size           
ffffffff  __TI_prof_data_start          
ffffffff  __binit__                     
ffffffff  __c_args__                    
ffffffff  binit                         
UNDEFED   __mpu_init                    
UNDEFED   _system_post_cinit            

[50 symbols]
