******************************************************************************
                  TI ARM Linker PC v20.2.7                     
******************************************************************************
>> Linked Wed Mar 26 22:35:53 2025

OUTPUT FILE NAME:   <Lab_5_file.out>
ENTRY POINT SYMBOL: "_c_int00_noargs"  address: 00001f05


MEMORY CONFIGURATION

         name            origin    length      used     unused   attr    fill
----------------------  --------  ---------  --------  --------  ----  --------
  FLASH                 00000000   00040000  000023e6  0003dc1a  R  X
  SRAM                  20000000   00008000  00000532  00007ace  RW X


SEGMENT ALLOCATION MAP

run origin  load origin   length   init length attrs members
----------  ----------- ---------- ----------- ----- -------
00000000    00000000    000023e8   000023e8    r-x
  00000000    00000000    0000026c   0000026c    r-- .intvecs
  0000026c    0000026c    00001e18   00001e18    r-x .text
  00002084    00002084    000002fa   000002fa    r-- .const
  00002380    00002380    00000068   00000068    r-- .cinit
20000000    20000000    00000536   00000000    rw-
  20000000    20000000    0000026c   00000000    rw- .vtable
  20000270    20000270    00000200   00000000    rw- .stack
  20000470    20000470    00000074   00000000    rw- .bss
  200004e4    200004e4    00000052   00000000    rw- .data


SECTION ALLOCATION MAP

 output                                  attributes/
section   page    origin      length       input sections
--------  ----  ----------  ----------   ----------------
.intvecs   0    00000000    0000026c     
                  00000000    0000026c     tm4c123gh6pm_startup_ccs.obj (.intvecs)

.text      0    0000026c    00001e18     
                  0000026c    00000fcc     main.obj (.text)
                  00001238    000003b8     UART.obj (.text)
                  000015f0    000003a8     GPIO.obj (.text)
                  00001998    00000132     driverlib.lib : gpio.obj (.text:GPIOPadConfigSet)
                  00001aca    00000002     rtsv7M4_T_le_v4SPD16_eabi.lib : div0.asm.obj (.text)
                  00001acc    00000110     driverlib.lib : sysctl.obj (.text:SysCtlClockGet)
                  00001bdc    0000009c     rtsv7M4_T_le_v4SPD16_eabi.lib : memcpy_t2.asm.obj (.text)
                  00001c78    00000068     driverlib.lib : interrupt.obj (.text:IntEnable)
                  00001ce0    00000068     rtsv7M4_T_le_v4SPD16_eabi.lib : copy_decompress_lzss.c.obj (.text:decompress:lzss:__TI_decompress_lzss)
                  00001d48    00000048     driverlib.lib : gpio.obj (.text:GPIOPinConfigure)
                  00001d90    00000046                   : uart.obj (.text:UARTConfigSetExpClk)
                  00001dd6    00000002     --HOLE-- [fill = 0]
                  00001dd8    00000044     rtsv7M4_T_le_v4SPD16_eabi.lib : autoinit.c.obj (.text:__TI_auto_init_nobinit_nopinit:__TI_auto_init_nobinit_nopinit)
                  00001e1c    00000040     driverlib.lib : uart.obj (.text:_UARTIntNumberGet)
                  00001e5c    00000040     rtsv7M4_T_le_v4SPD16_eabi.lib : u_divt2.asm.obj (.text)
                  00001e9c    00000034     driverlib.lib : interrupt.obj (.text:IntRegister)
                  00001ed0    00000034                   : sysctl.obj (.text:SysCtlPeripheralEnable)
                  00001f04    00000034     rtsv7M4_T_le_v4SPD16_eabi.lib : boot_cortex_m.c.obj (.text:_c_int00_noargs:_c_int00_noargs)
                  00001f38    0000002c                                   : strncmp.c.obj (.text:strncmp)
                  00001f64    0000002a     driverlib.lib : gpio.obj (.text:GPIODirModeSet)
                  00001f8e    00000002     --HOLE-- [fill = 0]
                  00001f90    00000020                   : uart.obj (.text:UARTDisable)
                  00001fb0    0000001c     rtsv7M4_T_le_v4SPD16_eabi.lib : copy_zero_init.c.obj (.text:decompress:ZI:__TI_zero_init_nomemset:__TI_zero_init_nomemset)
                  00001fcc    00000018     driverlib.lib : uart.obj (.text:UARTIntRegister)
                  00001fe4    00000018     rtsv7M4_T_le_v4SPD16_eabi.lib : strcmp.c.obj (.text:strcmp)
                  00001ffc    00000014     driverlib.lib : uart.obj (.text:UARTEnable)
                  00002010    00000012                   : gpio.obj (.text:GPIOPinTypeUART)
                  00002022    00000002     --HOLE-- [fill = 0]
                  00002024    00000010     rtsv7M4_T_le_v4SPD16_eabi.lib : tolower.c.obj (.text:tolower)
                  00002034    0000000e     driverlib.lib : uart.obj (.text:UARTCharGetNonBlocking)
                  00002042    0000000e     rtsv7M4_T_le_v4SPD16_eabi.lib : copy_decompress_none.c.obj (.text:decompress:none:__TI_decompress_none)
                  00002050    0000000c     tm4c123gh6pm_startup_ccs.obj (.text)
                  0000205c    0000000a     driverlib.lib : uart.obj (.text:UARTCharPut)
                  00002066    0000000a                   : uart.obj (.text:UARTFIFODisable)
                  00002070    00000008                   : uart.obj (.text:UARTIntEnable)
                  00002078    00000004                   : uart.obj (.text:UARTIntClear)
                  0000207c    00000004     rtsv7M4_T_le_v4SPD16_eabi.lib : pre_init.c.obj (.text:_system_pre_init)
                  00002080    00000004                                   : exit.c.obj (.text:abort:abort)

.const     0    00002084    000002fa     
                  00002084    00000101     rtsv7M4_T_le_v4SPD16_eabi.lib : ctype.c.obj (.const:.string:_ctypes_)
                  00002185    00000003     main.obj (.const:.string:port_e_values)
                  00002188    00000090     driverlib.lib : gpio.obj (.const:g_pui32GPIOBaseAddrs)
                  00002218    00000070                   : interrupt.obj (.const)
                  00002288    0000006c                   : sysctl.obj (.const:g_pui32Xtals)
                  000022f4    00000040                   : uart.obj (.const:g_ppui32UARTIntMap)
                  00002334    00000040                   : uart.obj (.const:g_ppui32UARTIntMapSnowflake)
                  00002374    0000000a     main.obj (.const:.string:display_values)

.cinit     0    00002380    00000068     
                  00002380    00000032     (.cinit..data.load) [load image, compression = lzss]
                  000023b2    00000002     --HOLE-- [fill = 0]
                  000023b4    0000000c     (__TI_handler_table)
                  000023c0    00000008     (.cinit..bss.load) [load image, compression = zero_init]
                  000023c8    00000008     (.cinit..vtable.load) [load image, compression = zero_init]
                  000023d0    00000018     (__TI_cinit_table)

.init_array 
*          0    00000000    00000000     UNINITIALIZED

.vtable    0    20000000    0000026c     UNINITIALIZED
                  20000000    0000026c     driverlib.lib : interrupt.obj (.vtable)

.bss       0    20000470    00000074     UNINITIALIZED
                  20000470    00000064     (.common:val)
                  200004d4    00000004     (.common:minute)
                  200004d8    00000004     (.common:pos)
                  200004dc    00000004     (.common:second)
                  200004e0    00000004     (.common:second_set)

.data      0    200004e4    00000052     UNINITIALIZED
                  200004e4    0000002a     main.obj (.data)
                  2000050e    00000002     --HOLE--
                  20000510    00000018     main.obj (.data:ledArray)
                  20000528    00000007     main.obj (.data:lock_state)
                  2000052f    00000007     main.obj (.data:lock_state_count)

.stack     0    20000270    00000200     UNINITIALIZED
                  20000270    00000004     rtsv7M4_T_le_v4SPD16_eabi.lib : boot_cortex_m.c.obj (.stack)
                  20000274    000001fc     --HOLE--

__llvm_prf_cnts 
*          0    20000000    00000000     UNINITIALIZED

MODULE SUMMARY

       Module                         code   ro data   rw data
       ------                         ----   -------   -------
    .\
       main.obj                       4044   13        92     
       UART.obj                       952    0         104    
       GPIO.obj                       936    0         0      
       tm4c123gh6pm_startup_ccs.obj   12     620       0      
    +--+------------------------------+------+---------+---------+
       Total:                         5944   633       196    
                                                              
    C:/ti/tivaware_c_series_2_1_4_178/driverlib/ccs/Debug/driverlib.lib
       interrupt.obj                  156    112       620    
       gpio.obj                       438    144       0      
       sysctl.obj                     324    108       0      
       uart.obj                       256    128       0      
    +--+------------------------------+------+---------+---------+
       Total:                         1174   492       620    
                                                              
    C:\ti\ccs1240\ccs\tools\compiler\ti-cgt-arm_20.2.7.LTS\lib\rtsv7M4_T_le_v4SPD16_eabi.lib
       ctype.c.obj                    0      257       0      
       memcpy_t2.asm.obj              156    0         0      
       copy_decompress_lzss.c.obj     104    0         0      
       autoinit.c.obj                 68     0         0      
       u_divt2.asm.obj                64     0         0      
       boot_cortex_m.c.obj            52     0         0      
       strncmp.c.obj                  44     0         0      
       copy_zero_init.c.obj           28     0         0      
       strcmp.c.obj                   24     0         0      
       tolower.c.obj                  16     0         0      
       copy_decompress_none.c.obj     14     0         0      
       exit.c.obj                     4      0         0      
       pre_init.c.obj                 4      0         0      
       div0.asm.obj                   2      0         0      
    +--+------------------------------+------+---------+---------+
       Total:                         580    257       0      
                                                              
       Stack:                         0      0         512    
       Linker Generated:              0      102       0      
    +--+------------------------------+------+---------+---------+
       Grand Total:                   7698   1484      1328   


LINKER GENERATED COPY TABLES

__TI_cinit_table @ 000023d0 records: 3, size/record: 8, table size: 24
	.data: load addr=00002380, load size=00000032 bytes, run addr=200004e4, run size=00000052 bytes, compression=lzss
	.bss: load addr=000023c0, load size=00000008 bytes, run addr=20000470, run size=00000074 bytes, compression=zero_init
	.vtable: load addr=000023c8, load size=00000008 bytes, run addr=20000000, run size=0000026c bytes, compression=zero_init


LINKER GENERATED HANDLER TABLE

__TI_handler_table @ 000023b4 records: 3, size/record: 4, table size: 12
	index: 0, handler: __TI_zero_init
	index: 1, handler: __TI_decompress_lzss
	index: 2, handler: __TI_decompress_none


GLOBAL SYMBOLS: SORTED ALPHABETICALLY BY Name 

address   name                          
-------   ----                          
00000621  ADC_ISR                       
00002081  C$$EXIT                       
0000092d  DisableInterrupts             
000015f1  EnableInterrupts              
00001f65  GPIODirModeSet                
00001999  GPIOPadConfigSet              
00001d49  GPIOPinConfigure              
00002011  GPIOPinTypeUART               
00000cf5  GPIO_PORTC_ISR                
00000c05  GPIO_PORTF_ISR                
00001c79  IntEnable                     
00001e9d  IntRegister                   
000017af  LED_BLUE                      
000017c7  LED_DARK                      
000017b7  LED_GREEN                     
000017a7  LED_RED                       
000017d7  LED_SKYBLUE                   
000017bf  LED_WHITE                     
000017cf  LED_YELLOW                    
00000507  PWM_init                      
00002051  ResetISR                      
00001acd  SysCtlClockGet                
00001ed1  SysCtlPeripheralEnable        
00000935  SysTick_Timer_ISR             
00000aa7  UART0_ISR                     
00002035  UARTCharGetNonBlocking        
0000205d  UARTCharPut                   
00001d91  UARTConfigSetExpClk           
00001f91  UARTDisable                   
00001ffd  UARTEnable                    
00002067  UARTFIFODisable               
00002079  UARTIntClear                  
00002071  UARTIntEnable                 
00001fcd  UARTIntRegister               
00000931  WaitForInterrupt              
20000470  __STACK_END                   
00000200  __STACK_SIZE                  
20000470  __STACK_TOP                   
000023d0  __TI_CINIT_Base               
000023e8  __TI_CINIT_Limit              
000023b4  __TI_Handler_Table_Base       
000023c0  __TI_Handler_Table_Limit      
00001dd9  __TI_auto_init_nobinit_nopinit
00001ce1  __TI_decompress_lzss          
00002043  __TI_decompress_none          
ffffffff  __TI_pprof_out_hndl           
ffffffff  __TI_prof_data_size           
ffffffff  __TI_prof_data_start          
00000000  __TI_static_base__            
00001fb1  __TI_zero_init_nomemset       
00001acb  __aeabi_idiv0                 
00001acb  __aeabi_ldiv0                 
00001bdd  __aeabi_memcpy                
00001bdd  __aeabi_memcpy4               
00001bdd  __aeabi_memcpy8               
00001e5d  __aeabi_uidiv                 
00001e5d  __aeabi_uidivmod              
ffffffff  __binit__                     
ffffffff  __c_args__                    
UNDEFED   __mpu_init                    
20000270  __stack                       
20000000  __start___llvm_prf_cnts       
20000000  __stop___llvm_prf_cnts        
00001f05  _c_int00_noargs               
00002084  _ctypes_                      
UNDEFED   _system_post_cinit            
0000207d  _system_pre_init              
00002081  abort                         
20000508  adc_display                   
00000473  adc_init                      
ffffffff  binit                         
00001551  blink_value                   
000014d1  buffer_fill                   
000012c5  code_check                    
200004e5  count                         
200004ec  current_tick                  
20000500  current_value                 
00002374  display_values                
20000000  g_pfnRAMVectors               
00000000  g_pfnVectors                  
000015f5  init                          
200004e4  keypad_count                  
20000510  ledArray                      
000017df  led_blink                     
200004fc  led_colour                    
200004f9  led_state                     
20000528  lock_state                    
2000052f  lock_state_count              
0000026d  main                          
00001bdd  memcpy                        
200004d4  minute                        
200004f4  minute_set                    
00001853  motor_driver_init             
0000179f  off                           
00001783  on                            
200004fa  on_flag                       
00002185  port_e_values                 
200004d8  pos                           
2000050c  prev_result                   
20000504  pwm_value                     
2000050a  result                        
200004dc  second                        
200004e0  second_set                    
00000add  state_action                  
00001fe5  strcmp                        
00001f39  strncmp                       
0000058f  systick_init                  
200004e8  ticks                         
200004f8  timer_count                   
200004f0  timer_state                   
00001289  to_lowercase                  
00002025  tolower                       
00001239  uart_config                   
20000470  val                           


GLOBAL SYMBOLS: SORTED BY Symbol Address 

address   name                          
-------   ----                          
00000000  __TI_static_base__            
00000000  g_pfnVectors                  
00000200  __STACK_SIZE                  
0000026d  main                          
00000473  adc_init                      
00000507  PWM_init                      
0000058f  systick_init                  
00000621  ADC_ISR                       
0000092d  DisableInterrupts             
00000931  WaitForInterrupt              
00000935  SysTick_Timer_ISR             
00000aa7  UART0_ISR                     
00000add  state_action                  
00000c05  GPIO_PORTF_ISR                
00000cf5  GPIO_PORTC_ISR                
00001239  uart_config                   
00001289  to_lowercase                  
000012c5  code_check                    
000014d1  buffer_fill                   
00001551  blink_value                   
000015f1  EnableInterrupts              
000015f5  init                          
00001783  on                            
0000179f  off                           
000017a7  LED_RED                       
000017af  LED_BLUE                      
000017b7  LED_GREEN                     
000017bf  LED_WHITE                     
000017c7  LED_DARK                      
000017cf  LED_YELLOW                    
000017d7  LED_SKYBLUE                   
000017df  led_blink                     
00001853  motor_driver_init             
00001999  GPIOPadConfigSet              
00001acb  __aeabi_idiv0                 
00001acb  __aeabi_ldiv0                 
00001acd  SysCtlClockGet                
00001bdd  __aeabi_memcpy                
00001bdd  __aeabi_memcpy4               
00001bdd  __aeabi_memcpy8               
00001bdd  memcpy                        
00001c79  IntEnable                     
00001ce1  __TI_decompress_lzss          
00001d49  GPIOPinConfigure              
00001d91  UARTConfigSetExpClk           
00001dd9  __TI_auto_init_nobinit_nopinit
00001e5d  __aeabi_uidiv                 
00001e5d  __aeabi_uidivmod              
00001e9d  IntRegister                   
00001ed1  SysCtlPeripheralEnable        
00001f05  _c_int00_noargs               
00001f39  strncmp                       
00001f65  GPIODirModeSet                
00001f91  UARTDisable                   
00001fb1  __TI_zero_init_nomemset       
00001fcd  UARTIntRegister               
00001fe5  strcmp                        
00001ffd  UARTEnable                    
00002011  GPIOPinTypeUART               
00002025  tolower                       
00002035  UARTCharGetNonBlocking        
00002043  __TI_decompress_none          
00002051  ResetISR                      
0000205d  UARTCharPut                   
00002067  UARTFIFODisable               
00002071  UARTIntEnable                 
00002079  UARTIntClear                  
0000207d  _system_pre_init              
00002081  C$$EXIT                       
00002081  abort                         
00002084  _ctypes_                      
00002185  port_e_values                 
00002374  display_values                
000023b4  __TI_Handler_Table_Base       
000023c0  __TI_Handler_Table_Limit      
000023d0  __TI_CINIT_Base               
000023e8  __TI_CINIT_Limit              
20000000  __start___llvm_prf_cnts       
20000000  __stop___llvm_prf_cnts        
20000000  g_pfnRAMVectors               
20000270  __stack                       
20000470  __STACK_END                   
20000470  __STACK_TOP                   
20000470  val                           
200004d4  minute                        
200004d8  pos                           
200004dc  second                        
200004e0  second_set                    
200004e4  keypad_count                  
200004e5  count                         
200004e8  ticks                         
200004ec  current_tick                  
200004f0  timer_state                   
200004f4  minute_set                    
200004f8  timer_count                   
200004f9  led_state                     
200004fa  on_flag                       
200004fc  led_colour                    
20000500  current_value                 
20000504  pwm_value                     
20000508  adc_display                   
2000050a  result                        
2000050c  prev_result                   
20000510  ledArray                      
20000528  lock_state                    
2000052f  lock_state_count              
ffffffff  __TI_pprof_out_hndl           
ffffffff  __TI_prof_data_size           
ffffffff  __TI_prof_data_start          
ffffffff  __binit__                     
ffffffff  __c_args__                    
ffffffff  binit                         
UNDEFED   __mpu_init                    
UNDEFED   _system_post_cinit            

[114 symbols]
