******************************************************************************
                  TI ARM Linker PC v20.2.7                     
******************************************************************************
>> Linked Thu Apr 17 11:42:33 2025

OUTPUT FILE NAME:   <Lab_6_CAN.out>
ENTRY POINT SYMBOL: "_c_int00_noargs"  address: 000035b5


MEMORY CONFIGURATION

         name            origin    length      used     unused   attr    fill
----------------------  --------  ---------  --------  --------  ----  --------
  FLASH                 00000000   00040000  00003c8e  0003c372  R  X
  SRAM                  20000000   00008000  000005e2  00007a1e  RW X


SEGMENT ALLOCATION MAP

run origin  load origin   length   init length attrs members
----------  ----------- ---------- ----------- ----- -------
00000000    00000000    00003c90   00003c90    r-x
  00000000    00000000    0000026c   0000026c    r-- .intvecs
  0000026c    0000026c    000036ca   000036ca    r-x .text
  00003938    00003938    00000310   00000310    r-- .const
  00003c48    00003c48    00000048   00000048    r-- .cinit
20000000    20000000    000005e8   00000000    rw-
  20000000    20000000    0000026c   00000000    rw- .vtable
  20000270    20000270    00000200   00000000    rw- .stack
  20000470    20000470    0000011e   00000000    rw- .bss
  20000590    20000590    00000058   00000000    rw- .data


SECTION ALLOCATION MAP

 output                                  attributes/
section   page    origin      length       input sections
--------  ----  ----------  ----------   ----------------
.intvecs   0    00000000    0000026c     
                  00000000    0000026c     tm4c123gh6pm_startup_ccs.obj (.intvecs)

.text      0    0000026c    000036ca     
                  0000026c    00000e08     main.obj (.text)
                  00001074    00000a4e     rtsv7M4_T_le_v4SPD16_eabi.lib : _printfi.c.obj (.text:__TI_printfi)
                  00001ac2    00000002                                   : div0.asm.obj (.text)
                  00001ac4    00000270                                   : _printfi.c.obj (.text:_pconv_a)
                  00001d34    000001d0                                   : _printfi.c.obj (.text:_pconv_g)
                  00001f04    000001b6                                   : fd_add_t2.asm.obj (.text)
                  000020ba    00000002     --HOLE-- [fill = 0]
                  000020bc    0000013c                                   : _printfi.c.obj (.text:_pconv_e)
                  000021f8    00000136     driverlib.lib : can.obj (.text:CANMessageSet)
                  0000232e    00000136     rtsv7M4_T_le_v4SPD16_eabi.lib : fd_div_t2.asm.obj (.text)
                  00002464    00000132     driverlib.lib : gpio.obj (.text:GPIOPadConfigSet)
                  00002596    00000002     --HOLE-- [fill = 0]
                  00002598    00000124     rtsv7M4_T_le_v4SPD16_eabi.lib : _printfi.c.obj (.text:fcvt)
                  000026bc    00000110     driverlib.lib : sysctl.obj (.text:SysCtlClockGet)
                  000027cc    00000110     rtsv7M4_T_le_v4SPD16_eabi.lib : s_scalbn.c.obj (.text:scalbn)
                  000028dc    0000010e     driverlib.lib : can.obj (.text:CANMessageGet)
                  000029ea    000000fc     rtsv7M4_T_le_v4SPD16_eabi.lib : fd_mul_t2.asm.obj (.text)
                  00002ae6    00000002     --HOLE-- [fill = 0]
                  00002ae8    000000f4     driverlib.lib : sysctl.obj (.text:SysCtlClockSet)
                  00002bdc    000000b1     rtsv7M4_T_le_v4SPD16_eabi.lib : _printfi.c.obj (.text:_ltostr)
                  00002c8d    00000001     --HOLE-- [fill = 0]
                  00002c8e    0000009c                                   : memcpy_t2.asm.obj (.text)
                  00002d2a    00000096                                   : ull_div_t2.asm.obj (.text)
                  00002dc0    00000086                                   : fd_cmp_t2.asm.obj (.text:__aeabi_cdcmple)
                  00002e46    00000086                                   : fd_cmp_t2.asm.obj (.text:__aeabi_cdrcmple)
                  00002ecc    0000007a                                   : memset_t2.asm.obj (.text)
                  00002f46    0000006e                                   : _printfi.c.obj (.text:_mcpy)
                  00002fb4    0000006c     driverlib.lib : can.obj (.text:CANBitRateSet)
                  00003020    00000068                   : interrupt.obj (.text:IntEnable)
                  00003088    00000068     rtsv7M4_T_le_v4SPD16_eabi.lib : copy_decompress_lzss.c.obj (.text:decompress:lzss:__TI_decompress_lzss)
                  000030f0    00000064                                   : s_frexp.c.obj (.text:frexp)
                  00003154    0000005c     driverlib.lib : can.obj (.text:_CANIntNumberGet)
                  000031b0    00000056     rtsv7M4_T_le_v4SPD16_eabi.lib : _printfi.c.obj (.text:_pconv_f)
                  00003206    00000054                                   : _ltoa.c.obj (.text:__TI_ltoa)
                  0000325a    00000052                                   : _printfi.c.obj (.text:_ecpy)
                  000032ac    0000004c                                   : atoi.c.obj (.text:atoi)
                  000032f8    00000048     driverlib.lib : gpio.obj (.text:GPIOPinConfigure)
                  00003340    00000048     rtsv7M4_T_le_v4SPD16_eabi.lib : fd_toi_t2.asm.obj (.text)
                  00003388    00000046     driverlib.lib : uart.obj (.text:UARTConfigSetExpClk)
                  000033ce    00000002     --HOLE-- [fill = 0]
                  000033d0    00000044     rtsv7M4_T_le_v4SPD16_eabi.lib : autoinit.c.obj (.text:__TI_auto_init_nobinit_nopinit:__TI_auto_init_nobinit_nopinit)
                  00003414    00000040     driverlib.lib : uart.obj (.text:_UARTIntNumberGet)
                  00003454    00000040     rtsv7M4_T_le_v4SPD16_eabi.lib : strtok.c.obj (.text:strtok)
                  00003494    00000040                                   : vsnprintf.c.obj (.text:vsnprintf)
                  000034d4    0000003e                                   : _printfi.c.obj (.text:_fcpy)
                  00003512    0000003a     driverlib.lib : can.obj (.text:CANInit)
                  0000354c    00000034                   : interrupt.obj (.text:IntRegister)
                  00003580    00000034                   : sysctl.obj (.text:SysCtlPeripheralEnable)
                  000035b4    00000034     rtsv7M4_T_le_v4SPD16_eabi.lib : boot_cortex_m.c.obj (.text:_c_int00_noargs:_c_int00_noargs)
                  000035e8    00000030                                   : vsnprintf.c.obj (.text:_outs)
                  00003618    0000002e                                   : i_tofd_t2.asm.obj (.text)
                  00003646    0000002a     driverlib.lib : gpio.obj (.text:GPIODirModeSet)
                  00003670    0000002a                   : can.obj (.text:_CANDataRegRead)
                  0000369a    0000002a     rtsv7M4_T_le_v4SPD16_eabi.lib : strspn.c.obj (.text:strspn)
                  000036c4    00000024     driverlib.lib : can.obj (.text:_CANDataRegWrite)
                  000036e8    00000024     rtsv7M4_T_le_v4SPD16_eabi.lib : strcspn.c.obj (.text:strcspn)
                  0000370c    00000022     driverlib.lib : can.obj (.text:CANIntClear)
                  0000372e    00000020                   : can.obj (.text:CANIntStatus)
                  0000374e    00000002     --HOLE-- [fill = 0]
                  00003750    00000020                   : uart.obj (.text:UARTDisable)
                  00003770    0000001c     rtsv7M4_T_le_v4SPD16_eabi.lib : copy_zero_init.c.obj (.text:decompress:ZI:__TI_zero_init_nomemset:__TI_zero_init_nomemset)
                  0000378c    0000001c                                   : memccpy.c.obj (.text:memccpy)
                  000037a8    0000001a                                   : s_copysign.c.obj (.text:copysign)
                  000037c2    00000018     driverlib.lib : can.obj (.text:CANIntRegister)
                  000037da    00000018                   : uart.obj (.text:UARTIntRegister)
                  000037f2    00000018     rtsv7M4_T_le_v4SPD16_eabi.lib : vsnprintf.c.obj (.text:_outc)
                  0000380a    00000018                                   : strcmp.c.obj (.text:strcmp)
                  00003822    00000016                                   : strchr.c.obj (.text:strchr)
                  00003838    00000014     driverlib.lib : uart.obj (.text:UARTEnable)
                  0000384c    00000014     rtsv7M4_T_le_v4SPD16_eabi.lib : strlen.c.obj (.text:strlen)
                  00003860    00000012     driverlib.lib : gpio.obj (.text:GPIOPinTypeCAN)
                  00003872    00000012                   : gpio.obj (.text:GPIOPinTypeUART)
                  00003884    00000012     rtsv7M4_T_le_v4SPD16_eabi.lib : wcslen.c.obj (.text:wcslen)
                  00003896    00000010     driverlib.lib : interrupt.obj (.text:IntMasterEnable)
                  000038a6    00000002     --HOLE-- [fill = 0]
                  000038a8    00000010     rtsv7M4_T_le_v4SPD16_eabi.lib : tolower.c.obj (.text:tolower)
                  000038b8    0000000e     driverlib.lib : uart.obj (.text:UARTCharGetNonBlocking)
                  000038c6    0000000e     rtsv7M4_T_le_v4SPD16_eabi.lib : copy_decompress_none.c.obj (.text:decompress:none:__TI_decompress_none)
                  000038d4    0000000c     driverlib.lib : cpu.obj (.text:CPUcpsie)
                  000038e0    0000000c     tm4c123gh6pm_startup_ccs.obj (.text)
                  000038ec    0000000a     driverlib.lib : can.obj (.text:CANEnable)
                  000038f6    0000000a                   : uart.obj (.text:UARTCharPut)
                  00003900    0000000a                   : uart.obj (.text:UARTFIFODisable)
                  0000390a    00000008                   : can.obj (.text:CANIntEnable)
                  00003912    00000008                   : uart.obj (.text:UARTIntEnable)
                  0000391a    00000002     --HOLE-- [fill = 0]
                  0000391c    00000008     rtsv7M4_T_le_v4SPD16_eabi.lib : errno.c.obj (.text:__aeabi_errno_addr)
                  00003924    00000006     driverlib.lib : sysctl.obj (.text:SysCtlDelay)
                  0000392a    00000004                   : uart.obj (.text:UARTIntClear)
                  0000392e    00000004     rtsv7M4_T_le_v4SPD16_eabi.lib : pre_init.c.obj (.text:_system_pre_init)
                  00003932    00000004                                   : exit.c.obj (.text:abort:abort)

.const     0    00003938    00000310     
                  00003938    00000101     rtsv7M4_T_le_v4SPD16_eabi.lib : ctype.c.obj (.const:.string:_ctypes_)
                  00003a39    00000003     --HOLE-- [fill = 0]
                  00003a3c    00000090     driverlib.lib : gpio.obj (.const:g_pui32GPIOBaseAddrs)
                  00003acc    00000070                   : interrupt.obj (.const)
                  00003b3c    0000006c                   : sysctl.obj (.const:g_pui32Xtals)
                  00003ba8    00000040                   : uart.obj (.const:g_ppui32UARTIntMap)
                  00003be8    00000040                   : uart.obj (.const:g_ppui32UARTIntMapSnowflake)
                  00003c28    00000020                   : can.obj (.const)

.cinit     0    00003c48    00000048     
                  00003c48    00000011     (.cinit..data.load) [load image, compression = lzss]
                  00003c59    00000003     --HOLE-- [fill = 0]
                  00003c5c    0000000c     (__TI_handler_table)
                  00003c68    00000008     (.cinit..bss.load) [load image, compression = zero_init]
                  00003c70    00000008     (.cinit..vtable.load) [load image, compression = zero_init]
                  00003c78    00000018     (__TI_cinit_table)

.init_array 
*          0    00000000    00000000     UNINITIALIZED

.vtable    0    20000000    0000026c     UNINITIALIZED
                  20000000    0000026c     driverlib.lib : interrupt.obj (.vtable)

.bss       0    20000470    0000011e     UNINITIALIZED
                  20000470    00000064     (.common:rx_buffer)
                  200004d4    00000040     (.common:uartBuf)
                  20000514    00000014     (.common:rxMessage)
                  20000528    00000014     (.common:rxMessage1)
                  2000053c    00000014     (.common:rxMessage2)
                  20000550    00000014     (.common:rxMessage3)
                  20000564    00000014     (.common:rxMessage4)
                  20000578    00000014     (.common:txMessage)
                  2000058c    00000001     main.obj (.bss)
                  2000058d    00000001     (.common:rxData)

.data      0    20000590    00000058     UNINITIALIZED
                  20000590    0000004d     main.obj (.data)
                  200005dd    00000003     --HOLE--
                  200005e0    00000004     rtsv7M4_T_le_v4SPD16_eabi.lib : errno.c.obj (.data)
                  200005e4    00000004                                   : strtok.c.obj (.data)

.stack     0    20000270    00000200     UNINITIALIZED
                  20000270    00000004     rtsv7M4_T_le_v4SPD16_eabi.lib : boot_cortex_m.c.obj (.stack)
                  20000274    000001fc     --HOLE--

__llvm_prf_cnts 
*          0    20000000    00000000     UNINITIALIZED

MODULE SUMMARY

       Module                         code    ro data   rw data
       ------                         ----    -------   -------
    .\
       main.obj                       3592    0         363    
       tm4c123gh6pm_startup_ccs.obj   12      620       0      
    +--+------------------------------+-------+---------+---------+
       Total:                         3604    620       363    
                                                               
    C:/ti/tivaware_c_series_2_1_4_178/driverlib/ccs/Debug/driverlib.lib
       can.obj                        1024    32        0      
       interrupt.obj                  172     112       620    
       sysctl.obj                     574     108       0      
       gpio.obj                       456     144       0      
       uart.obj                       256     128       0      
       cpu.obj                        12      0         0      
    +--+------------------------------+-------+---------+---------+
       Total:                         2494    524       620    
                                                               
    C:\ti\ccs1240\ccs\tools\compiler\ti-cgt-arm_20.2.7.LTS\lib\rtsv7M4_T_le_v4SPD16_eabi.lib
       _printfi.c.obj                 4851    0         0      
       fd_add_t2.asm.obj              438     0         0      
       fd_div_t2.asm.obj              310     0         0      
       s_scalbn.c.obj                 272     0         0      
       fd_cmp_t2.asm.obj              268     0         0      
       ctype.c.obj                    0       257       0      
       fd_mul_t2.asm.obj              252     0         0      
       memcpy_t2.asm.obj              156     0         0      
       ull_div_t2.asm.obj             150     0         0      
       vsnprintf.c.obj                136     0         0      
       memset_t2.asm.obj              122     0         0      
       copy_decompress_lzss.c.obj     104     0         0      
       s_frexp.c.obj                  100     0         0      
       _ltoa.c.obj                    84      0         0      
       atoi.c.obj                     76      0         0      
       fd_toi_t2.asm.obj              72      0         0      
       autoinit.c.obj                 68      0         0      
       strtok.c.obj                   64      0         4      
       boot_cortex_m.c.obj            52      0         0      
       i_tofd_t2.asm.obj              46      0         0      
       strspn.c.obj                   42      0         0      
       strcspn.c.obj                  36      0         0      
       copy_zero_init.c.obj           28      0         0      
       memccpy.c.obj                  28      0         0      
       s_copysign.c.obj               26      0         0      
       strcmp.c.obj                   24      0         0      
       strchr.c.obj                   22      0         0      
       strlen.c.obj                   20      0         0      
       wcslen.c.obj                   18      0         0      
       tolower.c.obj                  16      0         0      
       copy_decompress_none.c.obj     14      0         0      
       errno.c.obj                    8       0         4      
       exit.c.obj                     4       0         0      
       pre_init.c.obj                 4       0         0      
       div0.asm.obj                   2       0         0      
    +--+------------------------------+-------+---------+---------+
       Total:                         7913    257       8      
                                                               
       Stack:                         0       0         512    
       Linker Generated:              0       69        0      
    +--+------------------------------+-------+---------+---------+
       Grand Total:                   14011   1470      1503   


LINKER GENERATED COPY TABLES

__TI_cinit_table @ 00003c78 records: 3, size/record: 8, table size: 24
	.data: load addr=00003c48, load size=00000011 bytes, run addr=20000590, run size=00000058 bytes, compression=lzss
	.bss: load addr=00003c68, load size=00000008 bytes, run addr=20000470, run size=0000011e bytes, compression=zero_init
	.vtable: load addr=00003c70, load size=00000008 bytes, run addr=20000000, run size=0000026c bytes, compression=zero_init


LINKER GENERATED HANDLER TABLE

__TI_handler_table @ 00003c5c records: 3, size/record: 4, table size: 12
	index: 0, handler: __TI_zero_init
	index: 1, handler: __TI_decompress_lzss
	index: 2, handler: __TI_decompress_none


GLOBAL SYMBOLS: SORTED ALPHABETICALLY BY Name 

address   name                          
-------   ----                          
00003933  C$$EXIT                       
00000bad  CAN0_Handler                  
00002fb5  CANBitRateSet                 
000038ed  CANEnable                     
00003513  CANInit                       
0000370d  CANIntClear                   
0000390b  CANIntEnable                  
000037c3  CANIntRegister                
0000372f  CANIntStatus                  
000028dd  CANMessageGet                 
000021f9  CANMessageSet                 
00000cb1  CAN_Config                    
00000e95  CAN_RX_Control                
00000e5b  CAN_Timer_Pause               
00000dc1  CAN_Timer_Set                 
00000e01  CAN_Timer_Start               
00000e31  CAN_Timer_Stop                
000038d5  CPUcpsie                      
00000447  Display_Config                
0000054d  Display_Time                  
00003647  GPIODirModeSet                
00002465  GPIOPadConfigSet              
000032f9  GPIOPinConfigure              
00003861  GPIOPinTypeCAN                
00003873  GPIOPinTypeUART               
00000769  GPIO_PortF_Handler            
00003021  IntEnable                     
00003897  IntMasterEnable               
0000354d  IntRegister                   
000004b3  LEDPattern                    
00000693  PortF_Config                  
000038e1  ResetISR                      
000026bd  SysCtlClockGet                
00002ae9  SysCtlClockSet                
00003925  SysCtlDelay                   
00003581  SysCtlPeripheralEnable        
0000026d  SysTick_Config                
0000027d  SysTick_Handler               
00000929  UART0_Handler                 
000038b9  UARTCharGetNonBlocking        
000038f7  UARTCharPut                   
00003389  UARTConfigSetExpClk           
00003751  UARTDisable                   
00003839  UARTEnable                    
00003901  UARTFIFODisable               
0000392b  UARTIntClear                  
00003913  UARTIntEnable                 
000037db  UARTIntRegister               
00000ae5  UART_Config                   
00000639  UART_Printf                   
000007f9  UART_Timer_Control            
00000f23  UART_WriteString              
20000470  __STACK_END                   
00000200  __STACK_SIZE                  
20000470  __STACK_TOP                   
00003c78  __TI_CINIT_Base               
00003c90  __TI_CINIT_Limit              
00003c5c  __TI_Handler_Table_Base       
00003c68  __TI_Handler_Table_Limit      
000033d1  __TI_auto_init_nobinit_nopinit
00003089  __TI_decompress_lzss          
000038c7  __TI_decompress_none          
00003207  __TI_ltoa                     
ffffffff  __TI_pprof_out_hndl           
00001075  __TI_printfi                  
ffffffff  __TI_prof_data_size           
ffffffff  __TI_prof_data_start          
00000000  __TI_static_base__            
00003771  __TI_zero_init_nomemset       
00002dc1  __aeabi_cdcmpeq               
00002dc1  __aeabi_cdcmple               
00002e47  __aeabi_cdrcmple              
00003341  __aeabi_d2iz                  
00001f0f  __aeabi_dadd                  
0000232f  __aeabi_ddiv                  
000029eb  __aeabi_dmul                  
00001f05  __aeabi_dsub                  
0000391d  __aeabi_errno_addr            
00003619  __aeabi_i2d                   
00001ac3  __aeabi_idiv0                 
00001ac3  __aeabi_ldiv0                 
00002ecd  __aeabi_memclr                
00002ecd  __aeabi_memclr4               
00002ecd  __aeabi_memclr8               
00002c8f  __aeabi_memcpy                
00002c8f  __aeabi_memcpy4               
00002c8f  __aeabi_memcpy8               
00002ecf  __aeabi_memset                
00002ecf  __aeabi_memset4               
00002ecf  __aeabi_memset8               
00002d2b  __aeabi_uldivmod              
ffffffff  __binit__                     
ffffffff  __c_args__                    
UNDEFED   __mpu_init                    
20000270  __stack                       
20000000  __start___llvm_prf_cnts       
20000000  __stop___llvm_prf_cnts        
000035b5  _c_int00_noargs               
00003938  _ctypes_                      
UNDEFED   _system_post_cinit            
0000392f  _system_pre_init              
00003933  abort                         
200005c4  adcDispTicks                  
200005bc  adcResult                     
000032ad  atoi                          
ffffffff  binit                         
000037a9  copysign                      
000037a9  copysignl                     
200005b8  disp_state                    
2000059c  displayRefresh                
200005e0  errno                         
000030f1  frexp                         
000030f1  frexpl                        
200005d8  g_bRXFlag                     
200005d9  g_bTXReady                    
20000000  g_pfnRAMVectors               
00000000  g_pfnVectors                  
000027cd  ldexp                         
000027cd  ldexpl                        
20000590  ledBlinkTicks                 
00000f6d  main                          
0000378d  memccpy                       
00002c8f  memcpy                        
00002ed5  memset                        
200005b0  minCount                      
200005a0  msTicks                       
200005c8  prevAdcDispTicks              
200005c0  prevAdcResult                 
20000594  prevLedBlinkTicks             
200005ac  prevMin                       
200005a8  prevS                         
20000598  refreshTicks                  
2000058d  rxData                        
20000514  rxMessage                     
20000528  rxMessage1                    
2000053c  rxMessage2                    
20000550  rxMessage3                    
20000564  rxMessage4                    
20000470  rx_buffer                     
200005d0  rx_idx                        
000027cd  scalbn                        
000027cd  scalbnl                       
200005b4  secCount                      
200005d4  state                         
00003823  strchr                        
0000380b  strcmp                        
000036e9  strcspn                       
200005cc  string_received               
0000384d  strlen                        
0000369b  strspn                        
00003455  strtok                        
200005a4  timerSet                      
000038a9  tolower                       
20000578  txMessage                     
200004d4  uartBuf                       
00003495  vsnprintf                     
00003885  wcslen                        


GLOBAL SYMBOLS: SORTED BY Symbol Address 

address   name                          
-------   ----                          
00000000  __TI_static_base__            
00000000  g_pfnVectors                  
00000200  __STACK_SIZE                  
0000026d  SysTick_Config                
0000027d  SysTick_Handler               
00000447  Display_Config                
000004b3  LEDPattern                    
0000054d  Display_Time                  
00000639  UART_Printf                   
00000693  PortF_Config                  
00000769  GPIO_PortF_Handler            
000007f9  UART_Timer_Control            
00000929  UART0_Handler                 
00000ae5  UART_Config                   
00000bad  CAN0_Handler                  
00000cb1  CAN_Config                    
00000dc1  CAN_Timer_Set                 
00000e01  CAN_Timer_Start               
00000e31  CAN_Timer_Stop                
00000e5b  CAN_Timer_Pause               
00000e95  CAN_RX_Control                
00000f23  UART_WriteString              
00000f6d  main                          
00001075  __TI_printfi                  
00001ac3  __aeabi_idiv0                 
00001ac3  __aeabi_ldiv0                 
00001f05  __aeabi_dsub                  
00001f0f  __aeabi_dadd                  
000021f9  CANMessageSet                 
0000232f  __aeabi_ddiv                  
00002465  GPIOPadConfigSet              
000026bd  SysCtlClockGet                
000027cd  ldexp                         
000027cd  ldexpl                        
000027cd  scalbn                        
000027cd  scalbnl                       
000028dd  CANMessageGet                 
000029eb  __aeabi_dmul                  
00002ae9  SysCtlClockSet                
00002c8f  __aeabi_memcpy                
00002c8f  __aeabi_memcpy4               
00002c8f  __aeabi_memcpy8               
00002c8f  memcpy                        
00002d2b  __aeabi_uldivmod              
00002dc1  __aeabi_cdcmpeq               
00002dc1  __aeabi_cdcmple               
00002e47  __aeabi_cdrcmple              
00002ecd  __aeabi_memclr                
00002ecd  __aeabi_memclr4               
00002ecd  __aeabi_memclr8               
00002ecf  __aeabi_memset                
00002ecf  __aeabi_memset4               
00002ecf  __aeabi_memset8               
00002ed5  memset                        
00002fb5  CANBitRateSet                 
00003021  IntEnable                     
00003089  __TI_decompress_lzss          
000030f1  frexp                         
000030f1  frexpl                        
00003207  __TI_ltoa                     
000032ad  atoi                          
000032f9  GPIOPinConfigure              
00003341  __aeabi_d2iz                  
00003389  UARTConfigSetExpClk           
000033d1  __TI_auto_init_nobinit_nopinit
00003455  strtok                        
00003495  vsnprintf                     
00003513  CANInit                       
0000354d  IntRegister                   
00003581  SysCtlPeripheralEnable        
000035b5  _c_int00_noargs               
00003619  __aeabi_i2d                   
00003647  GPIODirModeSet                
0000369b  strspn                        
000036e9  strcspn                       
0000370d  CANIntClear                   
0000372f  CANIntStatus                  
00003751  UARTDisable                   
00003771  __TI_zero_init_nomemset       
0000378d  memccpy                       
000037a9  copysign                      
000037a9  copysignl                     
000037c3  CANIntRegister                
000037db  UARTIntRegister               
0000380b  strcmp                        
00003823  strchr                        
00003839  UARTEnable                    
0000384d  strlen                        
00003861  GPIOPinTypeCAN                
00003873  GPIOPinTypeUART               
00003885  wcslen                        
00003897  IntMasterEnable               
000038a9  tolower                       
000038b9  UARTCharGetNonBlocking        
000038c7  __TI_decompress_none          
000038d5  CPUcpsie                      
000038e1  ResetISR                      
000038ed  CANEnable                     
000038f7  UARTCharPut                   
00003901  UARTFIFODisable               
0000390b  CANIntEnable                  
00003913  UARTIntEnable                 
0000391d  __aeabi_errno_addr            
00003925  SysCtlDelay                   
0000392b  UARTIntClear                  
0000392f  _system_pre_init              
00003933  C$$EXIT                       
00003933  abort                         
00003938  _ctypes_                      
00003c5c  __TI_Handler_Table_Base       
00003c68  __TI_Handler_Table_Limit      
00003c78  __TI_CINIT_Base               
00003c90  __TI_CINIT_Limit              
20000000  __start___llvm_prf_cnts       
20000000  __stop___llvm_prf_cnts        
20000000  g_pfnRAMVectors               
20000270  __stack                       
20000470  __STACK_END                   
20000470  __STACK_TOP                   
20000470  rx_buffer                     
200004d4  uartBuf                       
20000514  rxMessage                     
20000528  rxMessage1                    
2000053c  rxMessage2                    
20000550  rxMessage3                    
20000564  rxMessage4                    
20000578  txMessage                     
2000058d  rxData                        
20000590  ledBlinkTicks                 
20000594  prevLedBlinkTicks             
20000598  refreshTicks                  
2000059c  displayRefresh                
200005a0  msTicks                       
200005a4  timerSet                      
200005a8  prevS                         
200005ac  prevMin                       
200005b0  minCount                      
200005b4  secCount                      
200005b8  disp_state                    
200005bc  adcResult                     
200005c0  prevAdcResult                 
200005c4  adcDispTicks                  
200005c8  prevAdcDispTicks              
200005cc  string_received               
200005d0  rx_idx                        
200005d4  state                         
200005d8  g_bRXFlag                     
200005d9  g_bTXReady                    
200005e0  errno                         
ffffffff  __TI_pprof_out_hndl           
ffffffff  __TI_prof_data_size           
ffffffff  __TI_prof_data_start          
ffffffff  __binit__                     
ffffffff  __c_args__                    
ffffffff  binit                         
UNDEFED   __mpu_init                    
UNDEFED   _system_post_cinit            

[157 symbols]
