******************************************************************************
                  TI ARM Linker PC v20.2.7                     
******************************************************************************
>> Linked Fri Apr 25 21:44:51 2025

OUTPUT FILE NAME:   <Lab_7_CAN_Master.out>
ENTRY POINT SYMBOL: "_c_int00_noargs"  address: 00001af1


MEMORY CONFIGURATION

         name            origin    length      used     unused   attr    fill
----------------------  --------  ---------  --------  --------  ----  --------
  FLASH                 00000000   00040000  000021b6  0003de4a  R  X
  SRAM                  20000000   00008000  00000541  00007abf  RW X


SEGMENT ALLOCATION MAP

run origin  load origin   length   init length attrs members
----------  ----------- ---------- ----------- ----- -------
00000000    00000000    000021b8   000021b8    r-x
  00000000    00000000    0000026c   0000026c    r-- .intvecs
  0000026c    0000026c    00001b56   00001b56    r-x .text
  00001dc4    00001dc4    000003ac   000003ac    r-- .const
  00002170    00002170    00000048   00000048    r-- .cinit
20000000    20000000    00000548   00000000    rw-
  20000000    20000000    0000026c   00000000    rw- .vtable
  20000270    20000270    00000200   00000000    rw- .stack
  20000470    20000470    00000085   00000000    rw- .bss
  200004f8    200004f8    00000050   00000000    rw- .data


SECTION ALLOCATION MAP

 output                                  attributes/
section   page    origin      length       input sections
--------  ----  ----------  ----------   ----------------
.intvecs   0    00000000    0000026c     
                  00000000    0000026c     tm4c123gh6pm_startup_ccs.obj (.intvecs)

.text      0    0000026c    00001b56     
                  0000026c    00000e30     main.obj (.text)
                  0000109c    00000136     driverlib.lib : can.obj (.text:CANMessageSet)
                  000011d2    00000132                   : gpio.obj (.text:GPIOPadConfigSet)
                  00001304    00000110                   : sysctl.obj (.text:SysCtlClockGet)
                  00001414    000000f4                   : sysctl.obj (.text:SysCtlClockSet)
                  00001508    0000009c     rtsv7M4_T_le_v4SPD16_eabi.lib : memcpy_t2.asm.obj (.text)
                  000015a4    0000007a     driverlib.lib : adc.obj (.text:ADCSequenceStepConfigure)
                  0000161e    0000007a     rtsv7M4_T_le_v4SPD16_eabi.lib : memset_t2.asm.obj (.text)
                  00001698    0000006c     driverlib.lib : can.obj (.text:CANBitRateSet)
                  00001704    00000068                   : interrupt.obj (.text:IntEnable)
                  0000176c    00000068     rtsv7M4_T_le_v4SPD16_eabi.lib : copy_decompress_lzss.c.obj (.text:decompress:lzss:__TI_decompress_lzss)
                  000017d4    00000050     driverlib.lib : adc.obj (.text:ADCSequenceConfigure)
                  00001824    00000050                   : adc.obj (.text:_ADCIntNumberGet)
                  00001874    0000004c     rtsv7M4_T_le_v4SPD16_eabi.lib : atoi.c.obj (.text:atoi)
                  000018c0    00000048     driverlib.lib : gpio.obj (.text:GPIOPinConfigure)
                  00001908    00000046                   : uart.obj (.text:UARTConfigSetExpClk)
                  0000194e    00000002     --HOLE-- [fill = 0]
                  00001950    00000044     rtsv7M4_T_le_v4SPD16_eabi.lib : autoinit.c.obj (.text:__TI_auto_init_nobinit_nopinit:__TI_auto_init_nobinit_nopinit)
                  00001994    00000040     driverlib.lib : uart.obj (.text:_UARTIntNumberGet)
                  000019d4    00000040     rtsv7M4_T_le_v4SPD16_eabi.lib : strtok.c.obj (.text:strtok)
                  00001a14    0000003a     driverlib.lib : can.obj (.text:CANInit)
                  00001a4e    00000002     --HOLE-- [fill = 0]
                  00001a50    00000038                   : sysctl.obj (.text:SysCtlPeripheralReady)
                  00001a88    00000034                   : interrupt.obj (.text:IntRegister)
                  00001abc    00000034                   : sysctl.obj (.text:SysCtlPeripheralEnable)
                  00001af0    00000034     rtsv7M4_T_le_v4SPD16_eabi.lib : boot_cortex_m.c.obj (.text:_c_int00_noargs:_c_int00_noargs)
                  00001b24    0000002a     driverlib.lib : gpio.obj (.text:GPIODirModeSet)
                  00001b4e    0000002a     rtsv7M4_T_le_v4SPD16_eabi.lib : strspn.c.obj (.text:strspn)
                  00001b78    00000024     driverlib.lib : interrupt.obj (.text:IntPrioritySet)
                  00001b9c    00000024                   : can.obj (.text:_CANDataRegWrite)
                  00001bc0    00000024     rtsv7M4_T_le_v4SPD16_eabi.lib : strcspn.c.obj (.text:strcspn)
                  00001be4    00000020     driverlib.lib : uart.obj (.text:UARTDisable)
                  00001c04    0000001e                   : adc.obj (.text:ADCSequenceDataGet)
                  00001c22    0000001c     rtsv7M4_T_le_v4SPD16_eabi.lib : copy_zero_init.c.obj (.text:decompress:ZI:__TI_zero_init_nomemset:__TI_zero_init_nomemset)
                  00001c3e    00000018     driverlib.lib : adc.obj (.text:ADCClockConfigSet)
                  00001c56    00000018                   : adc.obj (.text:ADCIntRegister)
                  00001c6e    00000018                   : adc.obj (.text:ADCProcessorTrigger)
                  00001c86    00000018                   : uart.obj (.text:UARTIntRegister)
                  00001c9e    00000018     rtsv7M4_T_le_v4SPD16_eabi.lib : strcmp.c.obj (.text:strcmp)
                  00001cb6    00000014     driverlib.lib : uart.obj (.text:UARTEnable)
                  00001cca    00000012                   : gpio.obj (.text:GPIOPinTypeADC)
                  00001cdc    00000012                   : gpio.obj (.text:GPIOPinTypeCAN)
                  00001cee    00000012                   : gpio.obj (.text:GPIOPinTypeUART)
                  00001d00    00000010                   : adc.obj (.text:ADCIntEnable)
                  00001d10    00000010                   : interrupt.obj (.text:IntMasterEnable)
                  00001d20    00000010     rtsv7M4_T_le_v4SPD16_eabi.lib : tolower.c.obj (.text:tolower)
                  00001d30    0000000e     driverlib.lib : adc.obj (.text:ADCSequenceDisable)
                  00001d3e    0000000e                   : adc.obj (.text:ADCSequenceEnable)
                  00001d4c    0000000e                   : uart.obj (.text:UARTCharGetNonBlocking)
                  00001d5a    0000000e     rtsv7M4_T_le_v4SPD16_eabi.lib : copy_decompress_none.c.obj (.text:decompress:none:__TI_decompress_none)
                  00001d68    0000000c     driverlib.lib : cpu.obj (.text:CPUcpsie)
                  00001d74    0000000c     tm4c123gh6pm_startup_ccs.obj (.text)
                  00001d80    0000000a     driverlib.lib : adc.obj (.text:ADCIntClear)
                  00001d8a    0000000a                   : can.obj (.text:CANEnable)
                  00001d94    0000000a                   : uart.obj (.text:UARTCharPut)
                  00001d9e    0000000a                   : uart.obj (.text:UARTFIFODisable)
                  00001da8    00000008                   : uart.obj (.text:UARTIntEnable)
                  00001db0    00000006                   : sysctl.obj (.text:SysCtlDelay)
                  00001db6    00000004                   : uart.obj (.text:UARTIntClear)
                  00001dba    00000004     rtsv7M4_T_le_v4SPD16_eabi.lib : pre_init.c.obj (.text:_system_pre_init)
                  00001dbe    00000004                                   : exit.c.obj (.text:abort:abort)

.const     0    00001dc4    000003ac     
                  00001dc4    00000101     rtsv7M4_T_le_v4SPD16_eabi.lib : ctype.c.obj (.const:.string:_ctypes_)
                  00001ec5    00000003     --HOLE-- [fill = 0]
                  00001ec8    0000009c     driverlib.lib : interrupt.obj (.const:g_pui32Regs)
                  00001f64    00000090                   : gpio.obj (.const:g_pui32GPIOBaseAddrs)
                  00001ff4    00000070                   : interrupt.obj (.const)
                  00002064    0000006c                   : sysctl.obj (.const:g_pui32Xtals)
                  000020d0    00000040                   : uart.obj (.const:g_ppui32UARTIntMap)
                  00002110    00000040                   : uart.obj (.const:g_ppui32UARTIntMapSnowflake)
                  00002150    00000020                   : can.obj (.const)

.cinit     0    00002170    00000048     
                  00002170    0000000e     (.cinit..data.load) [load image, compression = lzss]
                  0000217e    00000002     --HOLE-- [fill = 0]
                  00002180    0000000c     (__TI_handler_table)
                  0000218c    00000004     --HOLE-- [fill = 0]
                  00002190    00000008     (.cinit..bss.load) [load image, compression = zero_init]
                  00002198    00000008     (.cinit..vtable.load) [load image, compression = zero_init]
                  000021a0    00000018     (__TI_cinit_table)

.init_array 
*          0    00000000    00000000     UNINITIALIZED

.vtable    0    20000000    0000026c     UNINITIALIZED
                  20000000    0000026c     driverlib.lib : interrupt.obj (.vtable)

.bss       0    20000470    00000085     UNINITIALIZED
                  20000470    00000064     (.common:rx_buffer)
                  200004d4    00000014     (.common:txMessage)
                  200004e8    00000008     main.obj (.bss:txData$6)
                  200004f0    00000004     main.obj (.bss:txData$5)
                  200004f4    00000001     main.obj (.bss)

.data      0    200004f8    00000050     UNINITIALIZED
                  200004f8    0000004b     main.obj (.data)
                  20000543    00000001     --HOLE--
                  20000544    00000004     rtsv7M4_T_le_v4SPD16_eabi.lib : strtok.c.obj (.data)

.stack     0    20000270    00000200     UNINITIALIZED
                  20000270    00000004     rtsv7M4_T_le_v4SPD16_eabi.lib : boot_cortex_m.c.obj (.stack)
                  20000274    000001fc     --HOLE--

__llvm_prf_cnts 
*          0    20000000    00000000     UNINITIALIZED

MODULE SUMMARY

       Module                         code   ro data   rw data
       ------                         ----   -------   -------
    .\
       main.obj                       3632   0         208    
       tm4c123gh6pm_startup_ccs.obj   12     620       0      
    +--+------------------------------+------+---------+---------+
       Total:                         3644   620       208    
                                                              
    C:/ti/tivaware_c_series_2_1_4_178/driverlib/ccs/Debug/driverlib.lib
       interrupt.obj                  208    268       620    
       sysctl.obj                     630    108       0      
       gpio.obj                       474    144       0      
       can.obj                        522    32        0      
       adc.obj                        438    0         0      
       uart.obj                       256    128       0      
       cpu.obj                        12     0         0      
    +--+------------------------------+------+---------+---------+
       Total:                         2540   680       620    
                                                              
    C:\ti\ccs1240\ccs\tools\compiler\ti-cgt-arm_20.2.7.LTS\lib\rtsv7M4_T_le_v4SPD16_eabi.lib
       ctype.c.obj                    0      257       0      
       memcpy_t2.asm.obj              156    0         0      
       memset_t2.asm.obj              122    0         0      
       copy_decompress_lzss.c.obj     104    0         0      
       atoi.c.obj                     76     0         0      
       autoinit.c.obj                 68     0         0      
       strtok.c.obj                   64     0         4      
       boot_cortex_m.c.obj            52     0         0      
       strspn.c.obj                   42     0         0      
       strcspn.c.obj                  36     0         0      
       copy_zero_init.c.obj           28     0         0      
       strcmp.c.obj                   24     0         0      
       tolower.c.obj                  16     0         0      
       copy_decompress_none.c.obj     14     0         0      
       exit.c.obj                     4      0         0      
       pre_init.c.obj                 4      0         0      
    +--+------------------------------+------+---------+---------+
       Total:                         810    257       4      
                                                              
       Stack:                         0      0         512    
       Linker Generated:              0      66        0      
    +--+------------------------------+------+---------+---------+
       Grand Total:                   6994   1623      1344   


LINKER GENERATED COPY TABLES

__TI_cinit_table @ 000021a0 records: 3, size/record: 8, table size: 24
	.data: load addr=00002170, load size=0000000e bytes, run addr=200004f8, run size=00000050 bytes, compression=lzss
	.bss: load addr=00002190, load size=00000008 bytes, run addr=20000470, run size=00000085 bytes, compression=zero_init
	.vtable: load addr=00002198, load size=00000008 bytes, run addr=20000000, run size=0000026c bytes, compression=zero_init


LINKER GENERATED HANDLER TABLE

__TI_handler_table @ 00002180 records: 3, size/record: 4, table size: 12
	index: 0, handler: __TI_zero_init
	index: 1, handler: __TI_decompress_lzss
	index: 2, handler: __TI_decompress_none


GLOBAL SYMBOLS: SORTED ALPHABETICALLY BY Name 

address   name                          
-------   ----                          
00001c3f  ADCClockConfigSet             
00001d81  ADCIntClear                   
00001d01  ADCIntEnable                  
00001c57  ADCIntRegister                
00001c6f  ADCProcessorTrigger           
000017d5  ADCSequenceConfigure          
00001c05  ADCSequenceDataGet            
00001d31  ADCSequenceDisable            
00001d3f  ADCSequenceEnable             
000015a5  ADCSequenceStepConfigure      
00000699  ADC_Config                    
0000072d  ADC_Handler                   
00001dbf  C$$EXIT                       
00001699  CANBitRateSet                 
00001d8b  CANEnable                     
00001a15  CANInit                       
0000109d  CANMessageSet                 
00000d2b  CAN_Config                    
00000e93  CAN_PWM_Send                  
00000ee9  CAN_Set_RTC                   
00000e61  CAN_Timer_Pause               
00000d81  CAN_Timer_Set                 
00000dc5  CAN_Timer_Start               
00000e21  CAN_Timer_Stop                
00001d69  CPUcpsie                      
00000a2d  Display_ADC                   
00000841  Display_Config                
00000931  Display_Time                  
00001b25  GPIODirModeSet                
000011d3  GPIOPadConfigSet              
000018c1  GPIOPinConfigure              
00001ccb  GPIOPinTypeADC                
00001cdd  GPIOPinTypeCAN                
00001cef  GPIOPinTypeUART               
00000bd1  GPIO_PortF_Handler            
00001705  IntEnable                     
00001d11  IntMasterEnable               
00001b79  IntPrioritySet                
00001a89  IntRegister                   
000008ad  LEDPattern                    
000007b3  PWM_Config                    
00000b45  PortF_Config                  
00001d75  ResetISR                      
00001305  SysCtlClockGet                
00001415  SysCtlClockSet                
00001db1  SysCtlDelay                   
00001abd  SysCtlPeripheralEnable        
00001a51  SysCtlPeripheralReady         
0000026d  SysTick_Config                
0000027d  SysTick_Handler               
00000459  UART0_Handler                 
00001d4d  UARTCharGetNonBlocking        
00001d95  UARTCharPut                   
00001909  UARTConfigSetExpClk           
00001be5  UARTDisable                   
00001cb7  UARTEnable                    
00001d9f  UARTFIFODisable               
00001db7  UARTIntClear                  
00001da9  UARTIntEnable                 
00001c87  UARTIntRegister               
000005f7  UART_Config                   
00000c65  UART_Timer_Control            
0000064d  UART_WriteString              
20000470  __STACK_END                   
00000200  __STACK_SIZE                  
20000470  __STACK_TOP                   
000021a0  __TI_CINIT_Base               
000021b8  __TI_CINIT_Limit              
00002180  __TI_Handler_Table_Base       
0000218c  __TI_Handler_Table_Limit      
00001951  __TI_auto_init_nobinit_nopinit
0000176d  __TI_decompress_lzss          
00001d5b  __TI_decompress_none          
ffffffff  __TI_pprof_out_hndl           
ffffffff  __TI_prof_data_size           
ffffffff  __TI_prof_data_start          
00000000  __TI_static_base__            
00001c23  __TI_zero_init_nomemset       
0000161f  __aeabi_memclr                
0000161f  __aeabi_memclr4               
0000161f  __aeabi_memclr8               
00001509  __aeabi_memcpy                
00001509  __aeabi_memcpy4               
00001509  __aeabi_memcpy8               
00001621  __aeabi_memset                
00001621  __aeabi_memset4               
00001621  __aeabi_memset8               
ffffffff  __binit__                     
ffffffff  __c_args__                    
UNDEFED   __mpu_init                    
20000270  __stack                       
20000000  __start___llvm_prf_cnts       
20000000  __stop___llvm_prf_cnts        
00001af1  _c_int00_noargs               
00001dc4  _ctypes_                      
UNDEFED   _system_post_cinit            
00001dbb  _system_pre_init              
00001dbf  abort                         
2000052c  adcDispTicks                  
20000524  adcResult                     
00001875  atoi                          
ffffffff  binit                         
20000520  disp_state                    
20000504  displayRefresh                
20000000  g_pfnRAMVectors               
00000000  g_pfnVectors                  
200004f8  ledBlinkTicks                 
00000f63  main                          
00001509  memcpy                        
00001627  memset                        
20000518  minCount                      
20000508  msTicks                       
20000530  prevAdcDispTicks              
20000528  prevAdcResult                 
200004fc  prevLedBlinkTicks             
20000514  prevMin                       
20000510  prevS                         
20000500  refreshTicks                  
20000470  rx_buffer                     
20000538  rx_idx                        
2000051c  secCount                      
2000053c  state                         
00001c9f  strcmp                        
00001bc1  strcspn                       
20000534  string_received               
00001b4f  strspn                        
000019d5  strtok                        
2000050c  timerSet                      
00001d21  tolower                       
200004d4  txMessage                     


GLOBAL SYMBOLS: SORTED BY Symbol Address 

address   name                          
-------   ----                          
00000000  __TI_static_base__            
00000000  g_pfnVectors                  
00000200  __STACK_SIZE                  
0000026d  SysTick_Config                
0000027d  SysTick_Handler               
00000459  UART0_Handler                 
000005f7  UART_Config                   
0000064d  UART_WriteString              
00000699  ADC_Config                    
0000072d  ADC_Handler                   
000007b3  PWM_Config                    
00000841  Display_Config                
000008ad  LEDPattern                    
00000931  Display_Time                  
00000a2d  Display_ADC                   
00000b45  PortF_Config                  
00000bd1  GPIO_PortF_Handler            
00000c65  UART_Timer_Control            
00000d2b  CAN_Config                    
00000d81  CAN_Timer_Set                 
00000dc5  CAN_Timer_Start               
00000e21  CAN_Timer_Stop                
00000e61  CAN_Timer_Pause               
00000e93  CAN_PWM_Send                  
00000ee9  CAN_Set_RTC                   
00000f63  main                          
0000109d  CANMessageSet                 
000011d3  GPIOPadConfigSet              
00001305  SysCtlClockGet                
00001415  SysCtlClockSet                
00001509  __aeabi_memcpy                
00001509  __aeabi_memcpy4               
00001509  __aeabi_memcpy8               
00001509  memcpy                        
000015a5  ADCSequenceStepConfigure      
0000161f  __aeabi_memclr                
0000161f  __aeabi_memclr4               
0000161f  __aeabi_memclr8               
00001621  __aeabi_memset                
00001621  __aeabi_memset4               
00001621  __aeabi_memset8               
00001627  memset                        
00001699  CANBitRateSet                 
00001705  IntEnable                     
0000176d  __TI_decompress_lzss          
000017d5  ADCSequenceConfigure          
00001875  atoi                          
000018c1  GPIOPinConfigure              
00001909  UARTConfigSetExpClk           
00001951  __TI_auto_init_nobinit_nopinit
000019d5  strtok                        
00001a15  CANInit                       
00001a51  SysCtlPeripheralReady         
00001a89  IntRegister                   
00001abd  SysCtlPeripheralEnable        
00001af1  _c_int00_noargs               
00001b25  GPIODirModeSet                
00001b4f  strspn                        
00001b79  IntPrioritySet                
00001bc1  strcspn                       
00001be5  UARTDisable                   
00001c05  ADCSequenceDataGet            
00001c23  __TI_zero_init_nomemset       
00001c3f  ADCClockConfigSet             
00001c57  ADCIntRegister                
00001c6f  ADCProcessorTrigger           
00001c87  UARTIntRegister               
00001c9f  strcmp                        
00001cb7  UARTEnable                    
00001ccb  GPIOPinTypeADC                
00001cdd  GPIOPinTypeCAN                
00001cef  GPIOPinTypeUART               
00001d01  ADCIntEnable                  
00001d11  IntMasterEnable               
00001d21  tolower                       
00001d31  ADCSequenceDisable            
00001d3f  ADCSequenceEnable             
00001d4d  UARTCharGetNonBlocking        
00001d5b  __TI_decompress_none          
00001d69  CPUcpsie                      
00001d75  ResetISR                      
00001d81  ADCIntClear                   
00001d8b  CANEnable                     
00001d95  UARTCharPut                   
00001d9f  UARTFIFODisable               
00001da9  UARTIntEnable                 
00001db1  SysCtlDelay                   
00001db7  UARTIntClear                  
00001dbb  _system_pre_init              
00001dbf  C$$EXIT                       
00001dbf  abort                         
00001dc4  _ctypes_                      
00002180  __TI_Handler_Table_Base       
0000218c  __TI_Handler_Table_Limit      
000021a0  __TI_CINIT_Base               
000021b8  __TI_CINIT_Limit              
20000000  __start___llvm_prf_cnts       
20000000  __stop___llvm_prf_cnts        
20000000  g_pfnRAMVectors               
20000270  __stack                       
20000470  __STACK_END                   
20000470  __STACK_TOP                   
20000470  rx_buffer                     
200004d4  txMessage                     
200004f8  ledBlinkTicks                 
200004fc  prevLedBlinkTicks             
20000500  refreshTicks                  
20000504  displayRefresh                
20000508  msTicks                       
2000050c  timerSet                      
20000510  prevS                         
20000514  prevMin                       
20000518  minCount                      
2000051c  secCount                      
20000520  disp_state                    
20000524  adcResult                     
20000528  prevAdcResult                 
2000052c  adcDispTicks                  
20000530  prevAdcDispTicks              
20000534  string_received               
20000538  rx_idx                        
2000053c  state                         
ffffffff  __TI_pprof_out_hndl           
ffffffff  __TI_prof_data_size           
ffffffff  __TI_prof_data_start          
ffffffff  __binit__                     
ffffffff  __c_args__                    
ffffffff  binit                         
UNDEFED   __mpu_init                    
UNDEFED   _system_post_cinit            

[130 symbols]
