******************************************************************************
                  TI ARM Linker PC v20.2.7                     
******************************************************************************
>> Linked Thu Apr 17 22:25:22 2025

OUTPUT FILE NAME:   <Lab_6_CAN3.out>
ENTRY POINT SYMBOL: "_c_int00_noargs"  address: 00001711


MEMORY CONFIGURATION

         name            origin    length      used     unused   attr    fill
----------------------  --------  ---------  --------  --------  ----  --------
  FLASH                 00000000   00040000  00001b5c  0003e4a4  R  X
  SRAM                  20000000   00008000  00000532  00007ace  RW X


SEGMENT ALLOCATION MAP

run origin  load origin   length   init length attrs members
----------  ----------- ---------- ----------- ----- -------
00000000    00000000    00001b60   00001b60    r-x
  00000000    00000000    0000026c   0000026c    r-- .intvecs
  0000026c    0000026c    00001688   00001688    r-x .text
  000018f4    000018f4    00000228   00000228    r-- .const
  00001b20    00001b20    00000040   00000040    r-- .cinit
20000000    20000000    00000539   00000000    rw-
  20000000    20000000    0000026c   00000000    rw- .vtable
  20000270    20000270    00000200   00000000    rw- .stack
  20000470    20000470    0000007d   00000000    rw- .bss
  200004f0    200004f0    00000049   00000000    rw- .data


SECTION ALLOCATION MAP

 output                                  attributes/
section   page    origin      length       input sections
--------  ----  ----------  ----------   ----------------
.intvecs   0    00000000    0000026c     
                  00000000    0000026c     tm4c123gh6pm_startup_ccs.obj (.intvecs)

.text      0    0000026c    00001688     
                  0000026c    00000b44     main.obj (.text)
                  00000db0    00000136     driverlib.lib : can.obj (.text:CANMessageSet)
                  00000ee6    00000132                   : gpio.obj (.text:GPIOPadConfigSet)
                  00001018    00000110                   : sysctl.obj (.text:SysCtlClockGet)
                  00001128    0000010e                   : can.obj (.text:CANMessageGet)
                  00001236    00000002     --HOLE-- [fill = 0]
                  00001238    000000f4                   : sysctl.obj (.text:SysCtlClockSet)
                  0000132c    0000009c     rtsv7M4_T_le_v4SPD16_eabi.lib : memcpy_t2.asm.obj (.text)
                  000013c8    0000006c     driverlib.lib : can.obj (.text:CANBitRateSet)
                  00001434    00000068                   : interrupt.obj (.text:IntEnable)
                  0000149c    00000068     rtsv7M4_T_le_v4SPD16_eabi.lib : copy_decompress_lzss.c.obj (.text:decompress:lzss:__TI_decompress_lzss)
                  00001504    0000005c     driverlib.lib : can.obj (.text:_CANIntNumberGet)
                  00001560    00000048                   : gpio.obj (.text:GPIOPinConfigure)
                  000015a8    00000046                   : uart.obj (.text:UARTConfigSetExpClk)
                  000015ee    00000002     --HOLE-- [fill = 0]
                  000015f0    00000044     rtsv7M4_T_le_v4SPD16_eabi.lib : autoinit.c.obj (.text:__TI_auto_init_nobinit_nopinit:__TI_auto_init_nobinit_nopinit)
                  00001634    0000003a     driverlib.lib : can.obj (.text:CANInit)
                  0000166e    00000002     --HOLE-- [fill = 0]
                  00001670    00000038                   : sysctl.obj (.text:SysCtlPeripheralReady)
                  000016a8    00000034                   : interrupt.obj (.text:IntRegister)
                  000016dc    00000034                   : sysctl.obj (.text:SysCtlPeripheralEnable)
                  00001710    00000034     rtsv7M4_T_le_v4SPD16_eabi.lib : boot_cortex_m.c.obj (.text:_c_int00_noargs:_c_int00_noargs)
                  00001744    0000002a     driverlib.lib : gpio.obj (.text:GPIODirModeSet)
                  0000176e    0000002a                   : can.obj (.text:_CANDataRegRead)
                  00001798    00000024                   : interrupt.obj (.text:IntPrioritySet)
                  000017bc    00000024                   : can.obj (.text:_CANDataRegWrite)
                  000017e0    00000022                   : can.obj (.text:CANIntClear)
                  00001802    00000020                   : can.obj (.text:CANIntStatus)
                  00001822    00000002     --HOLE-- [fill = 0]
                  00001824    00000020                   : uart.obj (.text:UARTDisable)
                  00001844    0000001c     rtsv7M4_T_le_v4SPD16_eabi.lib : copy_zero_init.c.obj (.text:decompress:ZI:__TI_zero_init_nomemset:__TI_zero_init_nomemset)
                  00001860    00000018     driverlib.lib : can.obj (.text:CANIntRegister)
                  00001878    00000014                   : uart.obj (.text:UARTEnable)
                  0000188c    00000012                   : gpio.obj (.text:GPIOPinTypeCAN)
                  0000189e    00000012                   : gpio.obj (.text:GPIOPinTypeUART)
                  000018b0    0000000e     rtsv7M4_T_le_v4SPD16_eabi.lib : copy_decompress_none.c.obj (.text:decompress:none:__TI_decompress_none)
                  000018be    0000000c     tm4c123gh6pm_startup_ccs.obj (.text)
                  000018ca    0000000a     driverlib.lib : can.obj (.text:CANEnable)
                  000018d4    0000000a                   : uart.obj (.text:UARTCharPut)
                  000018de    00000008                   : can.obj (.text:CANIntEnable)
                  000018e6    00000006                   : sysctl.obj (.text:SysCtlDelay)
                  000018ec    00000004     rtsv7M4_T_le_v4SPD16_eabi.lib : pre_init.c.obj (.text:_system_pre_init)
                  000018f0    00000004                                   : exit.c.obj (.text:abort:abort)

.const     0    000018f4    00000228     
                  000018f4    0000009c     driverlib.lib : interrupt.obj (.const:g_pui32Regs)
                  00001990    00000090                   : gpio.obj (.const:g_pui32GPIOBaseAddrs)
                  00001a20    00000070                   : interrupt.obj (.const)
                  00001a90    0000006c                   : sysctl.obj (.const:g_pui32Xtals)
                  00001afc    00000020                   : can.obj (.const)

.cinit     0    00001b20    00000040     
                  00001b20    0000000c     (__TI_handler_table)
                  00001b2c    00000004     --HOLE-- [fill = 0]
                  00001b30    00000008     (.cinit..bss.load) [load image, compression = zero_init]
                  00001b38    00000008     (.cinit..data.load) [load image, compression = lzss]
                  00001b40    00000008     (.cinit..vtable.load) [load image, compression = zero_init]
                  00001b48    00000018     (__TI_cinit_table)

.init_array 
*          0    00000000    00000000     UNINITIALIZED

.vtable    0    20000000    0000026c     UNINITIALIZED
                  20000000    0000026c     driverlib.lib : interrupt.obj (.vtable)

.bss       0    20000470    0000007d     UNINITIALIZED
                  20000470    00000014     (.common:rxMessage)
                  20000484    00000014     (.common:rxMessage1)
                  20000498    00000014     (.common:rxMessage2)
                  200004ac    00000014     (.common:rxMessage3)
                  200004c0    00000014     (.common:rxMessage4)
                  200004d4    00000014     (.common:rxMessage5)
                  200004e8    00000004     (.common:pwmData)
                  200004ec    00000001     (.common:rxData)

.data      0    200004f0    00000049     UNINITIALIZED
                  200004f0    00000049     main.obj (.data)

.stack     0    20000270    00000200     UNINITIALIZED
                  20000270    00000004     rtsv7M4_T_le_v4SPD16_eabi.lib : boot_cortex_m.c.obj (.stack)
                  20000274    000001fc     --HOLE--

__llvm_prf_cnts 
*          0    20000000    00000000     UNINITIALIZED

MODULE SUMMARY

       Module                         code   ro data   rw data
       ------                         ----   -------   -------
    .\
       main.obj                       2884   0         198    
       tm4c123gh6pm_startup_ccs.obj   12     620       0      
    +--+------------------------------+------+---------+---------+
       Total:                         2896   620       198    
                                                              
    C:/ti/tivaware_c_series_2_1_4_178/driverlib/ccs/Debug/driverlib.lib
       interrupt.obj                  192    268       620    
       can.obj                        1024   32        0      
       sysctl.obj                     630    108       0      
       gpio.obj                       456    144       0      
       uart.obj                       132    0         0      
    +--+------------------------------+------+---------+---------+
       Total:                         2434   552       620    
                                                              
    C:\ti\ccs1240\ccs\tools\compiler\ti-cgt-arm_20.2.7.LTS\lib\rtsv7M4_T_le_v4SPD16_eabi.lib
       memcpy_t2.asm.obj              156    0         0      
       copy_decompress_lzss.c.obj     104    0         0      
       autoinit.c.obj                 68     0         0      
       boot_cortex_m.c.obj            52     0         0      
       copy_zero_init.c.obj           28     0         0      
       copy_decompress_none.c.obj     14     0         0      
       exit.c.obj                     4      0         0      
       pre_init.c.obj                 4      0         0      
    +--+------------------------------+------+---------+---------+
       Total:                         430    0         0      
                                                              
       Stack:                         0      0         512    
       Linker Generated:              0      60        0      
    +--+------------------------------+------+---------+---------+
       Grand Total:                   5760   1232      1330   


LINKER GENERATED COPY TABLES

__TI_cinit_table @ 00001b48 records: 3, size/record: 8, table size: 24
	.bss: load addr=00001b30, load size=00000008 bytes, run addr=20000470, run size=0000007d bytes, compression=zero_init
	.data: load addr=00001b38, load size=00000008 bytes, run addr=200004f0, run size=00000049 bytes, compression=lzss
	.vtable: load addr=00001b40, load size=00000008 bytes, run addr=20000000, run size=0000026c bytes, compression=zero_init


LINKER GENERATED HANDLER TABLE

__TI_handler_table @ 00001b20 records: 3, size/record: 4, table size: 12
	index: 0, handler: __TI_zero_init
	index: 1, handler: __TI_decompress_lzss
	index: 2, handler: __TI_decompress_none


GLOBAL SYMBOLS: SORTED ALPHABETICALLY BY Name 

address   name                          
-------   ----                          
000018f1  C$$EXIT                       
00000ac1  CAN0_Handler                  
000013c9  CANBitRateSet                 
000018cb  CANEnable                     
00001635  CANInit                       
000017e1  CANIntClear                   
000018df  CANIntEnable                  
00001861  CANIntRegister                
00001803  CANIntStatus                  
00001129  CANMessageGet                 
00000db1  CANMessageSet                 
0000090d  CAN_Config                    
00000761  Display_ADC                   
00000569  Display_Config                
0000065d  Display_Time                  
00001745  GPIODirModeSet                
00000ee7  GPIOPadConfigSet              
00001561  GPIOPinConfigure              
0000188d  GPIOPinTypeCAN                
0000189f  GPIOPinTypeUART               
00001435  IntEnable                     
00001799  IntPrioritySet                
000016a9  IntRegister                   
000005e9  LEDPattern                    
000004bf  PWM_Config                    
00000865  PortF_Config                  
000018bf  ResetISR                      
00001019  SysCtlClockGet                
00001239  SysCtlClockSet                
000018e7  SysCtlDelay                   
000016dd  SysCtlPeripheralEnable        
00001671  SysCtlPeripheralReady         
0000026d  SysTick_Config                
0000027d  SysTick_Handler               
000018d5  UARTCharPut                   
000015a9  UARTConfigSetExpClk           
00001825  UARTDisable                   
00001879  UARTEnable                    
00000447  UART_Config                   
00000481  UART_WriteString              
20000470  __STACK_END                   
00000200  __STACK_SIZE                  
20000470  __STACK_TOP                   
00001b48  __TI_CINIT_Base               
00001b60  __TI_CINIT_Limit              
00001b20  __TI_Handler_Table_Base       
00001b2c  __TI_Handler_Table_Limit      
000015f1  __TI_auto_init_nobinit_nopinit
0000149d  __TI_decompress_lzss          
000018b1  __TI_decompress_none          
ffffffff  __TI_pprof_out_hndl           
ffffffff  __TI_prof_data_size           
ffffffff  __TI_prof_data_start          
00000000  __TI_static_base__            
00001845  __TI_zero_init_nomemset       
0000132d  __aeabi_memcpy                
0000132d  __aeabi_memcpy4               
0000132d  __aeabi_memcpy8               
ffffffff  __binit__                     
ffffffff  __c_args__                    
UNDEFED   __mpu_init                    
20000270  __stack                       
20000000  __start___llvm_prf_cnts       
20000000  __stop___llvm_prf_cnts        
00001711  _c_int00_noargs               
UNDEFED   _system_post_cinit            
000018ed  _system_pre_init              
000018f1  abort                         
20000524  adcDispTicks                  
2000051c  adcResult                     
ffffffff  binit                         
20000518  disp_state                    
200004fc  displayRefresh                
20000538  g_bRXFlag                     
20000000  g_pfnRAMVectors               
00000000  g_pfnVectors                  
200004f0  ledBlinkTicks                 
00000c9d  main                          
0000132d  memcpy                        
20000510  minCount                      
20000500  msTicks                       
20000528  prevAdcDispTicks              
20000520  prevAdcResult                 
200004f4  prevLedBlinkTicks             
2000050c  prevMin                       
20000508  prevS                         
200004e8  pwmData                       
200004f8  refreshTicks                  
200004ec  rxData                        
20000470  rxMessage                     
20000484  rxMessage1                    
20000498  rxMessage2                    
200004ac  rxMessage3                    
200004c0  rxMessage4                    
200004d4  rxMessage5                    
20000530  rx_idx                        
20000514  secCount                      
20000534  state                         
2000052c  string_received               
20000504  timerSet                      


GLOBAL SYMBOLS: SORTED BY Symbol Address 

address   name                          
-------   ----                          
00000000  __TI_static_base__            
00000000  g_pfnVectors                  
00000200  __STACK_SIZE                  
0000026d  SysTick_Config                
0000027d  SysTick_Handler               
00000447  UART_Config                   
00000481  UART_WriteString              
000004bf  PWM_Config                    
00000569  Display_Config                
000005e9  LEDPattern                    
0000065d  Display_Time                  
00000761  Display_ADC                   
00000865  PortF_Config                  
0000090d  CAN_Config                    
00000ac1  CAN0_Handler                  
00000c9d  main                          
00000db1  CANMessageSet                 
00000ee7  GPIOPadConfigSet              
00001019  SysCtlClockGet                
00001129  CANMessageGet                 
00001239  SysCtlClockSet                
0000132d  __aeabi_memcpy                
0000132d  __aeabi_memcpy4               
0000132d  __aeabi_memcpy8               
0000132d  memcpy                        
000013c9  CANBitRateSet                 
00001435  IntEnable                     
0000149d  __TI_decompress_lzss          
00001561  GPIOPinConfigure              
000015a9  UARTConfigSetExpClk           
000015f1  __TI_auto_init_nobinit_nopinit
00001635  CANInit                       
00001671  SysCtlPeripheralReady         
000016a9  IntRegister                   
000016dd  SysCtlPeripheralEnable        
00001711  _c_int00_noargs               
00001745  GPIODirModeSet                
00001799  IntPrioritySet                
000017e1  CANIntClear                   
00001803  CANIntStatus                  
00001825  UARTDisable                   
00001845  __TI_zero_init_nomemset       
00001861  CANIntRegister                
00001879  UARTEnable                    
0000188d  GPIOPinTypeCAN                
0000189f  GPIOPinTypeUART               
000018b1  __TI_decompress_none          
000018bf  ResetISR                      
000018cb  CANEnable                     
000018d5  UARTCharPut                   
000018df  CANIntEnable                  
000018e7  SysCtlDelay                   
000018ed  _system_pre_init              
000018f1  C$$EXIT                       
000018f1  abort                         
00001b20  __TI_Handler_Table_Base       
00001b2c  __TI_Handler_Table_Limit      
00001b48  __TI_CINIT_Base               
00001b60  __TI_CINIT_Limit              
20000000  __start___llvm_prf_cnts       
20000000  __stop___llvm_prf_cnts        
20000000  g_pfnRAMVectors               
20000270  __stack                       
20000470  __STACK_END                   
20000470  __STACK_TOP                   
20000470  rxMessage                     
20000484  rxMessage1                    
20000498  rxMessage2                    
200004ac  rxMessage3                    
200004c0  rxMessage4                    
200004d4  rxMessage5                    
200004e8  pwmData                       
200004ec  rxData                        
200004f0  ledBlinkTicks                 
200004f4  prevLedBlinkTicks             
200004f8  refreshTicks                  
200004fc  displayRefresh                
20000500  msTicks                       
20000504  timerSet                      
20000508  prevS                         
2000050c  prevMin                       
20000510  minCount                      
20000514  secCount                      
20000518  disp_state                    
2000051c  adcResult                     
20000520  prevAdcResult                 
20000524  adcDispTicks                  
20000528  prevAdcDispTicks              
2000052c  string_received               
20000530  rx_idx                        
20000534  state                         
20000538  g_bRXFlag                     
ffffffff  __TI_pprof_out_hndl           
ffffffff  __TI_prof_data_size           
ffffffff  __TI_prof_data_start          
ffffffff  __binit__                     
ffffffff  __c_args__                    
ffffffff  binit                         
UNDEFED   __mpu_init                    
UNDEFED   _system_post_cinit            

[100 symbols]
