******************************************************************************
                  TI ARM Linker PC v20.2.7                     
******************************************************************************
>> Linked Fri May  2 21:23:29 2025

OUTPUT FILE NAME:   <Miniproject_Emulator.out>
ENTRY POINT SYMBOL: "_c_int00_noargs"  address: 000015c1


MEMORY CONFIGURATION

         name            origin    length      used     unused   attr    fill
----------------------  --------  ---------  --------  --------  ----  --------
  FLASH                 00000000   00040000  00001b98  0003e468  R  X
  SRAM                  20000000   00008000  000004c4  00007b3c  RW X


SEGMENT ALLOCATION MAP

run origin  load origin   length   init length attrs members
----------  ----------- ---------- ----------- ----- -------
00000000    00000000    00001b98   00001b98    r-x
  00000000    00000000    0000026c   0000026c    r-- .intvecs
  0000026c    0000026c    000015c0   000015c0    r-x .text
  0000182c    0000182c    0000032c   0000032c    r-- .const
  00001b58    00001b58    00000040   00000040    r-- .cinit
20000000    20000000    000004cb   00000000    rw-
  20000000    20000000    0000026c   00000000    rw- .vtable
  20000270    20000270    00000200   00000000    rw- .stack
  20000470    20000470    00000049   00000000    rw- .bss
  200004bc    200004bc    0000000f   00000000    rw- .data


SECTION ALLOCATION MAP

 output                                  attributes/
section   page    origin      length       input sections
--------  ----  ----------  ----------   ----------------
.intvecs   0    00000000    0000026c     
                  00000000    0000026c     tm4c123gh6pm_startup_ccs.obj (.intvecs)

.text      0    0000026c    000015c0     
                  0000026c    000004d4     uart_enable.obj (.text)
                  00000740    0000031c     can_driver.obj (.text)
                  00000a5c    000002b8     main.obj (.text)
                  00000d14    00000136     driverlib.lib : can.obj (.text:CANMessageSet)
                  00000e4a    00000132                   : gpio.obj (.text:GPIOPadConfigSet)
                  00000f7c    00000110                   : sysctl.obj (.text:SysCtlClockGet)
                  0000108c    0000010e                   : can.obj (.text:CANMessageGet)
                  0000119a    0000009c     rtsv7M4_T_le_v4SPD16_eabi.lib : memcpy_t2.asm.obj (.text)
                  00001236    00000002     --HOLE-- [fill = 0]
                  00001238    0000006c     driverlib.lib : can.obj (.text:CANBitRateSet)
                  000012a4    00000068                   : interrupt.obj (.text:IntEnable)
                  0000130c    00000068     rtsv7M4_T_le_v4SPD16_eabi.lib : copy_decompress_lzss.c.obj (.text:decompress:lzss:__TI_decompress_lzss)
                  00001374    0000005c     driverlib.lib : can.obj (.text:_CANIntNumberGet)
                  000013d0    00000048                   : gpio.obj (.text:GPIOPinConfigure)
                  00001418    00000046                   : uart.obj (.text:UARTConfigSetExpClk)
                  0000145e    00000002     --HOLE-- [fill = 0]
                  00001460    00000044     rtsv7M4_T_le_v4SPD16_eabi.lib : autoinit.c.obj (.text:__TI_auto_init_nobinit_nopinit:__TI_auto_init_nobinit_nopinit)
                  000014a4    00000040     driverlib.lib : can.obj (.text:CANStatusGet)
                  000014e4    0000003a                   : can.obj (.text:CANInit)
                  0000151e    00000002     --HOLE-- [fill = 0]
                  00001520    00000038                   : sysctl.obj (.text:SysCtlPeripheralReady)
                  00001558    00000034                   : interrupt.obj (.text:IntRegister)
                  0000158c    00000034                   : sysctl.obj (.text:SysCtlPeripheralEnable)
                  000015c0    00000034     rtsv7M4_T_le_v4SPD16_eabi.lib : boot_cortex_m.c.obj (.text:_c_int00_noargs:_c_int00_noargs)
                  000015f4    0000002a     driverlib.lib : gpio.obj (.text:GPIODirModeSet)
                  0000161e    0000002a                   : can.obj (.text:_CANDataRegRead)
                  00001648    00000024                   : interrupt.obj (.text:IntPrioritySet)
                  0000166c    00000024                   : can.obj (.text:_CANDataRegWrite)
                  00001690    00000022                   : can.obj (.text:CANIntClear)
                  000016b2    00000020                   : can.obj (.text:CANIntStatus)
                  000016d2    00000002     --HOLE-- [fill = 0]
                  000016d4    00000020                   : uart.obj (.text:UARTDisable)
                  000016f4    0000001c     rtsv7M4_T_le_v4SPD16_eabi.lib : copy_zero_init.c.obj (.text:decompress:ZI:__TI_zero_init_nomemset:__TI_zero_init_nomemset)
                  00001710    0000001c     systick_enable.obj (.text)
                  0000172c    00000018     driverlib.lib : can.obj (.text:CANIntRegister)
                  00001744    00000018     rtsv7M4_T_le_v4SPD16_eabi.lib : strcmp.c.obj (.text:strcmp)
                  0000175c    00000014     driverlib.lib : systick.obj (.text:SysTickEnable)
                  00001770    00000014                   : systick.obj (.text:SysTickIntEnable)
                  00001784    00000014                   : uart.obj (.text:UARTEnable)
                  00001798    00000012                   : gpio.obj (.text:GPIOPinTypeCAN)
                  000017aa    00000012                   : gpio.obj (.text:GPIOPinTypeUART)
                  000017bc    00000010                   : systick.obj (.text:SysTickPeriodSet)
                  000017cc    00000010     rtsv7M4_T_le_v4SPD16_eabi.lib : isalnum.c.obj (.text:isalnum)
                  000017dc    0000000e                                   : copy_decompress_none.c.obj (.text:decompress:none:__TI_decompress_none)
                  000017ea    0000000c     tm4c123gh6pm_startup_ccs.obj (.text)
                  000017f6    0000000a     driverlib.lib : can.obj (.text:CANDisable)
                  00001800    0000000a                   : can.obj (.text:CANEnable)
                  0000180a    0000000a                   : uart.obj (.text:UARTCharPut)
                  00001814    00000008                   : can.obj (.text:CANIntEnable)
                  0000181c    00000008                   : uart.obj (.text:UARTIntEnable)
                  00001824    00000004     rtsv7M4_T_le_v4SPD16_eabi.lib : pre_init.c.obj (.text:_system_pre_init)
                  00001828    00000004                                   : exit.c.obj (.text:abort:abort)

.const     0    0000182c    0000032c     
                  0000182c    00000101     rtsv7M4_T_le_v4SPD16_eabi.lib : ctype.c.obj (.const:.string:_ctypes_)
                  0000192d    00000003     --HOLE-- [fill = 0]
                  00001930    0000009c     driverlib.lib : interrupt.obj (.const:g_pui32Regs)
                  000019cc    00000090                   : gpio.obj (.const:g_pui32GPIOBaseAddrs)
                  00001a5c    00000070                   : interrupt.obj (.const)
                  00001acc    0000006c                   : sysctl.obj (.const:g_pui32Xtals)
                  00001b38    00000020                   : can.obj (.const)

.cinit     0    00001b58    00000040     
                  00001b58    0000000c     (__TI_handler_table)
                  00001b64    00000004     --HOLE-- [fill = 0]
                  00001b68    00000008     (.cinit..bss.load) [load image, compression = zero_init]
                  00001b70    00000008     (.cinit..vtable.load) [load image, compression = zero_init]
                  00001b78    00000007     (.cinit..data.load) [load image, compression = lzss]
                  00001b7f    00000001     --HOLE-- [fill = 0]
                  00001b80    00000018     (__TI_cinit_table)

.init_array 
*          0    00000000    00000000     UNINITIALIZED

.vtable    0    20000000    0000026c     UNINITIALIZED
                  20000000    0000026c     driverlib.lib : interrupt.obj (.vtable)

.bss       0    20000470    00000049     UNINITIALIZED
                  20000470    00000014     (.common:rxMessage)
                  20000484    00000014     (.common:txMessage)
                  20000498    00000008     can_driver.obj (.bss:txData$6)
                  200004a0    00000008     (.common:rxData)
                  200004a8    00000008     (.common:txData)
                  200004b0    00000004     can_driver.obj (.bss)
                  200004b4    00000004     can_driver.obj (.bss:txData$5)
                  200004b8    00000001     (.common:mode)

.data      0    200004bc    0000000f     UNINITIALIZED
                  200004bc    0000000c     uart_enable.obj (.data)
                  200004c8    00000003     can_driver.obj (.data)

.stack     0    20000270    00000200     UNINITIALIZED
                  20000270    00000004     rtsv7M4_T_le_v4SPD16_eabi.lib : boot_cortex_m.c.obj (.stack)
                  20000274    000001fc     --HOLE--

__llvm_prf_cnts 
*          0    20000000    00000000     UNINITIALIZED

MODULE SUMMARY

       Module                         code   ro data   rw data
       ------                         ----   -------   -------
    .\
       uart_enable.obj                1236   0         12     
       can_driver.obj                 796    0         39     
       main.obj                       696    0         37     
       tm4c123gh6pm_startup_ccs.obj   12     620       0      
       systick_enable.obj             28     0         0      
    +--+------------------------------+------+---------+---------+
       Total:                         2768   620       88     
                                                              
    C:/ti/tivaware_c_series_2_1_4_178/driverlib/ccs/Debug/driverlib.lib
       can.obj                        1098   32        0      
       interrupt.obj                  192    268       620    
       gpio.obj                       456    144       0      
       sysctl.obj                     380    108       0      
       uart.obj                       140    0         0      
       systick.obj                    56     0         0      
    +--+------------------------------+------+---------+---------+
       Total:                         2322   552       620    
                                                              
    C:\ti\ccs1240\ccs\tools\compiler\ti-cgt-arm_20.2.7.LTS\lib\rtsv7M4_T_le_v4SPD16_eabi.lib
       ctype.c.obj                    0      257       0      
       memcpy_t2.asm.obj              156    0         0      
       copy_decompress_lzss.c.obj     104    0         0      
       autoinit.c.obj                 68     0         0      
       boot_cortex_m.c.obj            52     0         0      
       copy_zero_init.c.obj           28     0         0      
       strcmp.c.obj                   24     0         0      
       isalnum.c.obj                  16     0         0      
       copy_decompress_none.c.obj     14     0         0      
       exit.c.obj                     4      0         0      
       pre_init.c.obj                 4      0         0      
    +--+------------------------------+------+---------+---------+
       Total:                         470    257       0      
                                                              
       Stack:                         0      0         512    
       Linker Generated:              0      59        0      
    +--+------------------------------+------+---------+---------+
       Grand Total:                   5560   1488      1220   


LINKER GENERATED COPY TABLES

__TI_cinit_table @ 00001b80 records: 3, size/record: 8, table size: 24
	.bss: load addr=00001b68, load size=00000008 bytes, run addr=20000470, run size=00000049 bytes, compression=zero_init
	.vtable: load addr=00001b70, load size=00000008 bytes, run addr=20000000, run size=0000026c bytes, compression=zero_init
	.data: load addr=00001b78, load size=00000007 bytes, run addr=200004bc, run size=0000000f bytes, compression=lzss


LINKER GENERATED HANDLER TABLE

__TI_handler_table @ 00001b58 records: 3, size/record: 4, table size: 12
	index: 0, handler: __TI_zero_init
	index: 1, handler: __TI_decompress_lzss
	index: 2, handler: __TI_decompress_none


GLOBAL SYMBOLS: SORTED ALPHABETICALLY BY Name 

address   name                          
-------   ----                          
00001829  C$$EXIT                       
00000b87  CAN0_Handler                  
00001239  CANBitRateSet                 
000017f7  CANDisable                    
00001801  CANEnable                     
000014e5  CANInit                       
00001691  CANIntClear                   
00001815  CANIntEnable                  
0000172d  CANIntRegister                
000016b3  CANIntStatus                  
0000108d  CANMessageGet                 
00000d15  CANMessageSet                 
000014a5  CANStatusGet                  
00000741  CAN_Config                    
0000087f  CAN_PWM_Send                  
00000a9b  CAN_Response                  
000008c5  CAN_Set_RTC                   
0000084f  CAN_Timer_Pause               
000007b1  CAN_Timer_Set                 
000007ef  CAN_Timer_Start               
0000081f  CAN_Timer_Stop                
000015f5  GPIODirModeSet                
00000e4b  GPIOPadConfigSet              
000013d1  GPIOPinConfigure              
00001799  GPIOPinTypeCAN                
000017ab  GPIOPinTypeUART               
000012a5  IntEnable                     
00001649  IntPrioritySet                
00001559  IntRegister                   
00000c19  OBD_Parser                    
000017eb  ResetISR                      
00000c7b  Set_Data                      
00000f7d  SysCtlClockGet                
0000158d  SysCtlPeripheralEnable        
00001521  SysCtlPeripheralReady         
0000175d  SysTickEnable                 
00001771  SysTickIntEnable              
000017bd  SysTickPeriodSet              
00001711  SysTick_Init                  
0000171b  Systick_Interrupt_Enable      
000002a7  UART0_Int_Enable              
0000026d  UART0_init                    
0000180b  UARTCharPut                   
0000066f  UARTCharSend                  
00001419  UARTConfigSetExpClk           
000016d5  UARTDisable                   
00001785  UARTEnable                    
0000181d  UARTIntEnable                 
00000651  UARTSend                      
00000689  UARTSendHex                   
20000470  __STACK_END                   
00000200  __STACK_SIZE                  
20000470  __STACK_TOP                   
00001b80  __TI_CINIT_Base               
00001b98  __TI_CINIT_Limit              
00001b58  __TI_Handler_Table_Base       
00001b64  __TI_Handler_Table_Limit      
00001461  __TI_auto_init_nobinit_nopinit
0000130d  __TI_decompress_lzss          
000017dd  __TI_decompress_none          
ffffffff  __TI_pprof_out_hndl           
ffffffff  __TI_prof_data_size           
ffffffff  __TI_prof_data_start          
00000000  __TI_static_base__            
000016f5  __TI_zero_init_nomemset       
0000119b  __aeabi_memcpy                
0000119b  __aeabi_memcpy4               
0000119b  __aeabi_memcpy8               
ffffffff  __binit__                     
ffffffff  __c_args__                    
UNDEFED   __mpu_init                    
20000270  __stack                       
20000000  __start___llvm_prf_cnts       
20000000  __stop___llvm_prf_cnts        
000015c1  _c_int00_noargs               
0000182c  _ctypes_                      
UNDEFED   _system_post_cinit            
00001825  _system_pre_init              
00001829  abort                         
ffffffff  binit                         
00000319  extract_blinkrate_info        
20000000  g_pfnRAMVectors               
00000000  g_pfnVectors                  
000017cd  isalnum                       
00000a5d  main                          
0000119b  memcpy                        
200004b8  mode                          
000005bf  perform_action                
000002b9  removeNonAlphanumeric         
200004a0  rxData                        
20000470  rxMessage                     
00001745  strcmp                        
200004a8  txData                        
20000484  txMessage                     
00000415  upd_buffer                    


GLOBAL SYMBOLS: SORTED BY Symbol Address 

address   name                          
-------   ----                          
00000000  __TI_static_base__            
00000000  g_pfnVectors                  
00000200  __STACK_SIZE                  
0000026d  UART0_init                    
000002a7  UART0_Int_Enable              
000002b9  removeNonAlphanumeric         
00000319  extract_blinkrate_info        
00000415  upd_buffer                    
000005bf  perform_action                
00000651  UARTSend                      
0000066f  UARTCharSend                  
00000689  UARTSendHex                   
00000741  CAN_Config                    
000007b1  CAN_Timer_Set                 
000007ef  CAN_Timer_Start               
0000081f  CAN_Timer_Stop                
0000084f  CAN_Timer_Pause               
0000087f  CAN_PWM_Send                  
000008c5  CAN_Set_RTC                   
00000a5d  main                          
00000a9b  CAN_Response                  
00000b87  CAN0_Handler                  
00000c19  OBD_Parser                    
00000c7b  Set_Data                      
00000d15  CANMessageSet                 
00000e4b  GPIOPadConfigSet              
00000f7d  SysCtlClockGet                
0000108d  CANMessageGet                 
0000119b  __aeabi_memcpy                
0000119b  __aeabi_memcpy4               
0000119b  __aeabi_memcpy8               
0000119b  memcpy                        
00001239  CANBitRateSet                 
000012a5  IntEnable                     
0000130d  __TI_decompress_lzss          
000013d1  GPIOPinConfigure              
00001419  UARTConfigSetExpClk           
00001461  __TI_auto_init_nobinit_nopinit
000014a5  CANStatusGet                  
000014e5  CANInit                       
00001521  SysCtlPeripheralReady         
00001559  IntRegister                   
0000158d  SysCtlPeripheralEnable        
000015c1  _c_int00_noargs               
000015f5  GPIODirModeSet                
00001649  IntPrioritySet                
00001691  CANIntClear                   
000016b3  CANIntStatus                  
000016d5  UARTDisable                   
000016f5  __TI_zero_init_nomemset       
00001711  SysTick_Init                  
0000171b  Systick_Interrupt_Enable      
0000172d  CANIntRegister                
00001745  strcmp                        
0000175d  SysTickEnable                 
00001771  SysTickIntEnable              
00001785  UARTEnable                    
00001799  GPIOPinTypeCAN                
000017ab  GPIOPinTypeUART               
000017bd  SysTickPeriodSet              
000017cd  isalnum                       
000017dd  __TI_decompress_none          
000017eb  ResetISR                      
000017f7  CANDisable                    
00001801  CANEnable                     
0000180b  UARTCharPut                   
00001815  CANIntEnable                  
0000181d  UARTIntEnable                 
00001825  _system_pre_init              
00001829  C$$EXIT                       
00001829  abort                         
0000182c  _ctypes_                      
00001b58  __TI_Handler_Table_Base       
00001b64  __TI_Handler_Table_Limit      
00001b80  __TI_CINIT_Base               
00001b98  __TI_CINIT_Limit              
20000000  __start___llvm_prf_cnts       
20000000  __stop___llvm_prf_cnts        
20000000  g_pfnRAMVectors               
20000270  __stack                       
20000470  __STACK_END                   
20000470  __STACK_TOP                   
20000470  rxMessage                     
20000484  txMessage                     
200004a0  rxData                        
200004a8  txData                        
200004b8  mode                          
ffffffff  __TI_pprof_out_hndl           
ffffffff  __TI_prof_data_size           
ffffffff  __TI_prof_data_start          
ffffffff  __binit__                     
ffffffff  __c_args__                    
ffffffff  binit                         
UNDEFED   __mpu_init                    
UNDEFED   _system_post_cinit            

[95 symbols]
